Java HotSpot(TM) 64-Bit Server VM (25.111-b14) for windows-amd64 JRE (1.8.0_111-b14), built on Sep 22 2016 19:24:05 by "java_re" with MS VC++ 10.0 (VS2010)
Memory: 4k page, physical 15674836k(11331508k free), swap 16657876k(11949664k free)
CommandLine flags: -XX:InitialHeapSize=536870912 -XX:InitialTenuringThreshold=1 -XX:MaxHeapSize=536870912 -XX:MaxNewSize=1048576 -XX:MaxTenuringThreshold=1 -XX:NewSize=1048576 -XX:PretenureSizeThreshold=50 -XX:+PrintGC -XX:+PrintGCDetails -XX:+PrintGCTimeStamps -XX:+UseCompressedClassPointers -XX:+UseCompressedOops -XX:-UseLargePagesIndividualAllocation -XX:+UseSerialGC 
0.106: [GC (Allocation Failure) 0.107: [DefNew: 896K->64K(960K), 0.0013505 secs] 1025K->811K(524224K), 0.0014985 secs] [Times: user=0.00 sys=0.00, real=0.00 secs] 
0.115: [GC (Allocation Failure) 0.115: [DefNew: 960K->64K(960K), 0.0009197 secs] 1762K->1638K(524224K), 0.0009748 secs] [Times: user=0.00 sys=0.00, real=0.00 secs] 
0.119: [GC (Allocation Failure) 0.119: [DefNew: 960K->63K(960K), 0.0008433 secs] 2579K->2422K(524224K), 0.0008909 secs] [Times: user=0.00 sys=0.00, real=0.00 secs] 
0.123: [GC (Allocation Failure) 0.123: [DefNew: 959K->63K(960K), 0.0007547 secs] 3318K->3041K(524224K), 0.0007892 secs] [Times: user=0.00 sys=0.00, real=0.00 secs] 
0.129: [GC (Allocation Failure) 0.129: [DefNew: 959K->63K(960K), 0.0016485 secs] 3940K->3911K(524224K), 0.0017340 secs] [Times: user=0.00 sys=0.00, real=0.00 secs] 
0.137: [GC (Allocation Failure) 0.137: [DefNew: 959K->63K(960K), 0.0016402 secs] 4895K->4774K(524224K), 0.0017234 secs] [Times: user=0.00 sys=0.00, real=0.00 secs] 
0.142: [GC (Allocation Failure) 0.142: [DefNew: 959K->64K(960K), 0.0020088 secs] 5670K->5649K(524224K), 0.0020890 secs] [Times: user=0.00 sys=0.00, real=0.00 secs] 
0.147: [GC (Allocation Failure) 0.147: [DefNew: 960K->63K(960K), 0.0014760 secs] 6569K->6485K(524224K), 0.0015604 secs] [Times: user=0.00 sys=0.00, real=0.00 secs] 
0.150: [GC (Allocation Failure) 0.150: [DefNew: 959K->63K(960K), 0.0016887 secs] 7413K->7252K(524224K), 0.0017756 secs] [Times: user=0.00 sys=0.00, real=0.00 secs] 
0.157: [GC (Allocation Failure) 0.157: [DefNew: 959K->64K(960K), 0.0020944 secs] 8276K->8210K(524224K), 0.0021770 secs] [Times: user=0.00 sys=0.00, real=0.00 secs] 
0.161: [GC (Allocation Failure) 0.161: [DefNew: 960K->64K(960K), 0.0011170 secs] 9122K->8913K(524224K), 0.0011698 secs] [Times: user=0.00 sys=0.00, real=0.00 secs] 
0.165: [GC (Allocation Failure) 0.165: [DefNew: 960K->63K(960K), 0.0012305 secs] 9839K->9613K(524224K), 0.0012798 secs] [Times: user=0.00 sys=0.00, real=0.00 secs] 
0.169: [GC (Allocation Failure) 0.169: [DefNew: 959K->63K(960K), 0.0013009 secs] 10537K->10355K(524224K), 0.0013542 secs] [Times: user=0.00 sys=0.00, real=0.00 secs] 
0.172: [GC (Allocation Failure) 0.172: [DefNew: 959K->64K(960K), 0.0012083 secs] 11272K->11129K(524224K), 0.0012499 secs] [Times: user=0.00 sys=0.00, real=0.00 secs] 
0.176: [GC (Allocation Failure) 0.176: [DefNew: 960K->63K(960K), 0.0018515 secs] 12042K->11921K(524224K), 0.0019310 secs] [Times: user=0.00 sys=0.00, real=0.00 secs] 
0.180: [GC (Allocation Failure) 0.180: [DefNew: 959K->63K(960K), 0.0012148 secs] 12861K->12657K(524224K), 0.0012616 secs] [Times: user=0.00 sys=0.00, real=0.00 secs] 
0.184: [GC (Allocation Failure) 0.184: [DefNew: 959K->64K(960K), 0.0012818 secs] 13590K->13398K(524224K), 0.0013417 secs] [Times: user=0.00 sys=0.00, real=0.00 secs] 
0.187: [GC (Allocation Failure) 0.187: [DefNew: 960K->63K(960K), 0.0014823 secs] 14307K->14221K(524224K), 0.0015453 secs] [Times: user=0.00 sys=0.00, real=0.00 secs] 
0.195: [GC (Allocation Failure) 0.195: [DefNew: 959K->63K(960K), 0.0023658 secs] 15390K->15286K(524224K), 0.0024496 secs] [Times: user=0.00 sys=0.00, real=0.00 secs] 
0.201: [GC (Allocation Failure) 0.201: [DefNew: 959K->63K(960K), 0.0015461 secs] 16184K->16142K(524224K), 0.0016191 secs] [Times: user=0.00 sys=0.00, real=0.00 secs] 
0.204: [GC (Allocation Failure) 0.204: [DefNew: 959K->64K(960K), 0.0012225 secs] 17054K->16942K(524224K), 0.0012696 secs] [Times: user=0.00 sys=0.00, real=0.00 secs] 
0.207: [GC (Allocation Failure) 0.207: [DefNew: 960K->63K(960K), 0.0010771 secs] 17895K->17594K(524224K), 0.0011130 secs] [Times: user=0.00 sys=0.00, real=0.00 secs] 
0.210: [GC (Allocation Failure) 0.210: [DefNew: 959K->63K(960K), 0.0011880 secs] 18528K->18251K(524224K), 0.0012339 secs] [Times: user=0.00 sys=0.00, real=0.00 secs] 
0.214: [GC (Allocation Failure) 0.214: [DefNew: 959K->64K(960K), 0.0010589 secs] 19207K->18924K(524224K), 0.0010868 secs] [Times: user=0.00 sys=0.00, real=0.00 secs] 
0.217: [GC (Allocation Failure) 0.217: [DefNew: 960K->64K(960K), 0.0010865 secs] 19868K->19560K(524224K), 0.0011167 secs] [Times: user=0.00 sys=0.00, real=0.00 secs] 
0.219: [GC (Allocation Failure) 0.219: [DefNew: 960K->64K(960K), 0.0012907 secs] 20491K->20201K(524224K), 0.0013440 secs] [Times: user=0.00 sys=0.00, real=0.00 secs] 
0.223: [GC (Allocation Failure) 0.223: [DefNew: 960K->63K(960K), 0.0011644 secs] 21158K->20887K(524224K), 0.0011952 secs] [Times: user=0.00 sys=0.00, real=0.00 secs] 
0.225: [GC (Allocation Failure) 0.225: [DefNew: 959K->63K(960K), 0.0010617 secs] 21821K->21508K(524224K), 0.0010880 secs] [Times: user=0.00 sys=0.00, real=0.00 secs] 
0.228: [GC (Allocation Failure) 0.228: [DefNew: 959K->64K(960K), 0.0011735 secs] 22461K->22189K(524224K), 0.0012140 secs] [Times: user=0.00 sys=0.00, real=0.00 secs] 
0.231: [GC (Allocation Failure) 0.231: [DefNew: 960K->64K(960K), 0.0010962 secs] 23138K->22828K(524224K), 0.0011262 secs] [Times: user=0.00 sys=0.00, real=0.00 secs] 
0.233: [GC (Allocation Failure) 0.233: [DefNew: 960K->63K(960K), 0.0010894 secs] 23756K->23434K(524224K), 0.0011159 secs] [Times: user=0.02 sys=0.00, real=0.00 secs] 
0.236: [GC (Allocation Failure) 0.236: [DefNew: 959K->64K(960K), 0.0012844 secs] 24366K->24171K(524224K), 0.0013283 secs] [Times: user=0.00 sys=0.00, real=0.00 secs] 
0.240: [GC (Allocation Failure) 0.240: [DefNew: 960K->63K(960K), 0.0012151 secs] 25116K->24806K(524224K), 0.0012530 secs] [Times: user=0.00 sys=0.00, real=0.00 secs] 
0.242: [GC (Allocation Failure) 0.242: [DefNew: 959K->63K(960K), 0.0015390 secs] 25763K->25503K(524224K), 0.0015855 secs] [Times: user=0.00 sys=0.00, real=0.00 secs] 
0.246: [GC (Allocation Failure) 0.246: [DefNew: 959K->63K(960K), 0.0012915 secs] 26448K->26219K(524224K), 0.0013346 secs] [Times: user=0.00 sys=0.00, real=0.00 secs] 
0.248: [GC (Allocation Failure) 0.248: [DefNew: 959K->64K(960K), 0.0013029 secs] 27167K->26879K(524224K), 0.0013839 secs] [Times: user=0.00 sys=0.00, real=0.00 secs] 
0.252: [GC (Allocation Failure) 0.252: [DefNew: 960K->64K(960K), 0.0013987 secs] 27796K->27682K(524224K), 0.0014512 secs] [Times: user=0.00 sys=0.00, real=0.00 secs] 
0.256: [GC (Allocation Failure) 0.256: [DefNew: 960K->63K(960K), 0.0013483 secs] 28624K->28347K(524224K), 0.0013942 secs] [Times: user=0.00 sys=0.00, real=0.00 secs] 
0.258: [GC (Allocation Failure) 0.258: [DefNew: 959K->63K(960K), 0.0016841 secs] 29263K->28917K(524224K), 0.0017240 secs] [Times: user=0.00 sys=0.00, real=0.00 secs] 
0.263: [GC (Allocation Failure) 0.263: [DefNew: 959K->63K(960K), 0.0019604 secs] 30326K->29870K(524224K), 0.0020274 secs] [Times: user=0.00 sys=0.00, real=0.00 secs] 
0.267: [GC (Allocation Failure) 0.267: [DefNew: 959K->63K(960K), 0.0017309 secs] 30766K->30372K(524224K), 0.0017936 secs] [Times: user=0.00 sys=0.00, real=0.00 secs] 
0.271: [GC (Allocation Failure) 0.271: [DefNew: 959K->64K(960K), 0.0010985 secs] 31269K->30762K(524224K), 0.0011407 secs] [Times: user=0.00 sys=0.00, real=0.00 secs] 
0.273: [GC (Allocation Failure) 0.273: [DefNew: 960K->63K(960K), 0.0008316 secs] 31658K->31024K(524224K), 0.0008610 secs] [Times: user=0.00 sys=0.00, real=0.00 secs] 
0.276: [GC (Allocation Failure) 0.276: [DefNew: 959K->64K(960K), 0.0009078 secs] 31921K->31342K(524224K), 0.0009485 secs] [Times: user=0.00 sys=0.00, real=0.00 secs] 
0.279: [GC (Allocation Failure) 0.279: [DefNew: 960K->63K(960K), 0.0008239 secs] 32238K->31643K(524224K), 0.0008488 secs] [Times: user=0.00 sys=0.00, real=0.00 secs] 
0.281: [GC (Allocation Failure) 0.281: [DefNew: 959K->63K(960K), 0.0007786 secs] 32540K->31918K(524224K), 0.0008066 secs] [Times: user=0.00 sys=0.00, real=0.00 secs] 
0.283: [GC (Allocation Failure) 0.283: [DefNew: 959K->63K(960K), 0.0007729 secs] 32814K->32192K(524224K), 0.0007949 secs] [Times: user=0.00 sys=0.00, real=0.00 secs] 
0.285: [GC (Allocation Failure) 0.285: [DefNew: 959K->63K(960K), 0.0009716 secs] 33088K->32558K(524224K), 0.0010141 secs] [Times: user=0.00 sys=0.00, real=0.00 secs] 
0.288: [GC (Allocation Failure) 0.288: [DefNew: 959K->63K(960K), 0.0008904 secs] 33455K->32854K(524224K), 0.0009209 secs] [Times: user=0.00 sys=0.00, real=0.00 secs] 
0.290: [GC (Allocation Failure) 0.290: [DefNew: 959K->63K(960K), 0.0008507 secs] 33750K->33117K(524224K), 0.0008798 secs] [Times: user=0.00 sys=0.00, real=0.00 secs] 
0.294: [GC (Allocation Failure) 0.294: [DefNew: 959K->63K(960K), 0.0009939 secs] 34014K->33501K(524224K), 0.0010363 secs] [Times: user=0.00 sys=0.00, real=0.00 secs] 
0.297: [GC (Allocation Failure) 0.297: [DefNew: 959K->63K(960K), 0.0008978 secs] 34397K->33787K(524224K), 0.0009234 secs] [Times: user=0.00 sys=0.00, real=0.00 secs] 
0.299: [GC (Allocation Failure) 0.299: [DefNew: 959K->64K(960K), 0.0007943 secs] 34683K->34048K(524224K), 0.0008208 secs] [Times: user=0.00 sys=0.00, real=0.00 secs] 
0.302: [GC (Allocation Failure) 0.302: [DefNew: 960K->64K(960K), 0.0010016 secs] 34945K->34460K(524224K), 0.0010426 secs] [Times: user=0.00 sys=0.00, real=0.00 secs] 
0.304: [GC (Allocation Failure) 0.304: [DefNew: 960K->64K(960K), 0.0009311 secs] 35357K->34766K(524224K), 0.0009551 secs] [Times: user=0.00 sys=0.00, real=0.00 secs] 
0.307: [GC (Allocation Failure) 0.307: [DefNew: 960K->63K(960K), 0.0009457 secs] 35662K->35077K(524224K), 0.0009776 secs] [Times: user=0.00 sys=0.00, real=0.00 secs] 
0.309: [GC (Allocation Failure) 0.309: [DefNew: 959K->63K(960K), 0.0008362 secs] 35973K->35364K(524224K), 0.0008667 secs] [Times: user=0.00 sys=0.00, real=0.00 secs] 
0.313: [GC (Allocation Failure) 0.313: [DefNew: 959K->63K(960K), 0.0009927 secs] 36261K->35674K(524224K), 0.0010378 secs] [Times: user=0.00 sys=0.00, real=0.00 secs] 
0.315: [GC (Allocation Failure) 0.315: [DefNew: 959K->63K(960K), 0.0009297 secs] 36571K->35995K(524224K), 0.0009594 secs] [Times: user=0.00 sys=0.00, real=0.00 secs] 
0.318: [GC (Allocation Failure) 0.318: [DefNew: 959K->63K(960K), 0.0010706 secs] 36891K->36414K(524224K), 0.0011128 secs] [Times: user=0.00 sys=0.00, real=0.00 secs] 
0.321: [GC (Allocation Failure) 0.321: [DefNew: 959K->64K(960K), 0.0009118 secs] 37310K->36708K(524224K), 0.0009351 secs] [Times: user=0.00 sys=0.00, real=0.00 secs] 
0.323: [GC (Allocation Failure) 0.323: [DefNew: 960K->63K(960K), 0.0007803 secs] 37605K->36974K(524224K), 0.0008026 secs] [Times: user=0.00 sys=0.00, real=0.00 secs] 
0.325: [GC (Allocation Failure) 0.325: [DefNew: 959K->63K(960K), 0.0007726 secs] 37871K->37238K(524224K), 0.0007946 secs] [Times: user=0.00 sys=0.00, real=0.00 secs] 
0.328: [GC (Allocation Failure) 0.328: [DefNew: 959K->64K(960K), 0.0010096 secs] 38135K->37574K(524224K), 0.0010617 secs] [Times: user=0.00 sys=0.00, real=0.00 secs] 
0.331: [GC (Allocation Failure) 0.331: [DefNew: 960K->63K(960K), 0.0010851 secs] 38470K->37967K(524224K), 0.0011270 secs] [Times: user=0.00 sys=0.00, real=0.00 secs] 
0.334: [GC (Allocation Failure) 0.334: [DefNew: 959K->63K(960K), 0.0009608 secs] 38864K->38278K(524224K), 0.0009973 secs] [Times: user=0.00 sys=0.00, real=0.00 secs] 
0.337: [GC (Allocation Failure) 0.337: [DefNew: 959K->64K(960K), 0.0008482 secs] 39174K->38577K(524224K), 0.0008721 secs] [Times: user=0.00 sys=0.00, real=0.00 secs] 
0.340: [GC (Allocation Failure) 0.340: [DefNew: 960K->63K(960K), 0.0007527 secs] 39473K->38844K(524224K), 0.0007735 secs] [Times: user=0.00 sys=0.00, real=0.00 secs] 
0.342: [GC (Allocation Failure) 0.342: [DefNew: 959K->63K(960K), 0.0011130 secs] 39759K->39325K(524224K), 0.0011493 secs] [Times: user=0.00 sys=0.00, real=0.00 secs] 
0.346: [GC (Allocation Failure) 0.346: [DefNew: 959K->64K(960K), 0.0012710 secs] 40246K->39859K(524224K), 0.0013172 secs] [Times: user=0.00 sys=0.00, real=0.00 secs] 
0.348: [GC (Allocation Failure) 0.348: [DefNew: 960K->63K(960K), 0.0009651 secs] 40794K->40144K(524224K), 0.0009910 secs] [Times: user=0.00 sys=0.00, real=0.00 secs] 
0.352: [GC (Allocation Failure) 0.352: [DefNew: 959K->63K(960K), 0.0008995 secs] 41065K->40449K(524224K), 0.0009363 secs] [Times: user=0.00 sys=0.00, real=0.00 secs] 
0.355: [GC (Allocation Failure) 0.355: [DefNew: 959K->64K(960K), 0.0008698 secs] 41379K->40751K(524224K), 0.0008961 secs] [Times: user=0.00 sys=0.00, real=0.00 secs] 
0.357: [GC (Allocation Failure) 0.357: [DefNew: 960K->63K(960K), 0.0008046 secs] 41683K->41037K(524224K), 0.0008265 secs] [Times: user=0.00 sys=0.00, real=0.00 secs] 
0.360: [GC (Allocation Failure) 0.360: [DefNew: 959K->63K(960K), 0.0011484 secs] 41946K->41431K(524224K), 0.0012040 secs] [Times: user=0.00 sys=0.00, real=0.00 secs] 
0.362: [GC (Allocation Failure) 0.362: [DefNew: 959K->63K(960K), 0.0010985 secs] 42338K->41809K(524224K), 0.0011336 secs] [Times: user=0.00 sys=0.00, real=0.00 secs] 
0.366: [GC (Allocation Failure) 0.366: [DefNew: 959K->63K(960K), 0.0010358 secs] 42729K->42119K(524224K), 0.0010686 secs] [Times: user=0.00 sys=0.00, real=0.00 secs] 
0.369: [GC (Allocation Failure) 0.369: [DefNew: 959K->64K(960K), 0.0009728 secs] 43033K->42465K(524224K), 0.0010016 secs] [Times: user=0.00 sys=0.00, real=0.00 secs] 
0.371: [GC (Allocation Failure) 0.371: [DefNew: 960K->63K(960K), 0.0009132 secs] 43391K->42766K(524224K), 0.0009468 secs] [Times: user=0.00 sys=0.00, real=0.00 secs] 
0.376: [GC (Allocation Failure) 0.376: [DefNew: 959K->64K(960K), 0.0011122 secs] 43691K->43115K(524224K), 0.0012145 secs] [Times: user=0.00 sys=0.00, real=0.00 secs] 
0.377: [GC (Allocation Failure) 0.377: [DefNew: 960K->63K(960K), 0.0012582 secs] 44021K->43505K(524224K), 0.0012986 secs] [Times: user=0.00 sys=0.00, real=0.00 secs] 
0.380: [GC (Allocation Failure) 0.380: [DefNew: 959K->63K(960K), 0.0010757 secs] 44411K->43862K(524224K), 0.0011148 secs] [Times: user=0.00 sys=0.00, real=0.00 secs] 
0.384: [GC (Allocation Failure) 0.384: [DefNew: 959K->63K(960K), 0.0009753 secs] 44775K->44175K(524224K), 0.0010087 secs] [Times: user=0.00 sys=0.00, real=0.00 secs] 
0.386: [GC (Allocation Failure) 0.386: [DefNew: 959K->64K(960K), 0.0008299 secs] 45109K->44455K(524224K), 0.0008533 secs] [Times: user=0.00 sys=0.00, real=0.00 secs] 
0.389: [GC (Allocation Failure) 0.389: [DefNew: 960K->63K(960K), 0.0008066 secs] 45392K->44735K(524224K), 0.0008282 secs] [Times: user=0.00 sys=0.00, real=0.00 secs] 
0.393: [GC (Allocation Failure) 0.393: [DefNew: 959K->63K(960K), 0.0014768 secs] 45659K->45287K(524224K), 0.0015361 secs] [Times: user=0.00 sys=0.00, real=0.00 secs] 
0.398: [GC (Allocation Failure) 0.398: [DefNew: 959K->64K(960K), 0.0011119 secs] 46206K->45611K(524224K), 0.0011390 secs] [Times: user=0.00 sys=0.00, real=0.00 secs] 
0.402: [GC (Allocation Failure) 0.402: [DefNew: 960K->64K(960K), 0.0009922 secs] 46539K->45911K(524224K), 0.0010255 secs] [Times: user=0.00 sys=0.00, real=0.00 secs] 
0.404: [GC (Allocation Failure) 0.404: [DefNew: 960K->63K(960K), 0.0009158 secs] 46834K->46218K(524224K), 0.0009426 secs] [Times: user=0.00 sys=0.00, real=0.00 secs] 
0.407: [GC (Allocation Failure) 0.407: [DefNew: 959K->64K(960K), 0.0012060 secs] 47117K->46640K(524224K), 0.0012468 secs] [Times: user=0.00 sys=0.00, real=0.00 secs] 
0.409: [GC (Allocation Failure) 0.409: [DefNew: 960K->63K(960K), 0.0015906 secs] 47547K->47092K(524224K), 0.0017029 secs] [Times: user=0.00 sys=0.00, real=0.00 secs] 
0.414: [GC (Allocation Failure) 0.414: [DefNew: 959K->63K(960K), 0.0010053 secs] 48005K->47387K(524224K), 0.0010324 secs] [Times: user=0.00 sys=0.00, real=0.00 secs] 
0.417: [GC (Allocation Failure) 0.417: [DefNew: 959K->64K(960K), 0.0010252 secs] 48302K->47707K(524224K), 0.0010614 secs] [Times: user=0.00 sys=0.00, real=0.00 secs] 
0.419: [GC (Allocation Failure) 0.419: [DefNew: 960K->64K(960K), 0.0009930 secs] 48625K->48023K(524224K), 0.0010201 secs] [Times: user=0.00 sys=0.00, real=0.00 secs] 
0.423: [GC (Allocation Failure) 0.423: [DefNew: 960K->63K(960K), 0.0009979 secs] 48942K->48324K(524224K), 0.0010783 secs] [Times: user=0.00 sys=0.00, real=0.00 secs] 
0.427: [GC (Allocation Failure) 0.427: [DefNew: 959K->64K(960K), 0.0011384 secs] 49227K->48717K(524224K), 0.0011846 secs] [Times: user=0.00 sys=0.00, real=0.00 secs] 
0.429: [GC (Allocation Failure) 0.429: [DefNew: 960K->63K(960K), 0.0010557 secs] 49621K->49050K(524224K), 0.0010922 secs] [Times: user=0.00 sys=0.00, real=0.00 secs] 
0.433: [GC (Allocation Failure) 0.433: [DefNew: 959K->64K(960K), 0.0009292 secs] 49969K->49336K(524224K), 0.0009571 secs] [Times: user=0.00 sys=0.00, real=0.00 secs] 
0.436: [GC (Allocation Failure) 0.436: [DefNew: 960K->64K(960K), 0.0009289 secs] 50246K->49649K(524224K), 0.0009582 secs] [Times: user=0.00 sys=0.00, real=0.00 secs] 
0.440: [GC (Allocation Failure) 0.440: [DefNew: 960K->63K(960K), 0.0014255 secs] 50565K->49985K(524224K), 0.0014837 secs] [Times: user=0.00 sys=0.00, real=0.00 secs] 
0.442: [GC (Allocation Failure) 0.442: [DefNew: 959K->64K(960K), 0.0014532 secs] 50885K->50409K(524224K), 0.0015008 secs] [Times: user=0.00 sys=0.00, real=0.00 secs] 
0.445: [GC (Allocation Failure) 0.445: [DefNew: 960K->64K(960K), 0.0012234 secs] 51312K->50824K(524224K), 0.0012619 secs] [Times: user=0.00 sys=0.00, real=0.00 secs] 
0.448: [GC (Allocation Failure) 0.448: [DefNew: 960K->64K(960K), 0.0009585 secs] 51738K->51105K(524224K), 0.0009822 secs] [Times: user=0.00 sys=0.00, real=0.00 secs] 
0.450: [GC (Allocation Failure) 0.450: [DefNew: 960K->64K(960K), 0.0008718 secs] 52020K->51402K(524224K), 0.0008989 secs] [Times: user=0.00 sys=0.00, real=0.00 secs] 
0.453: [GC (Allocation Failure) 0.453: [DefNew: 960K->63K(960K), 0.0011210 secs] 52315K->51709K(524224K), 0.0011612 secs] [Times: user=0.00 sys=0.00, real=0.00 secs] 
0.455: [GC (Allocation Failure) 0.455: [DefNew: 959K->63K(960K), 0.0009879 secs] 52622K->52023K(524224K), 0.0010147 secs] [Times: user=0.00 sys=0.00, real=0.00 secs] 
0.458: [GC (Allocation Failure) 0.458: [DefNew: 959K->63K(960K), 0.0010392 secs] 52935K->52335K(524224K), 0.0011438 secs] [Times: user=0.00 sys=0.00, real=0.00 secs] 
0.461: [GC (Allocation Failure) 0.461: [DefNew: 959K->64K(960K), 0.0012371 secs] 53239K->52782K(524224K), 0.0012736 secs] [Times: user=0.00 sys=0.00, real=0.00 secs] 
0.464: [GC (Allocation Failure) 0.464: [DefNew: 960K->64K(960K), 0.0010837 secs] 53686K->53106K(524224K), 0.0011185 secs] [Times: user=0.00 sys=0.00, real=0.00 secs] 
0.468: [GC (Allocation Failure) 0.468: [DefNew: 960K->63K(960K), 0.0009038 secs] 54014K->53405K(524224K), 0.0009292 secs] [Times: user=0.02 sys=0.00, real=0.00 secs] 
0.470: [GC (Allocation Failure) 0.470: [DefNew: 959K->63K(960K), 0.0011247 secs] 54313K->53758K(524224K), 0.0011601 secs] [Times: user=0.00 sys=0.00, real=0.00 secs] 
0.473: [GC (Allocation Failure) 0.473: [DefNew: 959K->64K(960K), 0.0010837 secs] 54666K->54085K(524224K), 0.0011210 secs] [Times: user=0.00 sys=0.00, real=0.00 secs] 
0.476: [GC (Allocation Failure) 0.476: [DefNew: 960K->64K(960K), 0.0013286 secs] 54999K->54593K(524224K), 0.0013802 secs] [Times: user=0.00 sys=0.00, real=0.00 secs] 
0.479: [GC (Allocation Failure) 0.479: [DefNew: 960K->63K(960K), 0.0011330 secs] 55505K->54908K(524224K), 0.0011621 secs] [Times: user=0.00 sys=0.00, real=0.00 secs] 
0.482: [GC (Allocation Failure) 0.482: [DefNew: 959K->64K(960K), 0.0009665 secs] 55825K->55210K(524224K), 0.0009916 secs] [Times: user=0.00 sys=0.00, real=0.00 secs] 
0.484: [GC (Allocation Failure) 0.484: [DefNew: 960K->64K(960K), 0.0009745 secs] 56130K->55521K(524224K), 0.0009984 secs] [Times: user=0.00 sys=0.00, real=0.00 secs] 
0.487: [GC (Allocation Failure) 0.487: [DefNew: 960K->63K(960K), 0.0009163 secs] 56448K->55820K(524224K), 0.0009403 secs] [Times: user=0.00 sys=0.00, real=0.00 secs] 
0.490: [GC (Allocation Failure) 0.490: [DefNew: 959K->63K(960K), 0.0009568 secs] 56741K->56126K(524224K), 0.0009899 secs] [Times: user=0.00 sys=0.00, real=0.00 secs] 
0.492: [GC (Allocation Failure) 0.492: [DefNew: 959K->63K(960K), 0.0014609 secs] 57047K->56611K(524224K), 0.0015307 secs] [Times: user=0.00 sys=0.00, real=0.00 secs] 
0.496: [GC (Allocation Failure) 0.496: [DefNew: 959K->63K(960K), 0.0014301 secs] 57518K->57166K(524224K), 0.0014717 secs] [Times: user=0.00 sys=0.00, real=0.00 secs] 
0.498: [GC (Allocation Failure) 0.498: [DefNew: 959K->64K(960K), 0.0011321 secs] 58088K->57473K(524224K), 0.0011569 secs] [Times: user=0.00 sys=0.00, real=0.00 secs] 
0.506: [GC (Allocation Failure) 0.506: [DefNew: 960K->64K(960K), 0.0029922 secs] 59409K->58922K(524224K), 0.0030543 secs] [Times: user=0.00 sys=0.00, real=0.00 secs] 
0.511: [GC (Allocation Failure) 0.511: [DefNew: 960K->63K(960K), 0.0012305 secs] 59825K->59327K(524224K), 0.0012750 secs] [Times: user=0.00 sys=0.00, real=0.00 secs] 
0.513: [GC (Allocation Failure) 0.513: [DefNew: 959K->64K(960K), 0.0009639 secs] 60251K->59603K(524224K), 0.0009933 secs] [Times: user=0.00 sys=0.00, real=0.00 secs] 
0.516: [GC (Allocation Failure) 0.516: [DefNew: 960K->63K(960K), 0.0009970 secs] 60509K->59950K(524224K), 0.0010289 secs] [Times: user=0.00 sys=0.00, real=0.00 secs] 
0.518: [GC (Allocation Failure) 0.518: [DefNew: 959K->63K(960K), 0.0010803 secs] 60862K->60257K(524224K), 0.0011190 secs] [Times: user=0.00 sys=0.00, real=0.00 secs] 
0.521: [GC (Allocation Failure) 0.521: [DefNew: 959K->63K(960K), 0.0010763 secs] 61161K->60601K(524224K), 0.0011125 secs] [Times: user=0.00 sys=0.00, real=0.00 secs] 
0.525: [GC (Allocation Failure) 0.525: [DefNew: 959K->63K(960K), 0.0009651 secs] 61521K->60882K(524224K), 0.0009947 secs] [Times: user=0.00 sys=0.00, real=0.00 secs] 
0.528: [GC (Allocation Failure) 0.528: [DefNew: 959K->63K(960K), 0.0008527 secs] 61798K->61180K(524224K), 0.0008813 secs] [Times: user=0.00 sys=0.00, real=0.00 secs] 
0.531: [GC (Allocation Failure) 0.531: [DefNew: 959K->63K(960K), 0.0008667 secs] 62102K->61468K(524224K), 0.0008904 secs] [Times: user=0.00 sys=0.00, real=0.00 secs] 
0.533: [GC (Allocation Failure) 0.533: [DefNew: 959K->64K(960K), 0.0008402 secs] 62394K->61771K(524224K), 0.0008644 secs] [Times: user=0.00 sys=0.00, real=0.00 secs] 
0.537: [GC (Allocation Failure) 0.537: [DefNew: 960K->63K(960K), 0.0010284 secs] 62683K->62109K(524224K), 0.0010691 secs] [Times: user=0.00 sys=0.00, real=0.00 secs] 
0.540: [GC (Allocation Failure) 0.540: [DefNew: 959K->63K(960K), 0.0009240 secs] 63036K->62409K(524224K), 0.0009554 secs] [Times: user=0.00 sys=0.00, real=0.00 secs] 
0.542: [GC (Allocation Failure) 0.542: [DefNew: 959K->63K(960K), 0.0010954 secs] 63332K->62736K(524224K), 0.0011373 secs] [Times: user=0.00 sys=0.00, real=0.00 secs] 
0.545: [GC (Allocation Failure) 0.545: [DefNew: 959K->63K(960K), 0.0015150 secs] 63637K->63112K(524224K), 0.0015470 secs] [Times: user=0.02 sys=0.00, real=0.00 secs] 
0.547: [GC (Allocation Failure) 0.547: [DefNew: 959K->63K(960K), 0.0010096 secs] 64023K->63401K(524224K), 0.0010361 secs] [Times: user=0.00 sys=0.00, real=0.00 secs] 
0.551: [GC (Allocation Failure) 0.551: [DefNew: 959K->64K(960K), 0.0008661 secs] 64323K->63677K(524224K), 0.0008898 secs] [Times: user=0.00 sys=0.00, real=0.00 secs] 
0.555: [GC (Allocation Failure) 0.555: [DefNew: 960K->63K(960K), 0.0008348 secs] 64603K->63957K(524224K), 0.0008576 secs] [Times: user=0.00 sys=0.00, real=0.00 secs] 
0.558: [GC (Allocation Failure) 0.558: [DefNew: 959K->63K(960K), 0.0010552 secs] 64864K->64334K(524224K), 0.0010962 secs] [Times: user=0.00 sys=0.00, real=0.00 secs] 
0.561: [GC (Allocation Failure) 0.561: [DefNew: 959K->63K(960K), 0.0011433 secs] 65236K->64708K(524224K), 0.0011846 secs] [Times: user=0.00 sys=0.00, real=0.00 secs] 
0.563: [GC (Allocation Failure) 0.563: [DefNew: 959K->63K(960K), 0.0012314 secs] 65617K->65119K(524224K), 0.0012835 secs] [Times: user=0.00 sys=0.00, real=0.00 secs] 
0.567: [GC (Allocation Failure) 0.567: [DefNew: 959K->64K(960K), 0.0010435 secs] 66031K->65425K(524224K), 0.0010694 secs] [Times: user=0.00 sys=0.00, real=0.00 secs] 
0.570: [GC (Allocation Failure) 0.570: [DefNew: 960K->63K(960K), 0.0008992 secs] 66351K->65708K(524224K), 0.0009306 secs] [Times: user=0.00 sys=0.00, real=0.00 secs] 
0.572: [GC (Allocation Failure) 0.572: [DefNew: 959K->64K(960K), 0.0009688 secs] 66624K->66026K(524224K), 0.0010027 secs] [Times: user=0.00 sys=0.00, real=0.00 secs] 
0.575: [GC (Allocation Failure) 0.575: [DefNew: 960K->64K(960K), 0.0011119 secs] 66949K->66349K(524224K), 0.0011450 secs] [Times: user=0.00 sys=0.00, real=0.00 secs] 
0.578: [GC (Allocation Failure) 0.578: [DefNew: 960K->64K(960K), 0.0010007 secs] 67268K->66664K(524224K), 0.0010321 secs] [Times: user=0.00 sys=0.00, real=0.00 secs] 
0.580: [GC (Allocation Failure) 0.580: [DefNew: 960K->63K(960K), 0.0009545 secs] 67594K->66957K(524224K), 0.0009785 secs] [Times: user=0.00 sys=0.00, real=0.00 secs] 
0.583: [GC (Allocation Failure) 0.583: [DefNew: 959K->64K(960K), 0.0011666 secs] 67872K->67292K(524224K), 0.0012071 secs] [Times: user=0.00 sys=0.00, real=0.00 secs] 
0.585: [GC (Allocation Failure) 0.585: [DefNew: 960K->63K(960K), 0.0010081 secs] 68207K->67624K(524224K), 0.0010401 secs] [Times: user=0.00 sys=0.00, real=0.00 secs] 
0.589: [GC (Allocation Failure) 0.589: [DefNew: 959K->63K(960K), 0.0009249 secs] 68553K->67915K(524224K), 0.0009505 secs] [Times: user=0.00 sys=0.00, real=0.00 secs] 
0.593: [GC (Allocation Failure) 0.593: [DefNew: 959K->64K(960K), 0.0009269 secs] 68839K->68225K(524224K), 0.0009605 secs] [Times: user=0.01 sys=0.00, real=0.00 secs] 
0.595: [GC (Allocation Failure) 0.595: [DefNew: 960K->63K(960K), 0.0012180 secs] 69135K->68681K(524224K), 0.0012630 secs] [Times: user=0.00 sys=0.00, real=0.00 secs] 
0.599: [GC (Allocation Failure) 0.599: [DefNew: 959K->63K(960K), 0.0010937 secs] 69606K->68989K(524224K), 0.0011202 secs] [Times: user=0.00 sys=0.00, real=0.00 secs] 
0.601: [GC (Allocation Failure) 0.601: [DefNew: 959K->64K(960K), 0.0009428 secs] 69918K->69285K(524224K), 0.0009674 secs] [Times: user=0.00 sys=0.00, real=0.00 secs] 
0.604: [GC (Allocation Failure) 0.604: [DefNew: 960K->63K(960K), 0.0008556 secs] 70216K->69577K(524224K), 0.0008801 secs] [Times: user=0.00 sys=0.00, real=0.00 secs] 
0.608: [GC (Allocation Failure) 0.608: [DefNew: 959K->63K(960K), 0.0008257 secs] 70507K->69868K(524224K), 0.0008490 secs] [Times: user=0.00 sys=0.00, real=0.00 secs] 
0.610: [GC (Allocation Failure) 0.610: [DefNew: 959K->63K(960K), 0.0008824 secs] 70796K->70163K(524224K), 0.0009061 secs] [Times: user=0.00 sys=0.00, real=0.00 secs] 
0.614: [GC (Allocation Failure) 0.614: [DefNew: 959K->63K(960K), 0.0010426 secs] 71077K->70515K(524224K), 0.0010811 secs] [Times: user=0.00 sys=0.00, real=0.00 secs] 
0.617: [GC (Allocation Failure) 0.617: [DefNew: 959K->63K(960K), 0.0009406 secs] 71438K->70820K(524224K), 0.0009654 secs] [Times: user=0.00 sys=0.00, real=0.00 secs] 
0.619: [GC (Allocation Failure) 0.619: [DefNew: 959K->64K(960K), 0.0008596 secs] 71751K->71104K(524224K), 0.0008904 secs] [Times: user=0.00 sys=0.00, real=0.00 secs] 
0.623: [GC (Allocation Failure) 0.623: [DefNew: 960K->63K(960K), 0.0009477 secs] 72026K->71423K(524224K), 0.0009759 secs] [Times: user=0.00 sys=0.00, real=0.00 secs] 
0.625: [GC (Allocation Failure) 0.625: [DefNew: 959K->63K(960K), 0.0011068 secs] 72343K->71758K(524224K), 0.0011393 secs] [Times: user=0.00 sys=0.00, real=0.00 secs] 
0.630: [GC (Allocation Failure) 0.630: [DefNew: 959K->63K(960K), 0.0009560 secs] 72681K->72063K(524224K), 0.0009853 secs] [Times: user=0.00 sys=0.00, real=0.00 secs] 
0.633: [GC (Allocation Failure) 0.633: [DefNew: 959K->63K(960K), 0.0008259 secs] 72996K->72347K(524224K), 0.0008479 secs] [Times: user=0.00 sys=0.00, real=0.00 secs] 
0.636: [GC (Allocation Failure) 0.636: [DefNew: 959K->63K(960K), 0.0009568 secs] 73269K->72663K(524224K), 0.0009873 secs] [Times: user=0.00 sys=0.00, real=0.00 secs] 
0.639: [GC (Allocation Failure) 0.639: [DefNew: 959K->63K(960K), 0.0009340 secs] 73591K->72954K(524224K), 0.0009619 secs] [Times: user=0.01 sys=0.00, real=0.00 secs] 
0.642: [GC (Allocation Failure) 0.642: [DefNew: 959K->63K(960K), 0.0008875 secs] 73882K->73249K(524224K), 0.0009166 secs] [Times: user=0.00 sys=0.00, real=0.00 secs] 
0.644: [GC (Allocation Failure) 0.644: [DefNew: 959K->64K(960K), 0.0011835 secs] 74168K->73573K(524224K), 0.0012368 secs] [Times: user=0.00 sys=0.00, real=0.00 secs] 
0.648: [GC (Allocation Failure) 0.648: [DefNew: 960K->63K(960K), 0.0011410 secs] 74482K->73956K(524224K), 0.0011826 secs] [Times: user=0.00 sys=0.00, real=0.00 secs] 
0.650: [GC (Allocation Failure) 0.650: [DefNew: 959K->63K(960K), 0.0010292 secs] 74875K->74269K(524224K), 0.0010543 secs] [Times: user=0.00 sys=0.00, real=0.00 secs] 
0.653: [GC (Allocation Failure) 0.653: [DefNew: 959K->64K(960K), 0.0009126 secs] 75200K->74563K(524224K), 0.0009380 secs] [Times: user=0.00 sys=0.00, real=0.00 secs] 
0.657: [GC (Allocation Failure) 0.658: [DefNew: 960K->63K(960K), 0.0010409 secs] 75477K->74922K(524224K), 0.0010754 secs] [Times: user=0.00 sys=0.00, real=0.00 secs] 
0.660: [GC (Allocation Failure) 0.660: [DefNew: 959K->63K(960K), 0.0013320 secs] 75845K->75269K(524224K), 0.0013694 secs] [Times: user=0.00 sys=0.00, real=0.00 secs] 
0.663: [GC (Allocation Failure) 0.663: [DefNew: 959K->63K(960K), 0.0011575 secs] 76181K->75606K(524224K), 0.0011886 secs] [Times: user=0.00 sys=0.00, real=0.00 secs] 
0.665: [GC (Allocation Failure) 0.665: [DefNew: 959K->63K(960K), 0.0010104 secs] 76521K->75931K(524224K), 0.0010361 secs] [Times: user=0.00 sys=0.00, real=0.00 secs] 
0.668: [GC (Allocation Failure) 0.668: [DefNew: 959K->64K(960K), 0.0009902 secs] 76844K->76266K(524224K), 0.0010153 secs] [Times: user=0.00 sys=0.00, real=0.00 secs] 
0.671: [GC (Allocation Failure) 0.671: [DefNew: 960K->63K(960K), 0.0010027 secs] 77188K->76577K(524224K), 0.0010281 secs] [Times: user=0.00 sys=0.00, real=0.00 secs] 
0.673: [GC (Allocation Failure) 0.673: [DefNew: 959K->63K(960K), 0.0009508 secs] 77500K->76890K(524224K), 0.0009719 secs] [Times: user=0.00 sys=0.00, real=0.00 secs] 
0.677: [GC (Allocation Failure) 0.677: [DefNew: 959K->63K(960K), 0.0012205 secs] 77799K->77273K(524224K), 0.0012676 secs] [Times: user=0.00 sys=0.00, real=0.00 secs] 
0.679: [GC (Allocation Failure) 0.679: [DefNew: 959K->63K(960K), 0.0011327 secs] 78188K->77628K(524224K), 0.0011609 secs] [Times: user=0.00 sys=0.00, real=0.00 secs] 
0.682: [GC (Allocation Failure) 0.682: [DefNew: 959K->63K(960K), 0.0010255 secs] 78554K->77932K(524224K), 0.0010500 secs] [Times: user=0.00 sys=0.00, real=0.00 secs] 
0.686: [GC (Allocation Failure) 0.686: [DefNew: 959K->63K(960K), 0.0010127 secs] 78860K->78231K(524224K), 0.0010409 secs] [Times: user=0.00 sys=0.01, real=0.00 secs] 
0.689: [GC (Allocation Failure) 0.689: [DefNew: 959K->63K(960K), 0.0011786 secs] 79143K->78604K(524224K), 0.0012262 secs] [Times: user=0.00 sys=0.00, real=0.00 secs] 
0.691: [GC (Allocation Failure) 0.691: [DefNew: 959K->63K(960K), 0.0012097 secs] 79517K->78939K(524224K), 0.0012450 secs] [Times: user=0.00 sys=0.00, real=0.00 secs] 
0.694: [GC (Allocation Failure) 0.694: [DefNew: 959K->64K(960K), 0.0010067 secs] 79860K->79247K(524224K), 0.0010401 secs] [Times: user=0.00 sys=0.00, real=0.00 secs] 
0.697: [GC (Allocation Failure) 0.697: [DefNew: 960K->63K(960K), 0.0012145 secs] 80153K->79653K(524224K), 0.0012550 secs] [Times: user=0.00 sys=0.00, real=0.00 secs] 
0.700: [GC (Allocation Failure) 0.700: [DefNew: 959K->63K(960K), 0.0010746 secs] 80571K->79962K(524224K), 0.0011033 secs] [Times: user=0.00 sys=0.00, real=0.00 secs] 
0.702: [GC (Allocation Failure) 0.702: [DefNew: 959K->64K(960K), 0.0010153 secs] 80880K->80277K(524224K), 0.0010412 secs] [Times: user=0.02 sys=0.00, real=0.00 secs] 
0.706: [GC (Allocation Failure) 0.706: [DefNew: 960K->64K(960K), 0.0012046 secs] 81192K->80630K(524224K), 0.0012382 secs] [Times: user=0.00 sys=0.00, real=0.00 secs] 
0.708: [GC (Allocation Failure) 0.708: [DefNew: 960K->64K(960K), 0.0010962 secs] 81542K->80965K(524224K), 0.0011273 secs] [Times: user=0.00 sys=0.00, real=0.00 secs] 
0.712: [GC (Allocation Failure) 0.712: [DefNew: 960K->63K(960K), 0.0011404 secs] 81879K->81284K(524224K), 0.0011729 secs] [Times: user=0.00 sys=0.00, real=0.00 secs] 
0.715: [GC (Allocation Failure) 0.715: [DefNew: 959K->63K(960K), 0.0009733 secs] 82204K->81592K(524224K), 0.0010030 secs] [Times: user=0.00 sys=0.00, real=0.00 secs] 
0.718: [GC (Allocation Failure) 0.718: [DefNew: 959K->63K(960K), 0.0010147 secs] 82509K->81921K(524224K), 0.0010429 secs] [Times: user=0.00 sys=0.02, real=0.00 secs] 
0.722: [GC (Allocation Failure) 0.722: [DefNew: 959K->63K(960K), 0.0011969 secs] 82843K->82270K(524224K), 0.0012436 secs] [Times: user=0.00 sys=0.00, real=0.00 secs] 
0.724: [GC (Allocation Failure) 0.724: [DefNew: 959K->63K(960K), 0.0011247 secs] 83180K->82628K(524224K), 0.0011572 secs] [Times: user=0.00 sys=0.00, real=0.00 secs] 
0.727: [GC (Allocation Failure) 0.727: [DefNew: 959K->63K(960K), 0.0010566 secs] 83535K->82967K(524224K), 0.0010825 secs] [Times: user=0.00 sys=0.00, real=0.00 secs] 
0.730: [GC (Allocation Failure) 0.730: [DefNew: 959K->63K(960K), 0.0010586 secs] 83872K->83312K(524224K), 0.0010908 secs] [Times: user=0.00 sys=0.00, real=0.00 secs] 
0.732: [GC (Allocation Failure) 0.732: [DefNew: 959K->63K(960K), 0.0009876 secs] 84225K->83622K(524224K), 0.0010064 secs] [Times: user=0.00 sys=0.00, real=0.00 secs] 
0.735: [GC (Allocation Failure) 0.735: [DefNew: 959K->63K(960K), 0.0009656 secs] 84536K->83917K(524224K), 0.0009910 secs] [Times: user=0.00 sys=0.00, real=0.00 secs] 
0.737: [GC (Allocation Failure) 0.737: [DefNew: 959K->63K(960K), 0.0011880 secs] 84820K->84301K(524224K), 0.0012202 secs] [Times: user=0.00 sys=0.00, real=0.00 secs] 
0.740: [GC (Allocation Failure) 0.740: [DefNew: 959K->63K(960K), 0.0011176 secs] 85206K->84632K(524224K), 0.0011441 secs] [Times: user=0.00 sys=0.00, real=0.00 secs] 
0.743: [GC (Allocation Failure) 0.743: [DefNew: 959K->63K(960K), 0.0010369 secs] 85543K->84939K(524224K), 0.0010677 secs] [Times: user=0.00 sys=0.00, real=0.00 secs] 
0.746: [GC (Allocation Failure) 0.746: [DefNew: 959K->63K(960K), 0.0012944 secs] 85844K->85332K(524224K), 0.0013417 secs] [Times: user=0.00 sys=0.00, real=0.00 secs] 
0.750: [GC (Allocation Failure) 0.750: [DefNew: 959K->64K(960K), 0.0011259 secs] 86237K->85683K(524224K), 0.0011541 secs] [Times: user=0.00 sys=0.00, real=0.00 secs] 
0.752: [GC (Allocation Failure) 0.752: [DefNew: 960K->63K(960K), 0.0015646 secs] 86588K->86058K(524224K), 0.0016105 secs] [Times: user=0.00 sys=0.00, real=0.00 secs] 
0.755: [GC (Allocation Failure) 0.755: [DefNew: 959K->64K(960K), 0.0012513 secs] 86956K->86456K(524224K), 0.0012841 secs] [Times: user=0.00 sys=0.00, real=0.00 secs] 
0.758: [GC (Allocation Failure) 0.758: [DefNew: 960K->63K(960K), 0.0012553 secs] 87367K->86755K(524224K), 0.0012907 secs] [Times: user=0.00 sys=0.00, real=0.00 secs] 
0.761: [GC (Allocation Failure) 0.761: [DefNew: 959K->64K(960K), 0.0010660 secs] 87654K->87105K(524224K), 0.0010951 secs] [Times: user=0.00 sys=0.00, real=0.00 secs] 
0.764: [GC (Allocation Failure) 0.764: [DefNew: 960K->63K(960K), 0.0011036 secs] 88007K->87420K(524224K), 0.0011310 secs] [Times: user=0.00 sys=0.00, real=0.00 secs] 
0.766: [GC (Allocation Failure) 0.766: [DefNew: 959K->63K(960K), 0.0010996 secs] 88322K->87696K(524224K), 0.0011324 secs] [Times: user=0.00 sys=0.00, real=0.00 secs] 
0.769: [GC (Allocation Failure) 0.769: [DefNew: 959K->64K(960K), 0.0010486 secs] 88595K->88044K(524224K), 0.0010783 secs] [Times: user=0.00 sys=0.00, real=0.00 secs] 
0.771: [GC (Allocation Failure) 0.771: [DefNew: 960K->63K(960K), 0.0010104 secs] 88945K->88342K(524224K), 0.0010346 secs] [Times: user=0.00 sys=0.00, real=0.00 secs] 
0.774: [GC (Allocation Failure) 0.774: [DefNew: 959K->63K(960K), 0.0010649 secs] 89239K->88671K(524224K), 0.0010976 secs] [Times: user=0.00 sys=0.00, real=0.00 secs] 
0.777: [GC (Allocation Failure) 0.777: [DefNew: 959K->64K(960K), 0.0011900 secs] 89573K->89073K(524224K), 0.0012285 secs] [Times: user=0.00 sys=0.00, real=0.00 secs] 
0.779: [GC (Allocation Failure) 0.779: [DefNew: 960K->64K(960K), 0.0010711 secs] 89977K->89358K(524224K), 0.0010974 secs] [Times: user=0.00 sys=0.00, real=0.00 secs] 
0.783: [GC (Allocation Failure) 0.783: [DefNew: 960K->63K(960K), 0.0009143 secs] 90261K->89650K(524224K), 0.0009374 secs] [Times: user=0.00 sys=0.00, real=0.00 secs] 
0.785: [GC (Allocation Failure) 0.785: [DefNew: 959K->64K(960K), 0.0011532 secs] 90554K->89986K(524224K), 0.0011900 secs] [Times: user=0.00 sys=0.00, real=0.00 secs] 
0.788: [GC (Allocation Failure) 0.788: [DefNew: 960K->63K(960K), 0.0011721 secs] 90891K->90364K(524224K), 0.0011971 secs] [Times: user=0.00 sys=0.00, real=0.00 secs] 
0.791: [GC (Allocation Failure) 0.791: [DefNew: 959K->64K(960K), 0.0010007 secs] 91270K->90669K(524224K), 0.0010255 secs] [Times: user=0.00 sys=0.00, real=0.00 secs] 
0.793: [GC (Allocation Failure) 0.793: [DefNew: 960K->64K(960K), 0.0011359 secs] 91572K->91037K(524224K), 0.0011695 secs] [Times: user=0.00 sys=0.00, real=0.00 secs] 
0.797: [GC (Allocation Failure) 0.797: [DefNew: 960K->64K(960K), 0.0012493 secs] 91934K->91396K(524224K), 0.0012850 secs] [Times: user=0.00 sys=0.00, real=0.00 secs] 
0.800: [GC (Allocation Failure) 0.800: [DefNew: 960K->64K(960K), 0.0011247 secs] 92297K->91744K(524224K), 0.0011490 secs] [Times: user=0.00 sys=0.00, real=0.00 secs] 
0.804: [GC (Allocation Failure) 0.804: [DefNew: 960K->64K(960K), 0.0014110 secs] 92653K->92145K(524224K), 0.0014612 secs] [Times: user=0.00 sys=0.00, real=0.00 secs] 
0.806: [GC (Allocation Failure) 0.806: [DefNew: 960K->63K(960K), 0.0014167 secs] 93046K->92576K(524224K), 0.0014517 secs] [Times: user=0.00 sys=0.00, real=0.00 secs] 
0.811: [GC (Allocation Failure) 0.811: [DefNew: 959K->64K(960K), 0.0012556 secs] 93477K->92925K(524224K), 0.0012878 secs] [Times: user=0.00 sys=0.00, real=0.00 secs] 
0.814: [GC (Allocation Failure) 0.814: [DefNew: 960K->64K(960K), 0.0013237 secs] 93825K->93311K(524224K), 0.0013662 secs] [Times: user=0.00 sys=0.00, real=0.00 secs] 
0.816: [GC (Allocation Failure) 0.816: [DefNew: 960K->64K(960K), 0.0012111 secs] 94212K->93645K(524224K), 0.0012436 secs] [Times: user=0.00 sys=0.00, real=0.00 secs] 
0.820: [GC (Allocation Failure) 0.820: [DefNew: 960K->63K(960K), 0.0012197 secs] 94544K->94020K(524224K), 0.0012499 secs] [Times: user=0.00 sys=0.00, real=0.00 secs] 
0.822: [GC (Allocation Failure) 0.822: [DefNew: 959K->64K(960K), 0.0011028 secs] 94922K->94336K(524224K), 0.0011276 secs] [Times: user=0.00 sys=0.00, real=0.00 secs] 
0.825: [GC (Allocation Failure) 0.825: [DefNew: 960K->64K(960K), 0.0011359 secs] 95239K->94646K(524224K), 0.0012217 secs] [Times: user=0.00 sys=0.00, real=0.00 secs] 
0.827: [GC (Allocation Failure) 0.827: [DefNew: 960K->64K(960K), 0.0011624 secs] 95549K->95047K(524224K), 0.0011917 secs] [Times: user=0.02 sys=0.00, real=0.00 secs] 
0.830: [GC (Allocation Failure) 0.830: [DefNew: 960K->63K(960K), 0.0010577 secs] 95951K->95356K(524224K), 0.0010840 secs] [Times: user=0.00 sys=0.00, real=0.00 secs] 
0.834: [GC (Allocation Failure) 0.834: [DefNew: 959K->64K(960K), 0.0011738 secs] 96261K->95655K(524224K), 0.0012134 secs] [Times: user=0.00 sys=0.00, real=0.00 secs] 
0.836: [GC (Allocation Failure) 0.836: [DefNew: 960K->63K(960K), 0.0009879 secs] 96555K->95983K(524224K), 0.0010172 secs] [Times: user=0.00 sys=0.00, real=0.00 secs] 
0.840: [GC (Allocation Failure) 0.840: [DefNew: 959K->63K(960K), 0.0010309 secs] 96882K->96308K(524224K), 0.0010560 secs] [Times: user=0.00 sys=0.00, real=0.00 secs] 
0.842: [GC (Allocation Failure) 0.842: [DefNew: 959K->63K(960K), 0.0010406 secs] 97207K->96611K(524224K), 0.0010643 secs] [Times: user=0.02 sys=0.00, real=0.00 secs] 
0.846: [GC (Allocation Failure) 0.846: [DefNew: 959K->63K(960K), 0.0009799 secs] 97510K->96921K(524224K), 0.0010070 secs] [Times: user=0.00 sys=0.00, real=0.00 secs] 
0.850: [GC (Allocation Failure) 0.850: [DefNew: 959K->64K(960K), 0.0011319 secs] 97821K->97221K(524224K), 0.0011689 secs] [Times: user=0.00 sys=0.00, real=0.00 secs] 
0.852: [GC (Allocation Failure) 0.852: [DefNew: 960K->63K(960K), 0.0011242 secs] 98120K->97560K(524224K), 0.0011598 secs] [Times: user=0.00 sys=0.00, real=0.00 secs] 
0.855: [GC (Allocation Failure) 0.855: [DefNew: 959K->63K(960K), 0.0010495 secs] 98459K->97861K(524224K), 0.0010740 secs] [Times: user=0.00 sys=0.00, real=0.00 secs] 
0.858: [GC (Allocation Failure) 0.858: [DefNew: 959K->63K(960K), 0.0010001 secs] 98758K->98166K(524224K), 0.0010249 secs] [Times: user=0.00 sys=0.00, real=0.00 secs] 
0.861: [GC (Allocation Failure) 0.861: [DefNew: 959K->64K(960K), 0.0011193 secs] 99066K->98465K(524224K), 0.0011507 secs] [Times: user=0.00 sys=0.00, real=0.00 secs] 
0.863: [GC (Allocation Failure) 0.863: [DefNew: 960K->63K(960K), 0.0010569 secs] 99365K->98779K(524224K), 0.0010857 secs] [Times: user=0.00 sys=0.00, real=0.00 secs] 
0.866: [GC (Allocation Failure) 0.866: [DefNew: 959K->64K(960K), 0.0011153 secs] 99686K->99153K(524224K), 0.0011421 secs] [Times: user=0.00 sys=0.00, real=0.00 secs] 
0.869: [GC (Allocation Failure) 0.869: [DefNew: 960K->63K(960K), 0.0010860 secs] 100056K->99481K(524224K), 0.0011091 secs] [Times: user=0.00 sys=0.00, real=0.00 secs] 
0.871: [GC (Allocation Failure) 0.871: [DefNew: 959K->63K(960K), 0.0009882 secs] 100386K->99770K(524224K), 0.0010096 secs] [Times: user=0.00 sys=0.00, real=0.00 secs] 
0.874: [GC (Allocation Failure) 0.874: [DefNew: 959K->63K(960K), 0.0010021 secs] 100678K->100082K(524224K), 0.0010284 secs] [Times: user=0.02 sys=0.00, real=0.00 secs] 
0.876: [GC (Allocation Failure) 0.876: [DefNew: 959K->63K(960K), 0.0013748 secs] 100981K->100497K(524224K), 0.0014164 secs] [Times: user=0.00 sys=0.00, real=0.00 secs] 
0.879: [GC (Allocation Failure) 0.879: [DefNew: 959K->63K(960K), 0.0012205 secs] 101396K->100863K(524224K), 0.0012510 secs] [Times: user=0.00 sys=0.00, real=0.00 secs] 
0.882: [GC (Allocation Failure) 0.882: [DefNew: 959K->63K(960K), 0.0010606 secs] 101766K->101178K(524224K), 0.0010877 secs] [Times: user=0.00 sys=0.00, real=0.00 secs] 
0.884: [GC (Allocation Failure) 0.884: [DefNew: 959K->64K(960K), 0.0009520 secs] 102081K->101471K(524224K), 0.0009776 secs] [Times: user=0.00 sys=0.00, real=0.00 secs] 
0.887: [GC (Allocation Failure) 0.887: [DefNew: 960K->63K(960K), 0.0009716 secs] 102372K->101761K(524224K), 0.0009944 secs] [Times: user=0.00 sys=0.00, real=0.00 secs] 
0.889: [GC (Allocation Failure) 0.889: [DefNew: 959K->63K(960K), 0.0009773 secs] 102663K->102061K(524224K), 0.0009993 secs] [Times: user=0.02 sys=0.00, real=0.00 secs] 
0.892: [GC (Allocation Failure) 0.892: [DefNew: 959K->63K(960K), 0.0012345 secs] 102972K->102456K(524224K), 0.0012661 secs] [Times: user=0.00 sys=0.00, real=0.00 secs] 
0.895: [GC (Allocation Failure) 0.895: [DefNew: 959K->63K(960K), 0.0012311 secs] 103356K->102787K(524224K), 0.0012661 secs] [Times: user=0.00 sys=0.00, real=0.00 secs] 
0.898: [GC (Allocation Failure) 0.898: [DefNew: 959K->64K(960K), 0.0015062 secs] 103712K->103329K(524224K), 0.0015538 secs] [Times: user=0.00 sys=0.00, real=0.00 secs] 
0.901: [GC (Allocation Failure) 0.901: [DefNew: 960K->64K(960K), 0.0013426 secs] 104226K->103684K(524224K), 0.0013753 secs] [Times: user=0.00 sys=0.00, real=0.00 secs] 
0.903: [GC (Allocation Failure) 0.903: [DefNew: 960K->64K(960K), 0.0010144 secs] 104585K->104004K(524224K), 0.0010401 secs] [Times: user=0.00 sys=0.00, real=0.00 secs] 
0.906: [GC (Allocation Failure) 0.906: [DefNew: 960K->63K(960K), 0.0009904 secs] 104910K->104305K(524224K), 0.0010153 secs] [Times: user=0.00 sys=0.00, real=0.00 secs] 
0.908: [GC (Allocation Failure) 0.908: [DefNew: 959K->64K(960K), 0.0010241 secs] 105210K->104600K(524224K), 0.0010517 secs] [Times: user=0.00 sys=0.00, real=0.00 secs] 
0.912: [GC (Allocation Failure) 0.912: [DefNew: 960K->64K(960K), 0.0011840 secs] 105501K->104950K(524224K), 0.0012185 secs] [Times: user=0.00 sys=0.00, real=0.00 secs] 
0.915: [GC (Allocation Failure) 0.915: [DefNew: 960K->63K(960K), 0.0010597 secs] 105850K->105280K(524224K), 0.0010837 secs] [Times: user=0.00 sys=0.00, real=0.00 secs] 
0.917: [GC (Allocation Failure) 0.917: [DefNew: 959K->64K(960K), 0.0011051 secs] 106185K->105634K(524224K), 0.0011364 secs] [Times: user=0.00 sys=0.00, real=0.00 secs] 
0.920: [GC (Allocation Failure) 0.920: [DefNew: 960K->64K(960K), 0.0010398 secs] 106539K->105940K(524224K), 0.0010640 secs] [Times: user=0.01 sys=0.00, real=0.00 secs] 
0.922: [GC (Allocation Failure) 0.922: [DefNew: 960K->64K(960K), 0.0009896 secs] 106846K->106242K(524224K), 0.0010170 secs] [Times: user=0.00 sys=0.00, real=0.00 secs] 
0.926: [GC (Allocation Failure) 0.926: [DefNew: 960K->63K(960K), 0.0013688 secs] 107148K->106670K(524224K), 0.0014469 secs] [Times: user=0.00 sys=0.00, real=0.00 secs] 
0.929: [GC (Allocation Failure) 0.929: [DefNew: 959K->64K(960K), 0.0012972 secs] 107571K->107045K(524224K), 0.0013257 secs] [Times: user=0.00 sys=0.00, real=0.00 secs] 
0.931: [GC (Allocation Failure) 0.931: [DefNew: 960K->63K(960K), 0.0011336 secs] 107945K->107385K(524224K), 0.0011584 secs] [Times: user=0.00 sys=0.00, real=0.00 secs] 
0.935: [GC (Allocation Failure) 0.935: [DefNew: 959K->63K(960K), 0.0010229 secs] 108289K->107695K(524224K), 0.0010466 secs] [Times: user=0.00 sys=0.00, real=0.00 secs] 
0.937: [GC (Allocation Failure) 0.937: [DefNew: 959K->63K(960K), 0.0013522 secs] 108601K->108079K(524224K), 0.0013893 secs] [Times: user=0.00 sys=0.00, real=0.00 secs] 
0.941: [GC (Allocation Failure) 0.941: [DefNew: 959K->63K(960K), 0.0012188 secs] 108977K->108441K(524224K), 0.0012450 secs] [Times: user=0.00 sys=0.00, real=0.00 secs] 
0.944: [GC (Allocation Failure) 0.944: [DefNew: 959K->64K(960K), 0.0012217 secs] 109342K->108810K(524224K), 0.0012482 secs] [Times: user=0.00 sys=0.00, real=0.00 secs] 
0.947: [GC (Allocation Failure) 0.947: [DefNew: 960K->64K(960K), 0.0011627 secs] 109710K->109163K(524224K), 0.0011883 secs] [Times: user=0.00 sys=0.00, real=0.00 secs] 
0.950: [GC (Allocation Failure) 0.950: [DefNew: 960K->63K(960K), 0.0010831 secs] 110061K->109484K(524224K), 0.0011122 secs] [Times: user=0.00 sys=0.00, real=0.00 secs] 
0.952: [GC (Allocation Failure) 0.952: [DefNew: 959K->63K(960K), 0.0010446 secs] 110380K->109798K(524224K), 0.0010703 secs] [Times: user=0.02 sys=0.00, real=0.00 secs] 
0.955: [GC (Allocation Failure) 0.955: [DefNew: 959K->64K(960K), 0.0010406 secs] 110695K->110108K(524224K), 0.0010643 secs] [Times: user=0.00 sys=0.00, real=0.00 secs] 
0.957: [GC (Allocation Failure) 0.957: [DefNew: 960K->64K(960K), 0.0011110 secs] 111009K->110418K(524224K), 0.0011359 secs] [Times: user=0.00 sys=0.00, real=0.00 secs] 
0.961: [GC (Allocation Failure) 0.961: [DefNew: 960K->63K(960K), 0.0012094 secs] 111319K->110799K(524224K), 0.0012391 secs] [Times: user=0.00 sys=0.00, real=0.00 secs] 
0.963: [GC (Allocation Failure) 0.963: [DefNew: 959K->63K(960K), 0.0012294 secs] 111700K->111161K(524224K), 0.0012550 secs] [Times: user=0.00 sys=0.00, real=0.00 secs] 
0.966: [GC (Allocation Failure) 0.966: [DefNew: 959K->63K(960K), 0.0012245 secs] 112068K->111555K(524224K), 0.0012499 secs] [Times: user=0.00 sys=0.00, real=0.00 secs] 
0.970: [GC (Allocation Failure) 0.970: [DefNew: 959K->63K(960K), 0.0014093 secs] 112462K->111997K(524224K), 0.0014418 secs] [Times: user=0.00 sys=0.00, real=0.00 secs] 
0.972: [GC (Allocation Failure) 0.972: [DefNew: 959K->63K(960K), 0.0012359 secs] 112902K->112348K(524224K), 0.0012613 secs] [Times: user=0.00 sys=0.00, real=0.00 secs] 
0.975: [GC (Allocation Failure) 0.975: [DefNew: 959K->64K(960K), 0.0011065 secs] 113259K->112666K(524224K), 0.0011301 secs] [Times: user=0.00 sys=0.00, real=0.00 secs] 
0.977: [GC (Allocation Failure) 0.977: [DefNew: 960K->63K(960K), 0.0011048 secs] 113578K->113030K(524224K), 0.0011282 secs] [Times: user=0.00 sys=0.00, real=0.00 secs] 
0.982: [GC (Allocation Failure) 0.982: [DefNew: 959K->63K(960K), 0.0010643 secs] 113939K->113359K(524224K), 0.0010862 secs] [Times: user=0.00 sys=0.00, real=0.00 secs] 
0.985: [GC (Allocation Failure) 0.985: [DefNew: 959K->63K(960K), 0.0010153 secs] 114275K->113683K(524224K), 0.0010361 secs] [Times: user=0.00 sys=0.00, real=0.00 secs] 
0.987: [GC (Allocation Failure) 0.987: [DefNew: 959K->63K(960K), 0.0012311 secs] 114592K->114043K(524224K), 0.0012653 secs] [Times: user=0.00 sys=0.00, real=0.00 secs] 
0.991: [GC (Allocation Failure) 0.991: [DefNew: 959K->64K(960K), 0.0012083 secs] 114944K->114428K(524224K), 0.0012362 secs] [Times: user=0.00 sys=0.00, real=0.00 secs] 
0.993: [GC (Allocation Failure) 0.993: [DefNew: 960K->63K(960K), 0.0011558 secs] 115333K->114773K(524224K), 0.0011832 secs] [Times: user=0.00 sys=0.00, real=0.00 secs] 
1.003: [GC (Allocation Failure) 1.003: [DefNew: 959K->63K(960K), 0.0050497 secs] 117727K->117249K(524224K), 0.0051284 secs] [Times: user=0.00 sys=0.00, real=0.00 secs] 
1.009: [GC (Allocation Failure) 1.009: [DefNew: 959K->64K(960K), 0.0017465 secs] 118152K->117596K(524224K), 0.0017882 secs] [Times: user=0.00 sys=0.00, real=0.00 secs] 
1.012: [GC (Allocation Failure) 1.012: [DefNew: 960K->63K(960K), 0.0011820 secs] 118496K->117955K(524224K), 0.0012128 secs] [Times: user=0.00 sys=0.00, real=0.00 secs] 
1.016: [GC (Allocation Failure) 1.016: [DefNew: 959K->63K(960K), 0.0011339 secs] 118860K->118242K(524224K), 0.0011706 secs] [Times: user=0.00 sys=0.00, real=0.00 secs] 
1.018: [GC (Allocation Failure) 1.018: [DefNew: 959K->64K(960K), 0.0010141 secs] 119146K->118549K(524224K), 0.0010440 secs] [Times: user=0.00 sys=0.00, real=0.00 secs] 
1.021: [GC (Allocation Failure) 1.021: [DefNew: 960K->63K(960K), 0.0009588 secs] 119455K->118835K(524224K), 0.0009828 secs] [Times: user=0.00 sys=0.00, real=0.00 secs] 
1.025: [GC (Allocation Failure) 1.025: [DefNew: 959K->63K(960K), 0.0008542 secs] 119750K->119103K(524224K), 0.0008810 secs] [Times: user=0.00 sys=0.00, real=0.00 secs] 
1.027: [GC (Allocation Failure) 1.027: [DefNew: 959K->63K(960K), 0.0011912 secs] 120006K->119482K(524224K), 0.0012322 secs] [Times: user=0.00 sys=0.00, real=0.00 secs] 
1.030: [GC (Allocation Failure) 1.030: [DefNew: 959K->64K(960K), 0.0011056 secs] 120390K->119777K(524224K), 0.0011341 secs] [Times: user=0.02 sys=0.00, real=0.00 secs] 
1.032: [GC (Allocation Failure) 1.032: [DefNew: 960K->64K(960K), 0.0009400 secs] 120694K->120062K(524224K), 0.0009668 secs] [Times: user=0.00 sys=0.00, real=0.00 secs] 
1.036: [GC (Allocation Failure) 1.036: [DefNew: 960K->64K(960K), 0.0011014 secs] 120966K->120429K(524224K), 0.0011384 secs] [Times: user=0.00 sys=0.00, real=0.00 secs] 
1.038: [GC (Allocation Failure) 1.038: [DefNew: 960K->63K(960K), 0.0011247 secs] 121337K->120741K(524224K), 0.0011515 secs] [Times: user=0.00 sys=0.00, real=0.00 secs] 
1.041: [GC (Allocation Failure) 1.041: [DefNew: 959K->64K(960K), 0.0009873 secs] 121657K->121033K(524224K), 0.0010098 secs] [Times: user=0.00 sys=0.00, real=0.00 secs] 
1.044: [GC (Allocation Failure) 1.045: [DefNew: 960K->64K(960K), 0.0010486 secs] 121940K->121382K(524224K), 0.0010763 secs] [Times: user=0.00 sys=0.00, real=0.00 secs] 
1.047: [GC (Allocation Failure) 1.047: [DefNew: 960K->63K(960K), 0.0010592 secs] 122296K->121683K(524224K), 0.0010848 secs] [Times: user=0.00 sys=0.00, real=0.00 secs] 
1.050: [GC (Allocation Failure) 1.050: [DefNew: 959K->63K(960K), 0.0009668 secs] 122605K->121985K(524224K), 0.0009899 secs] [Times: user=0.00 sys=0.00, real=0.00 secs] 
1.052: [GC (Allocation Failure) 1.052: [DefNew: 959K->63K(960K), 0.0009263 secs] 122911K->122267K(524224K), 0.0009485 secs] [Times: user=0.00 sys=0.00, real=0.00 secs] 
1.055: [GC (Allocation Failure) 1.055: [DefNew: 959K->63K(960K), 0.0010939 secs] 123188K->122595K(524224K), 0.0011290 secs] [Times: user=0.00 sys=0.00, real=0.00 secs] 
1.058: [GC (Allocation Failure) 1.058: [DefNew: 959K->63K(960K), 0.0010392 secs] 123514K->122909K(524224K), 0.0010711 secs] [Times: user=0.00 sys=0.00, real=0.00 secs] 
1.060: [GC (Allocation Failure) 1.060: [DefNew: 959K->63K(960K), 0.0010161 secs] 123830K->123227K(524224K), 0.0010409 secs] [Times: user=0.00 sys=0.00, real=0.00 secs] 
1.063: [GC (Allocation Failure) 1.063: [DefNew: 959K->63K(960K), 0.0010734 secs] 124152K->123533K(524224K), 0.0011022 secs] [Times: user=0.00 sys=0.00, real=0.00 secs] 
1.067: [GC (Allocation Failure) 1.067: [DefNew: 959K->64K(960K), 0.0012619 secs] 124443K->123945K(524224K), 0.0012932 secs] [Times: user=0.00 sys=0.00, real=0.00 secs] 
1.069: [GC (Allocation Failure) 1.069: [DefNew: 960K->64K(960K), 0.0011775 secs] 124863K->124264K(524224K), 0.0012020 secs] [Times: user=0.00 sys=0.00, real=0.00 secs] 
1.072: [GC (Allocation Failure) 1.072: [DefNew: 960K->64K(960K), 0.0009796 secs] 125185K->124578K(524224K), 0.0010047 secs] [Times: user=0.00 sys=0.00, real=0.00 secs] 
1.074: [GC (Allocation Failure) 1.074: [DefNew: 960K->63K(960K), 0.0009808 secs] 125503K->124878K(524224K), 0.0010038 secs] [Times: user=0.00 sys=0.00, real=0.00 secs] 
1.078: [GC (Allocation Failure) 1.078: [DefNew: 959K->63K(960K), 0.0010469 secs] 125800K->125197K(524224K), 0.0010811 secs] [Times: user=0.00 sys=0.00, real=0.00 secs] 
1.081: [GC (Allocation Failure) 1.081: [DefNew: 959K->64K(960K), 0.0010144 secs] 126119K->125511K(524224K), 0.0010415 secs] [Times: user=0.00 sys=0.00, real=0.00 secs] 
1.083: [GC (Allocation Failure) 1.083: [DefNew: 960K->63K(960K), 0.0011116 secs] 126428K->125831K(524224K), 0.0011450 secs] [Times: user=0.00 sys=0.00, real=0.00 secs] 
1.086: [GC (Allocation Failure) 1.086: [DefNew: 959K->64K(960K), 0.0010683 secs] 126750K->126145K(524224K), 0.0010925 secs] [Times: user=0.00 sys=0.00, real=0.00 secs] 
1.088: [GC (Allocation Failure) 1.088: [DefNew: 960K->63K(960K), 0.0009870 secs] 127070K->126447K(524224K), 0.0010096 secs] [Times: user=0.00 sys=0.00, real=0.00 secs] 
1.091: [GC (Allocation Failure) 1.091: [DefNew: 959K->64K(960K), 0.0008439 secs] 127376K->126749K(524224K), 0.0008710 secs] [Times: user=0.00 sys=0.00, real=0.00 secs] 
1.094: [GC (Allocation Failure) 1.094: [DefNew: 960K->63K(960K), 0.0010523 secs] 127659K->127107K(524224K), 0.0010834 secs] [Times: user=0.00 sys=0.00, real=0.00 secs] 
1.096: [GC (Allocation Failure) 1.097: [DefNew: 959K->63K(960K), 0.0015763 secs] 128019K->127438K(524224K), 0.0016291 secs] [Times: user=0.00 sys=0.00, real=0.00 secs] 
1.101: [GC (Allocation Failure) 1.101: [DefNew: 959K->63K(960K), 0.0012818 secs] 128337K->127843K(524224K), 0.0013195 secs] [Times: user=0.00 sys=0.00, real=0.00 secs] 
1.103: [GC (Allocation Failure) 1.103: [DefNew: 959K->63K(960K), 0.0010515 secs] 128753K->128157K(524224K), 0.0010783 secs] [Times: user=0.00 sys=0.00, real=0.00 secs] 
1.106: [GC (Allocation Failure) 1.106: [DefNew: 959K->63K(960K), 0.0009608 secs] 129073K->128453K(524224K), 0.0009856 secs] [Times: user=0.00 sys=0.00, real=0.00 secs] 
1.110: [GC (Allocation Failure) 1.110: [DefNew: 959K->64K(960K), 0.0010922 secs] 129374K->128744K(524224K), 0.0011213 secs] [Times: user=0.00 sys=0.00, real=0.00 secs] 
1.112: [GC (Allocation Failure) 1.112: [DefNew: 960K->63K(960K), 0.0011863 secs] 129644K->129094K(524224K), 0.0012248 secs] [Times: user=0.00 sys=0.00, real=0.00 secs] 
1.115: [GC (Allocation Failure) 1.115: [DefNew: 959K->63K(960K), 0.0011815 secs] 129998K->129442K(524224K), 0.0012117 secs] [Times: user=0.00 sys=0.00, real=0.00 secs] 
1.118: [GC (Allocation Failure) 1.118: [DefNew: 959K->63K(960K), 0.0010726 secs] 130343K->129756K(524224K), 0.0010968 secs] [Times: user=0.00 sys=0.00, real=0.00 secs] 
1.121: [GC (Allocation Failure) 1.121: [DefNew: 959K->63K(960K), 0.0009551 secs] 130660K->130031K(524224K), 0.0009785 secs] [Times: user=0.00 sys=0.00, real=0.00 secs] 
1.123: [GC (Allocation Failure) 1.123: [DefNew: 959K->63K(960K), 0.0009542 secs] 130934K->130307K(524224K), 0.0009810 secs] [Times: user=0.00 sys=0.01, real=0.00 secs] 
1.126: [GC (Allocation Failure) 1.126: [DefNew: 959K->64K(960K), 0.0015655 secs] 131213K->130630K(524224K), 0.0016211 secs] [Times: user=0.00 sys=0.00, real=0.00 secs] 
1.128: [GC (Allocation Failure) 1.128: [DefNew: 960K->63K(960K), 0.0012354 secs] 131527K->130997K(524224K), 0.0012701 secs] [Times: user=0.00 sys=0.00, real=0.00 secs] 
1.131: [GC (Allocation Failure) 1.131: [DefNew: 959K->63K(960K), 0.0010660 secs] 131900K->131292K(524224K), 0.0010991 secs] [Times: user=0.00 sys=0.00, real=0.00 secs] 
1.134: [GC (Allocation Failure) 1.134: [DefNew: 959K->64K(960K), 0.0009705 secs] 132192K->131582K(524224K), 0.0009947 secs] [Times: user=0.00 sys=0.00, real=0.00 secs] 
1.136: [GC (Allocation Failure) 1.136: [DefNew: 960K->63K(960K), 0.0008622 secs] 132483K->131850K(524224K), 0.0008852 secs] [Times: user=0.00 sys=0.00, real=0.00 secs] 
1.139: [GC (Allocation Failure) 1.139: [DefNew: 959K->63K(960K), 0.0008442 secs] 132751K->132114K(524224K), 0.0008667 secs] [Times: user=0.02 sys=0.00, real=0.00 secs] 
1.142: [GC (Allocation Failure) 1.142: [DefNew: 959K->64K(960K), 0.0011148 secs] 133019K->132401K(524224K), 0.0011592 secs] [Times: user=0.00 sys=0.00, real=0.00 secs] 
1.144: [GC (Allocation Failure) 1.144: [DefNew: 960K->63K(960K), 0.0011461 secs] 133298K->132730K(524224K), 0.0011761 secs] [Times: user=0.00 sys=0.00, real=0.00 secs] 
1.147: [GC (Allocation Failure) 1.147: [DefNew: 959K->63K(960K), 0.0010509 secs] 133626K->133028K(524224K), 0.0010763 secs] [Times: user=0.00 sys=0.00, real=0.00 secs] 
1.149: [GC (Allocation Failure) 1.149: [DefNew: 959K->63K(960K), 0.0009411 secs] 133927K->133284K(524224K), 0.0009639 secs] [Times: user=0.00 sys=0.00, real=0.00 secs] 
1.153: [GC (Allocation Failure) 1.153: [DefNew: 959K->63K(960K), 0.0008824 secs] 134185K->133539K(524224K), 0.0009038 secs] [Times: user=0.00 sys=0.00, real=0.00 secs] 
1.156: [GC (Allocation Failure) 1.156: [DefNew: 959K->63K(960K), 0.0008938 secs] 134437K->133802K(524224K), 0.0009169 secs] [Times: user=0.00 sys=0.00, real=0.00 secs] 
1.158: [GC (Allocation Failure) 1.158: [DefNew: 959K->63K(960K), 0.0009086 secs] 134701K->134071K(524224K), 0.0009306 secs] [Times: user=0.00 sys=0.00, real=0.00 secs] 
1.161: [GC (Allocation Failure) 1.161: [DefNew: 959K->63K(960K), 0.0011752 secs] 134985K->134469K(524224K), 0.0012288 secs] [Times: user=0.00 sys=0.00, real=0.00 secs] 
1.163: [GC (Allocation Failure) 1.163: [DefNew: 959K->64K(960K), 0.0012619 secs] 135373K->134834K(524224K), 0.0012938 secs] [Times: user=0.00 sys=0.00, real=0.00 secs] 
1.167: [GC (Allocation Failure) 1.167: [DefNew: 960K->64K(960K), 0.0010572 secs] 135737K->135179K(524224K), 0.0010828 secs] [Times: user=0.00 sys=0.00, real=0.00 secs] 
1.170: [GC (Allocation Failure) 1.170: [DefNew: 960K->64K(960K), 0.0009967 secs] 136085K->135472K(524224K), 0.0010187 secs] [Times: user=0.02 sys=0.00, real=0.00 secs] 
1.172: [GC (Allocation Failure) 1.172: [DefNew: 960K->64K(960K), 0.0008847 secs] 136383K->135749K(524224K), 0.0009066 secs] [Times: user=0.00 sys=0.00, real=0.00 secs] 
1.176: [GC (Allocation Failure) 1.176: [DefNew: 960K->63K(960K), 0.0010306 secs] 136668K->136048K(524224K), 0.0010720 secs] [Times: user=0.00 sys=0.00, real=0.00 secs] 
1.178: [GC (Allocation Failure) 1.178: [DefNew: 959K->64K(960K), 0.0010962 secs] 136954K->136390K(524224K), 0.0011256 secs] [Times: user=0.00 sys=0.00, real=0.00 secs] 
1.180: [GC (Allocation Failure) 1.181: [DefNew: 960K->63K(960K), 0.0011247 secs] 137293K->136745K(524224K), 0.0011512 secs] [Times: user=0.00 sys=0.00, real=0.00 secs] 
1.183: [GC (Allocation Failure) 1.183: [DefNew: 959K->63K(960K), 0.0010908 secs] 137654K->137050K(524224K), 0.0011133 secs] [Times: user=0.00 sys=0.00, real=0.00 secs] 
1.186: [GC (Allocation Failure) 1.186: [DefNew: 959K->63K(960K), 0.0009522 secs] 137968K->137341K(524224K), 0.0009745 secs] [Times: user=0.02 sys=0.00, real=0.00 secs] 
1.189: [GC (Allocation Failure) 1.189: [DefNew: 959K->64K(960K), 0.0011082 secs] 138245K->137710K(524224K), 0.0011430 secs] [Times: user=0.00 sys=0.00, real=0.00 secs] 
1.191: [GC (Allocation Failure) 1.191: [DefNew: 960K->63K(960K), 0.0011421 secs] 138616K->138035K(524224K), 0.0011706 secs] [Times: user=0.00 sys=0.00, real=0.00 secs] 
1.194: [GC (Allocation Failure) 1.194: [DefNew: 959K->63K(960K), 0.0010044 secs] 138949K->138339K(524224K), 0.0010292 secs] [Times: user=0.00 sys=0.00, real=0.00 secs] 
1.196: [GC (Allocation Failure) 1.196: [DefNew: 959K->64K(960K), 0.0008986 secs] 139257K->138621K(524224K), 0.0009206 secs] [Times: user=0.00 sys=0.00, real=0.00 secs] 
1.199: [GC (Allocation Failure) 1.199: [DefNew: 960K->63K(960K), 0.0012000 secs] 139520K->139014K(524224K), 0.0012348 secs] [Times: user=0.00 sys=0.00, real=0.00 secs] 
1.204: [GC (Allocation Failure) 1.204: [DefNew: 959K->64K(960K), 0.0010703 secs] 139918K->139315K(524224K), 0.0010957 secs] [Times: user=0.00 sys=0.00, real=0.00 secs] 
1.206: [GC (Allocation Failure) 1.206: [DefNew: 960K->63K(960K), 0.0010979 secs] 140218K->139636K(524224K), 0.0011350 secs] [Times: user=0.00 sys=0.00, real=0.00 secs] 
1.209: [GC (Allocation Failure) 1.209: [DefNew: 959K->64K(960K), 0.0013343 secs] 140535K->139994K(524224K), 0.0013768 secs] [Times: user=0.00 sys=0.00, real=0.00 secs] 
1.212: [GC (Allocation Failure) 1.212: [DefNew: 960K->64K(960K), 0.0010917 secs] 140891K->140334K(524224K), 0.0011239 secs] [Times: user=0.00 sys=0.00, real=0.00 secs] 
1.215: [GC (Allocation Failure) 1.215: [DefNew: 960K->63K(960K), 0.0010403 secs] 141233K->140643K(524224K), 0.0010654 secs] [Times: user=0.00 sys=0.00, real=0.00 secs] 
1.218: [GC (Allocation Failure) 1.218: [DefNew: 959K->64K(960K), 0.0009722 secs] 141542K->140920K(524224K), 0.0009984 secs] [Times: user=0.02 sys=0.00, real=0.00 secs] 
1.220: [GC (Allocation Failure) 1.220: [DefNew: 960K->63K(960K), 0.0008778 secs] 141820K->141181K(524224K), 0.0009012 secs] [Times: user=0.00 sys=0.00, real=0.00 secs] 
1.223: [GC (Allocation Failure) 1.223: [DefNew: 959K->63K(960K), 0.0011783 secs] 142082K->141547K(524224K), 0.0012271 secs] [Times: user=0.00 sys=0.00, real=0.00 secs] 
1.225: [GC (Allocation Failure) 1.225: [DefNew: 959K->63K(960K), 0.0012456 secs] 142451K->141917K(524224K), 0.0012790 secs] [Times: user=0.00 sys=0.00, real=0.00 secs] 
1.228: [GC (Allocation Failure) 1.228: [DefNew: 959K->64K(960K), 0.0012217 secs] 142825K->142288K(524224K), 0.0012562 secs] [Times: user=0.00 sys=0.00, real=0.00 secs] 
1.230: [GC (Allocation Failure) 1.230: [DefNew: 960K->63K(960K), 0.0011321 secs] 143198K->142607K(524224K), 0.0011598 secs] [Times: user=0.00 sys=0.00, real=0.00 secs] 
1.233: [GC (Allocation Failure) 1.233: [DefNew: 959K->63K(960K), 0.0009816 secs] 143520K->142907K(524224K), 0.0010050 secs] [Times: user=0.01 sys=0.00, real=0.00 secs] 
1.236: [GC (Allocation Failure) 1.236: [DefNew: 959K->63K(960K), 0.0009192 secs] 143827K->143193K(524224K), 0.0009414 secs] [Times: user=0.00 sys=0.00, real=0.00 secs] 
1.238: [GC (Allocation Failure) 1.238: [DefNew: 959K->63K(960K), 0.0008482 secs] 144118K->143477K(524224K), 0.0008690 secs] [Times: user=0.00 sys=0.00, real=0.00 secs] 
1.241: [GC (Allocation Failure) 1.241: [DefNew: 959K->63K(960K), 0.0008835 secs] 144402K->143775K(524224K), 0.0009089 secs] [Times: user=0.00 sys=0.00, real=0.00 secs] 
1.245: [GC (Allocation Failure) 1.245: [DefNew: 959K->64K(960K), 0.0012696 secs] 144679K->144175K(524224K), 0.0013061 secs] [Times: user=0.00 sys=0.00, real=0.00 secs] 
1.247: [GC (Allocation Failure) 1.247: [DefNew: 960K->63K(960K), 0.0011989 secs] 145081K->144497K(524224K), 0.0012257 secs] [Times: user=0.00 sys=0.00, real=0.00 secs] 
1.250: [GC (Allocation Failure) 1.250: [DefNew: 959K->64K(960K), 0.0011259 secs] 145403K->144824K(524224K), 0.0011578 secs] [Times: user=0.00 sys=0.00, real=0.00 secs] 
1.253: [GC (Allocation Failure) 1.253: [DefNew: 960K->64K(960K), 0.0011886 secs] 145730K->145183K(524224K), 0.0012202 secs] [Times: user=0.00 sys=0.00, real=0.00 secs] 
1.258: [GC (Allocation Failure) 1.258: [DefNew: 960K->64K(960K), 0.0011450 secs] 146089K->145511K(524224K), 0.0011815 secs] [Times: user=0.00 sys=0.00, real=0.00 secs] 
1.260: [GC (Allocation Failure) 1.260: [DefNew: 960K->63K(960K), 0.0012362 secs] 146416K->145857K(524224K), 0.0012630 secs] [Times: user=0.00 sys=0.00, real=0.00 secs] 
1.264: [GC (Allocation Failure) 1.264: [DefNew: 959K->63K(960K), 0.0011316 secs] 146764K->146177K(524224K), 0.0011595 secs] [Times: user=0.00 sys=0.00, real=0.00 secs] 
1.267: [GC (Allocation Failure) 1.267: [DefNew: 959K->64K(960K), 0.0010626 secs] 147090K->146483K(524224K), 0.0010871 secs] [Times: user=0.00 sys=0.00, real=0.00 secs] 
1.269: [GC (Allocation Failure) 1.269: [DefNew: 960K->64K(960K), 0.0011692 secs] 147396K->146803K(524224K), 0.0011971 secs] [Times: user=0.00 sys=0.00, real=0.00 secs] 
1.273: [GC (Allocation Failure) 1.273: [DefNew: 960K->63K(960K), 0.0012237 secs] 147705K->147181K(524224K), 0.0012564 secs] [Times: user=0.00 sys=0.00, real=0.00 secs] 
1.276: [GC (Allocation Failure) 1.276: [DefNew: 959K->63K(960K), 0.0011541 secs] 148083K->147518K(524224K), 0.0011786 secs] [Times: user=0.00 sys=0.00, real=0.00 secs] 
1.279: [GC (Allocation Failure) 1.279: [DefNew: 959K->63K(960K), 0.0010771 secs] 148423K->147849K(524224K), 0.0011079 secs] [Times: user=0.00 sys=0.00, real=0.00 secs] 
1.283: [GC (Allocation Failure) 1.283: [DefNew: 959K->63K(960K), 0.0012319 secs] 148756K->148228K(524224K), 0.0012619 secs] [Times: user=0.00 sys=0.00, real=0.00 secs] 
1.285: [GC (Allocation Failure) 1.285: [DefNew: 959K->63K(960K), 0.0011875 secs] 149132K->148557K(524224K), 0.0012211 secs] [Times: user=0.00 sys=0.00, real=0.00 secs] 
1.288: [GC (Allocation Failure) 1.288: [DefNew: 959K->63K(960K), 0.0010346 secs] 149459K->148869K(524224K), 0.0010577 secs] [Times: user=0.00 sys=0.00, real=0.00 secs] 
1.290: [GC (Allocation Failure) 1.290: [DefNew: 959K->63K(960K), 0.0009964 secs] 149769K->149169K(524224K), 0.0010184 secs] [Times: user=0.00 sys=0.00, real=0.00 secs] 
1.293: [GC (Allocation Failure) 1.293: [DefNew: 959K->64K(960K), 0.0009491 secs] 150071K->149477K(524224K), 0.0009725 secs] [Times: user=0.00 sys=0.00, real=0.00 secs] 
1.296: [GC (Allocation Failure) 1.296: [DefNew: 960K->63K(960K), 0.0009252 secs] 150383K->149765K(524224K), 0.0009522 secs] [Times: user=0.00 sys=0.00, real=0.00 secs] 
1.300: [GC (Allocation Failure) 1.300: [DefNew: 959K->63K(960K), 0.0012573 secs] 150673K->150174K(524224K), 0.0013041 secs] [Times: user=0.00 sys=0.00, real=0.00 secs] 
1.303: [GC (Allocation Failure) 1.303: [DefNew: 959K->64K(960K), 0.0015701 secs] 151081K->150623K(524224K), 0.0016228 secs] [Times: user=0.00 sys=0.00, real=0.00 secs] 
1.305: [GC (Allocation Failure) 1.305: [DefNew: 960K->64K(960K), 0.0013192 secs] 151525K->151009K(524224K), 0.0013520 secs] [Times: user=0.00 sys=0.00, real=0.00 secs] 
1.309: [GC (Allocation Failure) 1.309: [DefNew: 960K->63K(960K), 0.0017223 secs] 151915K->151319K(524224K), 0.0017599 secs] [Times: user=0.00 sys=0.00, real=0.00 secs] 
1.313: [GC (Allocation Failure) 1.313: [DefNew: 959K->64K(960K), 0.0014877 secs] 152219K->151739K(524224K), 0.0022902 secs] [Times: user=0.00 sys=0.00, real=0.00 secs] 
1.316: [GC (Allocation Failure) 1.316: [DefNew: 960K->63K(960K), 0.0013052 secs] 152638K->152112K(524224K), 0.0013360 secs] [Times: user=0.00 sys=0.00, real=0.00 secs] 
1.320: [GC (Allocation Failure) 1.320: [DefNew: 959K->63K(960K), 0.0012698 secs] 153015K->152508K(524224K), 0.0013081 secs] [Times: user=0.00 sys=0.00, real=0.00 secs] 
1.322: [GC (Allocation Failure) 1.322: [DefNew: 959K->63K(960K), 0.0011253 secs] 153414K->152801K(524224K), 0.0011530 secs] [Times: user=0.00 sys=0.00, real=0.00 secs] 
1.325: [GC (Allocation Failure) 1.325: [DefNew: 959K->63K(960K), 0.0010363 secs] 153705K->153127K(524224K), 0.0010643 secs] [Times: user=0.00 sys=0.00, real=0.00 secs] 
1.327: [GC (Allocation Failure) 1.327: [DefNew: 959K->63K(960K), 0.0013520 secs] 154024K->153490K(524224K), 0.0014021 secs] [Times: user=0.02 sys=0.00, real=0.00 secs] 
1.331: [GC (Allocation Failure) 1.331: [DefNew: 959K->63K(960K), 0.0013819 secs] 154391K->153889K(524224K), 0.0014192 secs] [Times: user=0.00 sys=0.00, real=0.00 secs] 
1.333: [GC (Allocation Failure) 1.333: [DefNew: 959K->63K(960K), 0.0011960 secs] 154792K->154194K(524224K), 0.0012231 secs] [Times: user=0.00 sys=0.00, real=0.00 secs] 
1.337: [GC (Allocation Failure) 1.337: [DefNew: 959K->64K(960K), 0.0010860 secs] 155096K->154501K(524224K), 0.0011113 secs] [Times: user=0.00 sys=0.00, real=0.00 secs] 
1.340: [GC (Allocation Failure) 1.340: [DefNew: 960K->63K(960K), 0.0010805 secs] 155400K->154797K(524224K), 0.0011065 secs] [Times: user=0.00 sys=0.00, real=0.00 secs] 
1.342: [GC (Allocation Failure) 1.342: [DefNew: 959K->63K(960K), 0.0010649 secs] 155694K->155082K(524224K), 0.0011033 secs] [Times: user=0.01 sys=0.00, real=0.00 secs] 
1.346: [GC (Allocation Failure) 1.346: [DefNew: 959K->64K(960K), 0.0014095 secs] 156010K->155586K(524224K), 0.0014549 secs] [Times: user=0.00 sys=0.00, real=0.00 secs] 
1.348: [GC (Allocation Failure) 1.348: [DefNew: 960K->63K(960K), 0.0013431 secs] 156491K->155906K(524224K), 0.0013736 secs] [Times: user=0.00 sys=0.00, real=0.00 secs] 
1.351: [GC (Allocation Failure) 1.351: [DefNew: 959K->63K(960K), 0.0010252 secs] 156812K->156200K(524224K), 0.0010555 secs] [Times: user=0.00 sys=0.00, real=0.00 secs] 
1.354: [GC (Allocation Failure) 1.354: [DefNew: 959K->63K(960K), 0.0010110 secs] 157109K->156501K(524224K), 0.0010361 secs] [Times: user=0.00 sys=0.00, real=0.00 secs] 
1.356: [GC (Allocation Failure) 1.356: [DefNew: 959K->63K(960K), 0.0010204 secs] 157419K->156796K(524224K), 0.0010438 secs] [Times: user=0.00 sys=0.00, real=0.00 secs] 
1.361: [GC (Allocation Failure) 1.361: [DefNew: 959K->64K(960K), 0.0012040 secs] 157703K->157142K(524224K), 0.0012507 secs] [Times: user=0.00 sys=0.00, real=0.00 secs] 
1.363: [GC (Allocation Failure) 1.363: [DefNew: 960K->64K(960K), 0.0010840 secs] 158053K->157449K(524224K), 0.0011105 secs] [Times: user=0.00 sys=0.00, real=0.00 secs] 
1.366: [GC (Allocation Failure) 1.366: [DefNew: 960K->64K(960K), 0.0010728 secs] 158372K->157752K(524224K), 0.0010999 secs] [Times: user=0.00 sys=0.00, real=0.00 secs] 
1.369: [GC (Allocation Failure) 1.369: [DefNew: 960K->63K(960K), 0.0011587 secs] 158669K->158088K(524224K), 0.0011952 secs] [Times: user=0.00 sys=0.00, real=0.00 secs] 
1.371: [GC (Allocation Failure) 1.371: [DefNew: 959K->63K(960K), 0.0011376 secs] 159003K->158413K(524224K), 0.0011672 secs] [Times: user=0.00 sys=0.00, real=0.00 secs] 
1.374: [GC (Allocation Failure) 1.374: [DefNew: 959K->64K(960K), 0.0010597 secs] 159329K->158739K(524224K), 0.0010862 secs] [Times: user=0.02 sys=0.00, real=0.00 secs] 
1.376: [GC (Allocation Failure) 1.376: [DefNew: 960K->63K(960K), 0.0013457 secs] 159646K->159099K(524224K), 0.0013922 secs] [Times: user=0.00 sys=0.00, real=0.00 secs] 
1.379: [GC (Allocation Failure) 1.379: [DefNew: 959K->64K(960K), 0.0012077 secs] 160011K->159437K(524224K), 0.0012408 secs] [Times: user=0.00 sys=0.00, real=0.00 secs] 
1.382: [GC (Allocation Failure) 1.382: [DefNew: 960K->64K(960K), 0.0011464 secs] 160354K->159773K(524224K), 0.0011743 secs] [Times: user=0.00 sys=0.00, real=0.00 secs] 
1.385: [GC (Allocation Failure) 1.385: [DefNew: 960K->63K(960K), 0.0011128 secs] 160691K->160098K(524224K), 0.0011441 secs] [Times: user=0.00 sys=0.00, real=0.00 secs] 
1.388: [GC (Allocation Failure) 1.388: [DefNew: 959K->63K(960K), 0.0011065 secs] 161012K->160434K(524224K), 0.0011339 secs] [Times: user=0.00 sys=0.00, real=0.00 secs] 
1.390: [GC (Allocation Failure) 1.390: [DefNew: 959K->63K(960K), 0.0011185 secs] 161347K->160767K(524224K), 0.0011470 secs] [Times: user=0.02 sys=0.00, real=0.00 secs] 
1.394: [GC (Allocation Failure) 1.394: [DefNew: 959K->64K(960K), 0.0011823 secs] 161681K->161101K(524224K), 0.0012063 secs] [Times: user=0.00 sys=0.00, real=0.00 secs] 
1.397: [GC (Allocation Failure) 1.397: [DefNew: 960K->63K(960K), 0.0013805 secs] 162012K->161439K(524224K), 0.0014261 secs] [Times: user=0.00 sys=0.00, real=0.00 secs] 
1.400: [GC (Allocation Failure) 1.400: [DefNew: 959K->64K(960K), 0.0014586 secs] 162346K->161917K(524224K), 0.0015022 secs] [Times: user=0.00 sys=0.00, real=0.00 secs] 
1.403: [GC (Allocation Failure) 1.403: [DefNew: 960K->63K(960K), 0.0014215 secs] 162824K->162279K(524224K), 0.0014523 secs] [Times: user=0.00 sys=0.00, real=0.00 secs] 
1.406: [GC (Allocation Failure) 1.406: [DefNew: 959K->63K(960K), 0.0012385 secs] 163194K->162603K(524224K), 0.0012738 secs] [Times: user=0.00 sys=0.00, real=0.00 secs] 
1.411: [GC (Allocation Failure) 1.411: [DefNew: 959K->63K(960K), 0.0012684 secs] 163511K->163009K(524224K), 0.0013098 secs] [Times: user=0.00 sys=0.00, real=0.00 secs] 
1.415: [GC (Allocation Failure) 1.415: [DefNew: 959K->64K(960K), 0.0011732 secs] 163923K->163337K(524224K), 0.0012009 secs] [Times: user=0.00 sys=0.00, real=0.00 secs] 
1.417: [GC (Allocation Failure) 1.417: [DefNew: 960K->64K(960K), 0.0010954 secs] 164259K->163651K(524224K), 0.0011230 secs] [Times: user=0.00 sys=0.00, real=0.00 secs] 
1.420: [GC (Allocation Failure) 1.420: [DefNew: 960K->63K(960K), 0.0011071 secs] 164564K->163976K(524224K), 0.0011313 secs] [Times: user=0.00 sys=0.00, real=0.00 secs] 
1.422: [GC (Allocation Failure) 1.422: [DefNew: 959K->63K(960K), 0.0010669 secs] 164892K->164303K(524224K), 0.0010939 secs] [Times: user=0.00 sys=0.00, real=0.00 secs] 
1.425: [GC (Allocation Failure) 1.426: [DefNew: 959K->63K(960K), 0.0012228 secs] 165220K->164619K(524224K), 0.0012630 secs] [Times: user=0.00 sys=0.00, real=0.00 secs] 
1.430: [GC (Allocation Failure) 1.430: [DefNew: 959K->63K(960K), 0.0013294 secs] 165521K->165064K(524224K), 0.0013617 secs] [Times: user=0.00 sys=0.00, real=0.00 secs] 
1.432: [GC (Allocation Failure) 1.432: [DefNew: 959K->63K(960K), 0.0012784 secs] 165974K->165394K(524224K), 0.0013024 secs] [Times: user=0.00 sys=0.00, real=0.00 secs] 
1.435: [GC (Allocation Failure) 1.435: [DefNew: 959K->64K(960K), 0.0010021 secs] 166303K->165713K(524224K), 0.0010244 secs] [Times: user=0.00 sys=0.00, real=0.00 secs] 
1.437: [GC (Allocation Failure) 1.437: [DefNew: 960K->63K(960K), 0.0010606 secs] 166627K->166026K(524224K), 0.0010919 secs] [Times: user=0.00 sys=0.00, real=0.00 secs] 
1.441: [GC (Allocation Failure) 1.441: [DefNew: 959K->64K(960K), 0.0012265 secs] 166930K->166393K(524224K), 0.0012604 secs] [Times: user=0.00 sys=0.00, real=0.00 secs] 
1.444: [GC (Allocation Failure) 1.444: [DefNew: 960K->63K(960K), 0.0013331 secs] 167294K->166789K(524224K), 0.0013605 secs] [Times: user=0.00 sys=0.00, real=0.00 secs] 
1.446: [GC (Allocation Failure) 1.446: [DefNew: 959K->63K(960K), 0.0012428 secs] 167693K->167142K(524224K), 0.0012710 secs] [Times: user=0.00 sys=0.00, real=0.00 secs] 
1.449: [GC (Allocation Failure) 1.449: [DefNew: 959K->63K(960K), 0.0011227 secs] 168046K->167476K(524224K), 0.0011487 secs] [Times: user=0.00 sys=0.00, real=0.00 secs] 
1.451: [GC (Allocation Failure) 1.451: [DefNew: 959K->64K(960K), 0.0011205 secs] 168379K->167799K(524224K), 0.0011453 secs] [Times: user=0.00 sys=0.00, real=0.00 secs] 
1.455: [GC (Allocation Failure) 1.455: [DefNew: 960K->63K(960K), 0.0011464 secs] 168701K->168125K(524224K), 0.0011738 secs] [Times: user=0.00 sys=0.00, real=0.00 secs] 
1.457: [GC (Allocation Failure) 1.457: [DefNew: 959K->64K(960K), 0.0013873 secs] 169026K->168514K(524224K), 0.0014252 secs] [Times: user=0.00 sys=0.00, real=0.00 secs] 
1.460: [GC (Allocation Failure) 1.460: [DefNew: 960K->63K(960K), 0.0012140 secs] 169413K->168855K(524224K), 0.0012439 secs] [Times: user=0.00 sys=0.00, real=0.00 secs] 
1.465: [GC (Allocation Failure) 1.465: [DefNew: 959K->64K(960K), 0.0013648 secs] 169759K->169217K(524224K), 0.0014030 secs] [Times: user=0.00 sys=0.00, real=0.00 secs] 
1.467: [GC (Allocation Failure) 1.467: [DefNew: 960K->63K(960K), 0.0012616 secs] 170118K->169608K(524224K), 0.0012927 secs] [Times: user=0.00 sys=0.00, real=0.00 secs] 
1.471: [GC (Allocation Failure) 1.471: [DefNew: 959K->63K(960K), 0.0012145 secs] 170508K->169939K(524224K), 0.0012430 secs] [Times: user=0.00 sys=0.00, real=0.00 secs] 
1.473: [GC (Allocation Failure) 1.473: [DefNew: 959K->63K(960K), 0.0010922 secs] 170843K->170251K(524224K), 0.0011179 secs] [Times: user=0.00 sys=0.00, real=0.00 secs] 
1.477: [GC (Allocation Failure) 1.477: [DefNew: 959K->63K(960K), 0.0015478 secs] 171159K->170688K(524224K), 0.0016034 secs] [Times: user=0.00 sys=0.00, real=0.00 secs] 
1.481: [GC (Allocation Failure) 1.481: [DefNew: 959K->63K(960K), 0.0014555 secs] 171586K->171079K(524224K), 0.0014937 secs] [Times: user=0.00 sys=0.00, real=0.00 secs] 
1.483: [GC (Allocation Failure) 1.483: [DefNew: 959K->64K(960K), 0.0012351 secs] 171977K->171428K(524224K), 0.0012653 secs] [Times: user=0.02 sys=0.00, real=0.00 secs] 
1.487: [GC (Allocation Failure) 1.487: [DefNew: 960K->63K(960K), 0.0011008 secs] 172334K->171725K(524224K), 0.0011267 secs] [Times: user=0.00 sys=0.00, real=0.00 secs] 
1.489: [GC (Allocation Failure) 1.489: [DefNew: 959K->63K(960K), 0.0011550 secs] 172629K->172068K(524224K), 0.0011986 secs] [Times: user=0.00 sys=0.00, real=0.00 secs] 
1.492: [GC (Allocation Failure) 1.492: [DefNew: 959K->64K(960K), 0.0011971 secs] 172968K->172401K(524224K), 0.0012228 secs] [Times: user=0.00 sys=0.00, real=0.00 secs] 
1.494: [GC (Allocation Failure) 1.494: [DefNew: 960K->64K(960K), 0.0011222 secs] 173299K->172724K(524224K), 0.0011564 secs] [Times: user=0.00 sys=0.00, real=0.00 secs] 
1.497: [GC (Allocation Failure) 1.497: [DefNew: 960K->63K(960K), 0.0011550 secs] 173631K->173080K(524224K), 0.0011835 secs] [Times: user=0.00 sys=0.00, real=0.00 secs] 
1.501: [GC (Allocation Failure) 1.501: [DefNew: 959K->64K(960K), 0.0015934 secs] 173982K->173482K(524224K), 0.0016522 secs] [Times: user=0.00 sys=0.00, real=0.00 secs] 
1.504: [GC (Allocation Failure) 1.504: [DefNew: 960K->63K(960K), 0.0014406 secs] 174387K->173897K(524224K), 0.0014774 secs] [Times: user=0.00 sys=0.00, real=0.00 secs] 
1.507: [GC (Allocation Failure) 1.507: [DefNew: 959K->63K(960K), 0.0012921 secs] 174797K->174254K(524224K), 0.0013212 secs] [Times: user=0.00 sys=0.00, real=0.00 secs] 
1.509: [GC (Allocation Failure) 1.509: [DefNew: 959K->63K(960K), 0.0015319 secs] 175156K->174556K(524224K), 0.0015752 secs] [Times: user=0.00 sys=0.00, real=0.00 secs] 
1.512: [GC (Allocation Failure) 1.512: [DefNew: 959K->63K(960K), 0.0011102 secs] 175456K->174900K(524224K), 0.0011359 secs] [Times: user=0.00 sys=0.00, real=0.00 secs] 
1.514: [GC (Allocation Failure) 1.514: [DefNew: 959K->63K(960K), 0.0011638 secs] 175802K->175227K(524224K), 0.0011869 secs] [Times: user=0.02 sys=0.00, real=0.00 secs] 
1.517: [GC (Allocation Failure) 1.517: [DefNew: 959K->63K(960K), 0.0011096 secs] 176127K->175551K(524224K), 0.0011316 secs] [Times: user=0.00 sys=0.00, real=0.00 secs] 
1.521: [GC (Allocation Failure) 1.521: [DefNew: 959K->64K(960K), 0.0014746 secs] 176453K->175857K(524224K), 0.0015179 secs] [Times: user=0.00 sys=0.00, real=0.00 secs] 
1.523: [GC (Allocation Failure) 1.523: [DefNew: 960K->63K(960K), 0.0015983 secs] 176765K->176291K(524224K), 0.0016516 secs] [Times: user=0.00 sys=0.00, real=0.00 secs] 
1.527: [GC (Allocation Failure) 1.527: [DefNew: 959K->64K(960K), 0.0018529 secs] 177190K->176708K(524224K), 0.0019008 secs] [Times: user=0.00 sys=0.00, real=0.00 secs] 
1.530: [GC (Allocation Failure) 1.530: [DefNew: 960K->64K(960K), 0.0013009 secs] 177607K->177070K(524224K), 0.0013391 secs] [Times: user=0.02 sys=0.00, real=0.00 secs] 
1.533: [GC (Allocation Failure) 1.533: [DefNew: 960K->63K(960K), 0.0013049 secs] 177971K->177400K(524224K), 0.0013403 secs] [Times: user=0.00 sys=0.00, real=0.00 secs] 
1.536: [GC (Allocation Failure) 1.536: [DefNew: 959K->64K(960K), 0.0011470 secs] 178301K->177731K(524224K), 0.0011789 secs] [Times: user=0.00 sys=0.00, real=0.00 secs] 
1.539: [GC (Allocation Failure) 1.539: [DefNew: 960K->63K(960K), 0.0011350 secs] 178632K->178049K(524224K), 0.0011618 secs] [Times: user=0.00 sys=0.00, real=0.00 secs] 
1.542: [GC (Allocation Failure) 1.542: [DefNew: 959K->63K(960K), 0.0011410 secs] 178950K->178375K(524224K), 0.0011669 secs] [Times: user=0.00 sys=0.00, real=0.00 secs] 
1.544: [GC (Allocation Failure) 1.544: [DefNew: 959K->63K(960K), 0.0013189 secs] 179278K->178760K(524224K), 0.0013597 secs] [Times: user=0.00 sys=0.00, real=0.00 secs] 
1.547: [GC (Allocation Failure) 1.547: [DefNew: 959K->63K(960K), 0.0012553 secs] 179663K->179112K(524224K), 0.0012870 secs] [Times: user=0.00 sys=0.00, real=0.00 secs] 
1.550: [GC (Allocation Failure) 1.550: [DefNew: 959K->63K(960K), 0.0011470 secs] 180015K->179435K(524224K), 0.0011741 secs] [Times: user=0.00 sys=0.00, real=0.00 secs] 
1.553: [GC (Allocation Failure) 1.553: [DefNew: 959K->64K(960K), 0.0013691 secs] 180337K->179838K(524224K), 0.0014147 secs] [Times: user=0.00 sys=0.00, real=0.00 secs] 
1.556: [GC (Allocation Failure) 1.556: [DefNew: 960K->63K(960K), 0.0013169 secs] 180743K->180168K(524224K), 0.0013465 secs] [Times: user=0.00 sys=0.00, real=0.00 secs] 
1.558: [GC (Allocation Failure) 1.558: [DefNew: 959K->63K(960K), 0.0012291 secs] 181070K->180503K(524224K), 0.0012573 secs] [Times: user=0.00 sys=0.00, real=0.00 secs] 
1.562: [GC (Allocation Failure) 1.562: [DefNew: 959K->64K(960K), 0.0013716 secs] 181406K->180859K(524224K), 0.0014269 secs] [Times: user=0.00 sys=0.00, real=0.00 secs] 
1.564: [GC (Allocation Failure) 1.564: [DefNew: 960K->63K(960K), 0.0012137 secs] 181762K->181192K(524224K), 0.0012530 secs] [Times: user=0.00 sys=0.00, real=0.00 secs] 
1.568: [GC (Allocation Failure) 1.568: [DefNew: 959K->63K(960K), 0.0012336 secs] 182091K->181542K(524224K), 0.0012633 secs] [Times: user=0.00 sys=0.00, real=0.00 secs] 
1.571: [GC (Allocation Failure) 1.571: [DefNew: 959K->64K(960K), 0.0012815 secs] 182442K->181922K(524224K), 0.0013146 secs] [Times: user=0.00 sys=0.00, real=0.00 secs] 
1.573: [GC (Allocation Failure) 1.573: [DefNew: 960K->64K(960K), 0.0011564 secs] 182823K->182230K(524224K), 0.0011829 secs] [Times: user=0.00 sys=0.00, real=0.00 secs] 
1.577: [GC (Allocation Failure) 1.577: [DefNew: 960K->64K(960K), 0.0011207 secs] 183127K->182569K(524224K), 0.0011484 secs] [Times: user=0.01 sys=0.00, real=0.00 secs] 
1.579: [GC (Allocation Failure) 1.579: [DefNew: 960K->63K(960K), 0.0011361 secs] 183467K->182865K(524224K), 0.0011618 secs] [Times: user=0.00 sys=0.00, real=0.00 secs] 
1.582: [GC (Allocation Failure) 1.582: [DefNew: 959K->64K(960K), 0.0012123 secs] 183765K->183180K(524224K), 0.0012473 secs] [Times: user=0.00 sys=0.00, real=0.00 secs] 
1.585: [GC (Allocation Failure) 1.585: [DefNew: 960K->63K(960K), 0.0013081 secs] 184082K->183569K(524224K), 0.0013465 secs] [Times: user=0.00 sys=0.00, real=0.00 secs] 
1.588: [GC (Allocation Failure) 1.588: [DefNew: 959K->63K(960K), 0.0010520 secs] 184471K->183862K(524224K), 0.0010783 secs] [Times: user=0.00 sys=0.00, real=0.00 secs] 
1.591: [GC (Allocation Failure) 1.591: [DefNew: 959K->64K(960K), 0.0011122 secs] 184762K->184187K(524224K), 0.0011370 secs] [Times: user=0.00 sys=0.00, real=0.00 secs] 
1.594: [GC (Allocation Failure) 1.594: [DefNew: 960K->63K(960K), 0.0011521 secs] 185086K->184524K(524224K), 0.0011741 secs] [Times: user=0.00 sys=0.00, real=0.00 secs] 
1.596: [GC (Allocation Failure) 1.596: [DefNew: 959K->64K(960K), 0.0010857 secs] 185426K->184832K(524224K), 0.0011076 secs] [Times: user=0.00 sys=0.00, real=0.00 secs] 
1.599: [GC (Allocation Failure) 1.599: [DefNew: 960K->63K(960K), 0.0011424 secs] 185734K->185133K(524224K), 0.0011692 secs] [Times: user=0.00 sys=0.00, real=0.00 secs] 
1.602: [GC (Allocation Failure) 1.602: [DefNew: 959K->63K(960K), 0.0012396 secs] 186036K->185536K(524224K), 0.0012736 secs] [Times: user=0.00 sys=0.00, real=0.00 secs] 
1.605: [GC (Allocation Failure) 1.605: [DefNew: 959K->63K(960K), 0.0012279 secs] 186435K->185869K(524224K), 0.0012590 secs] [Times: user=0.00 sys=0.00, real=0.00 secs] 
1.609: [GC (Allocation Failure) 1.609: [DefNew: 959K->64K(960K), 0.0015088 secs] 186770K->186269K(524224K), 0.0015538 secs] [Times: user=0.02 sys=0.00, real=0.00 secs] 
1.612: [GC (Allocation Failure) 1.612: [DefNew: 960K->63K(960K), 0.0015242 secs] 187172K->186738K(524224K), 0.0015635 secs] [Times: user=0.00 sys=0.00, real=0.00 secs] 
1.615: [GC (Allocation Failure) 1.615: [DefNew: 959K->64K(960K), 0.0013551 secs] 187639K->187087K(524224K), 0.0013879 secs] [Times: user=0.00 sys=0.00, real=0.00 secs] 
1.618: [GC (Allocation Failure) 1.619: [DefNew: 960K->63K(960K), 0.0011960 secs] 187988K->187435K(524224K), 0.0012208 secs] [Times: user=0.00 sys=0.00, real=0.00 secs] 
1.621: [GC (Allocation Failure) 1.621: [DefNew: 959K->63K(960K), 0.0011093 secs] 188336K->187753K(524224K), 0.0011336 secs] [Times: user=0.00 sys=0.00, real=0.00 secs] 
1.624: [GC (Allocation Failure) 1.624: [DefNew: 959K->64K(960K), 0.0011569 secs] 188653K->188052K(524224K), 0.0011903 secs] [Times: user=0.01 sys=0.00, real=0.00 secs] 
1.628: [GC (Allocation Failure) 1.628: [DefNew: 960K->63K(960K), 0.0012616 secs] 188954K->188417K(524224K), 0.0012932 secs] [Times: user=0.00 sys=0.00, real=0.00 secs] 
1.630: [GC (Allocation Failure) 1.630: [DefNew: 959K->63K(960K), 0.0012405 secs] 189317K->188774K(524224K), 0.0012659 secs] [Times: user=0.00 sys=0.00, real=0.00 secs] 
1.633: [GC (Allocation Failure) 1.633: [DefNew: 959K->63K(960K), 0.0011812 secs] 189674K->189103K(524224K), 0.0012165 secs] [Times: user=0.00 sys=0.00, real=0.00 secs] 
1.636: [GC (Allocation Failure) 1.636: [DefNew: 959K->63K(960K), 0.0011769 secs] 190007K->189441K(524224K), 0.0012066 secs] [Times: user=0.00 sys=0.00, real=0.00 secs] 
1.639: [GC (Allocation Failure) 1.639: [DefNew: 959K->63K(960K), 0.0011205 secs] 190344K->189770K(524224K), 0.0011438 secs] [Times: user=0.00 sys=0.00, real=0.00 secs] 
1.642: [GC (Allocation Failure) 1.642: [DefNew: 959K->64K(960K), 0.0012818 secs] 190671K->190093K(524224K), 0.0013215 secs] [Times: user=0.00 sys=0.00, real=0.00 secs] 
1.644: [GC (Allocation Failure) 1.644: [DefNew: 960K->63K(960K), 0.0012051 secs] 190994K->190463K(524224K), 0.0012345 secs] [Times: user=0.00 sys=0.00, real=0.00 secs] 
1.648: [GC (Allocation Failure) 1.648: [DefNew: 959K->63K(960K), 0.0013183 secs] 191360K->190823K(524224K), 0.0013577 secs] [Times: user=0.00 sys=0.00, real=0.00 secs] 
1.650: [GC (Allocation Failure) 1.650: [DefNew: 959K->63K(960K), 0.0014774 secs] 191730K->191210K(524224K), 0.0015216 secs] [Times: user=0.00 sys=0.00, real=0.00 secs] 
1.654: [GC (Allocation Failure) 1.654: [DefNew: 959K->63K(960K), 0.0014041 secs] 192110K->191607K(524224K), 0.0014497 secs] [Times: user=0.00 sys=0.00, real=0.00 secs] 
1.656: [GC (Allocation Failure) 1.656: [DefNew: 959K->63K(960K), 0.0012314 secs] 192510K->191917K(524224K), 0.0012610 secs] [Times: user=0.00 sys=0.00, real=0.00 secs] 
1.659: [GC (Allocation Failure) 1.659: [DefNew: 959K->63K(960K), 0.0010885 secs] 192820K->192217K(524224K), 0.0011156 secs] [Times: user=0.00 sys=0.00, real=0.00 secs] 
1.662: [GC (Allocation Failure) 1.662: [DefNew: 959K->64K(960K), 0.0015413 secs] 193130K->192717K(524224K), 0.0015852 secs] [Times: user=0.00 sys=0.00, real=0.00 secs] 
1.665: [GC (Allocation Failure) 1.665: [DefNew: 960K->63K(960K), 0.0014107 secs] 193618K->193078K(524224K), 0.0014472 secs] [Times: user=0.00 sys=0.00, real=0.00 secs] 
1.669: [GC (Allocation Failure) 1.669: [DefNew: 959K->63K(960K), 0.0011039 secs] 193979K->193400K(524224K), 0.0011301 secs] [Times: user=0.00 sys=0.00, real=0.00 secs] 
1.671: [GC (Allocation Failure) 1.671: [DefNew: 959K->63K(960K), 0.0013788 secs] 194308K->193807K(524224K), 0.0014135 secs] [Times: user=0.02 sys=0.00, real=0.00 secs] 
1.674: [GC (Allocation Failure) 1.674: [DefNew: 959K->64K(960K), 0.0013394 secs] 194704K->194184K(524224K), 0.0013702 secs] [Times: user=0.00 sys=0.00, real=0.00 secs] 
1.677: [GC (Allocation Failure) 1.677: [DefNew: 960K->63K(960K), 0.0013970 secs] 195084K->194546K(524224K), 0.0014383 secs] [Times: user=0.00 sys=0.00, real=0.00 secs] 
1.680: [GC (Allocation Failure) 1.680: [DefNew: 959K->63K(960K), 0.0013597 secs] 195448K->194961K(524224K), 0.0013942 secs] [Times: user=0.00 sys=0.00, real=0.00 secs] 
1.683: [GC (Allocation Failure) 1.683: [DefNew: 959K->64K(960K), 0.0013072 secs] 195860K->195327K(524224K), 0.0013465 secs] [Times: user=0.00 sys=0.00, real=0.00 secs] 
1.685: [GC (Allocation Failure) 1.685: [DefNew: 960K->63K(960K), 0.0012850 secs] 196232K->195711K(524224K), 0.0013120 secs] [Times: user=0.00 sys=0.00, real=0.00 secs] 
1.689: [GC (Allocation Failure) 1.689: [DefNew: 959K->63K(960K), 0.0013029 secs] 196616K->196089K(524224K), 0.0013408 secs] [Times: user=0.00 sys=0.00, real=0.00 secs] 
1.692: [GC (Allocation Failure) 1.692: [DefNew: 959K->63K(960K), 0.0012587 secs] 196989K->196468K(524224K), 0.0012898 secs] [Times: user=0.00 sys=0.00, real=0.00 secs] 
1.695: [GC (Allocation Failure) 1.695: [DefNew: 959K->63K(960K), 0.0012545 secs] 197373K->196836K(524224K), 0.0012821 secs] [Times: user=0.00 sys=0.00, real=0.00 secs] 
1.700: [GC (Allocation Failure) 1.700: [DefNew: 959K->63K(960K), 0.0011986 secs] 197741K->197156K(524224K), 0.0012254 secs] [Times: user=0.00 sys=0.00, real=0.00 secs] 
1.703: [GC (Allocation Failure) 1.703: [DefNew: 959K->63K(960K), 0.0014164 secs] 198062K->197598K(524224K), 0.0014489 secs] [Times: user=0.00 sys=0.00, real=0.00 secs] 
1.706: [GC (Allocation Failure) 1.706: [DefNew: 959K->63K(960K), 0.0013160 secs] 198500K->197962K(524224K), 0.0013426 secs] [Times: user=0.00 sys=0.00, real=0.00 secs] 
1.708: [GC (Allocation Failure) 1.708: [DefNew: 959K->63K(960K), 0.0012177 secs] 198865K->198289K(524224K), 0.0012510 secs] [Times: user=0.00 sys=0.00, real=0.00 secs] 
1.712: [GC (Allocation Failure) 1.712: [DefNew: 959K->63K(960K), 0.0013032 secs] 199200K->198700K(524224K), 0.0013331 secs] [Times: user=0.00 sys=0.00, real=0.00 secs] 
1.714: [GC (Allocation Failure) 1.714: [DefNew: 959K->63K(960K), 0.0012396 secs] 199599K->199050K(524224K), 0.0012630 secs] [Times: user=0.00 sys=0.00, real=0.00 secs] 
1.718: [GC (Allocation Failure) 1.718: [DefNew: 959K->63K(960K), 0.0010574 secs] 199950K->199377K(524224K), 0.0010814 secs] [Times: user=0.02 sys=0.00, real=0.00 secs] 
1.722: [GC (Allocation Failure) 1.722: [DefNew: 959K->63K(960K), 0.0013035 secs] 200285K->199767K(524224K), 0.0013363 secs] [Times: user=0.00 sys=0.00, real=0.00 secs] 
1.724: [GC (Allocation Failure) 1.724: [DefNew: 959K->63K(960K), 0.0012499 secs] 200669K->200106K(524224K), 0.0012744 secs] [Times: user=0.00 sys=0.00, real=0.00 secs] 
1.727: [GC (Allocation Failure) 1.727: [DefNew: 959K->64K(960K), 0.0011051 secs] 201011K->200433K(524224K), 0.0011287 secs] [Times: user=0.00 sys=0.00, real=0.00 secs] 
1.729: [GC (Allocation Failure) 1.729: [DefNew: 960K->63K(960K), 0.0010874 secs] 201338K->200756K(524224K), 0.0011099 secs] [Times: user=0.00 sys=0.00, real=0.00 secs] 
1.732: [GC (Allocation Failure) 1.732: [DefNew: 959K->63K(960K), 0.0011031 secs] 201661K->201088K(524224K), 0.0011262 secs] [Times: user=0.00 sys=0.00, real=0.00 secs] 
1.737: [GC (Allocation Failure) 1.737: [DefNew: 959K->63K(960K), 0.0011333 secs] 201994K->201416K(524224K), 0.0011584 secs] [Times: user=0.00 sys=0.00, real=0.00 secs] 
1.739: [GC (Allocation Failure) 1.739: [DefNew: 959K->63K(960K), 0.0013012 secs] 202319K->201785K(524224K), 0.0013354 secs] [Times: user=0.00 sys=0.00, real=0.00 secs] 
1.743: [GC (Allocation Failure) 1.743: [DefNew: 959K->64K(960K), 0.0012448 secs] 202690K->202129K(524224K), 0.0012736 secs] [Times: user=0.00 sys=0.00, real=0.00 secs] 
1.745: [GC (Allocation Failure) 1.745: [DefNew: 960K->64K(960K), 0.0011695 secs] 203035K->202479K(524224K), 0.0011929 secs] [Times: user=0.00 sys=0.00, real=0.00 secs] 
1.749: [GC (Allocation Failure) 1.749: [DefNew: 960K->64K(960K), 0.0012182 secs] 203383K->202839K(524224K), 0.0012465 secs] [Times: user=0.02 sys=0.00, real=0.00 secs] 
1.752: [GC (Allocation Failure) 1.752: [DefNew: 960K->63K(960K), 0.0014489 secs] 203746K->203180K(524224K), 0.0015068 secs] [Times: user=0.00 sys=0.00, real=0.00 secs] 
1.754: [GC (Allocation Failure) 1.754: [DefNew: 959K->63K(960K), 0.0013879 secs] 204079K->203596K(524224K), 0.0014247 secs] [Times: user=0.00 sys=0.00, real=0.00 secs] 
1.757: [GC (Allocation Failure) 1.757: [DefNew: 959K->63K(960K), 0.0012670 secs] 204496K->203935K(524224K), 0.0012952 secs] [Times: user=0.00 sys=0.00, real=0.00 secs] 
1.759: [GC (Allocation Failure) 1.759: [DefNew: 959K->63K(960K), 0.0010583 secs] 204838K->204246K(524224K), 0.0010831 secs] [Times: user=0.00 sys=0.00, real=0.00 secs] 
1.763: [GC (Allocation Failure) 1.763: [DefNew: 959K->63K(960K), 0.0011384 secs] 205150K->204589K(524224K), 0.0011675 secs] [Times: user=0.00 sys=0.00, real=0.00 secs] 
1.765: [GC (Allocation Failure) 1.765: [DefNew: 959K->63K(960K), 0.0013018 secs] 205493K->204912K(524224K), 0.0013317 secs] [Times: user=0.00 sys=0.00, real=0.00 secs] 
1.768: [GC (Allocation Failure) 1.768: [DefNew: 959K->64K(960K), 0.0011544 secs] 205812K->205268K(524224K), 0.0011812 secs] [Times: user=0.00 sys=0.00, real=0.00 secs] 
1.771: [GC (Allocation Failure) 1.771: [DefNew: 960K->63K(960K), 0.0011749 secs] 206167K->205603K(524224K), 0.0012048 secs] [Times: user=0.00 sys=0.00, real=0.00 secs] 
1.774: [GC (Allocation Failure) 1.774: [DefNew: 959K->63K(960K), 0.0010512 secs] 206502K->205911K(524224K), 0.0010751 secs] [Times: user=0.00 sys=0.00, real=0.00 secs] 
1.778: [GC (Allocation Failure) 1.778: [DefNew: 959K->64K(960K), 0.0012485 secs] 206811K->206245K(524224K), 0.0012887 secs] [Times: user=0.00 sys=0.00, real=0.00 secs] 
1.781: [GC (Allocation Failure) 1.781: [DefNew: 960K->63K(960K), 0.0012949 secs] 207148K->206663K(524224K), 0.0013232 secs] [Times: user=0.00 sys=0.00, real=0.00 secs] 
1.784: [GC (Allocation Failure) 1.784: [DefNew: 959K->63K(960K), 0.0013756 secs] 207568K->207024K(524224K), 0.0014064 secs] [Times: user=0.00 sys=0.00, real=0.00 secs] 
1.787: [GC (Allocation Failure) 1.787: [DefNew: 959K->63K(960K), 0.0013100 secs] 207925K->207390K(524224K), 0.0013397 secs] [Times: user=0.00 sys=0.00, real=0.00 secs] 
1.791: [GC (Allocation Failure) 1.791: [DefNew: 959K->63K(960K), 0.0012679 secs] 208292K->207714K(524224K), 0.0013004 secs] [Times: user=0.00 sys=0.00, real=0.00 secs] 
1.794: [GC (Allocation Failure) 1.794: [DefNew: 959K->63K(960K), 0.0014058 secs] 208618K->208138K(524224K), 0.0014440 secs] [Times: user=0.00 sys=0.00, real=0.00 secs] 
1.796: [GC (Allocation Failure) 1.796: [DefNew: 959K->63K(960K), 0.0014515 secs] 209040K->208532K(524224K), 0.0014862 secs] [Times: user=0.02 sys=0.00, real=0.00 secs] 
1.800: [GC (Allocation Failure) 1.800: [DefNew: 959K->63K(960K), 0.0016188 secs] 209434K->208968K(524224K), 0.0016596 secs] [Times: user=0.00 sys=0.00, real=0.00 secs] 
1.802: [GC (Allocation Failure) 1.802: [DefNew: 959K->64K(960K), 0.0019766 secs] 209869K->209444K(524224K), 0.0020211 secs] [Times: user=0.00 sys=0.00, real=0.00 secs] 
1.806: [GC (Allocation Failure) 1.806: [DefNew: 960K->63K(960K), 0.0021212 secs] 210364K->210036K(524224K), 0.0021916 secs] [Times: user=0.00 sys=0.00, real=0.00 secs] 
1.810: [GC (Allocation Failure) 1.810: [DefNew: 959K->64K(960K), 0.0026372 secs] 210947K->210555K(524224K), 0.0027036 secs] [Times: user=0.00 sys=0.00, real=0.00 secs] 
1.814: [GC (Allocation Failure) 1.814: [DefNew: 960K->64K(960K), 0.0020285 secs] 211460K->211081K(524224K), 0.0020855 secs] [Times: user=0.00 sys=0.00, real=0.00 secs] 
1.818: [GC (Allocation Failure) 1.818: [DefNew: 960K->63K(960K), 0.0020744 secs] 211983K->211568K(524224K), 0.0021400 secs] [Times: user=0.00 sys=0.00, real=0.00 secs] 
1.821: [GC (Allocation Failure) 1.821: [DefNew: 959K->64K(960K), 0.0020522 secs] 212470K->212020K(524224K), 0.0021195 secs] [Times: user=0.00 sys=0.00, real=0.00 secs] 
1.825: [GC (Allocation Failure) 1.825: [DefNew: 960K->63K(960K), 0.0018711 secs] 212936K->212576K(524224K), 0.0019321 secs] [Times: user=0.00 sys=0.00, real=0.00 secs] 
1.828: [GC (Allocation Failure) 1.828: [DefNew: 959K->64K(960K), 0.0018127 secs] 213481K->213032K(524224K), 0.0018577 secs] [Times: user=0.00 sys=0.00, real=0.00 secs] 
1.832: [GC (Allocation Failure) 1.832: [DefNew: 960K->63K(960K), 0.0019196 secs] 213946K->213604K(524224K), 0.0019783 secs] [Times: user=0.00 sys=0.00, real=0.00 secs] 
1.836: [GC (Allocation Failure) 1.836: [DefNew: 959K->63K(960K), 0.0019073 secs] 214505K->214063K(524224K), 0.0019575 secs] [Times: user=0.00 sys=0.00, real=0.00 secs] 
1.839: [GC (Allocation Failure) 1.839: [DefNew: 959K->63K(960K), 0.0016308 secs] 214960K->214513K(524224K), 0.0016710 secs] [Times: user=0.00 sys=0.00, real=0.00 secs] 
1.842: [GC (Allocation Failure) 1.842: [DefNew: 959K->64K(960K), 0.0020239 secs] 215422K->215028K(524224K), 0.0020787 secs] [Times: user=0.01 sys=0.00, real=0.00 secs] 
1.845: [GC (Allocation Failure) 1.845: [DefNew: 960K->63K(960K), 0.0017674 secs] 215939K->215528K(524224K), 0.0018150 secs] [Times: user=0.00 sys=0.00, real=0.00 secs] 
1.849: [GC (Allocation Failure) 1.849: [DefNew: 959K->63K(960K), 0.0017380 secs] 216428K->215993K(524224K), 0.0017753 secs] [Times: user=0.00 sys=0.00, real=0.00 secs] 
1.853: [GC (Allocation Failure) 1.853: [DefNew: 959K->63K(960K), 0.0021634 secs] 216917K->216588K(524224K), 0.0022210 secs] [Times: user=0.00 sys=0.00, real=0.00 secs] 
1.856: [GC (Allocation Failure) 1.856: [DefNew: 959K->63K(960K), 0.0017323 secs] 217488K->217042K(524224K), 0.0017691 secs] [Times: user=0.00 sys=0.00, real=0.00 secs] 
1.860: [GC (Allocation Failure) 1.860: [DefNew: 959K->63K(960K), 0.0020664 secs] 217955K->217539K(524224K), 0.0021363 secs] [Times: user=0.00 sys=0.00, real=0.00 secs] 
1.863: [GC (Allocation Failure) 1.863: [DefNew: 959K->63K(960K), 0.0017873 secs] 218441K->218017K(524224K), 0.0018392 secs] [Times: user=0.00 sys=0.00, real=0.00 secs] 
1.867: [GC (Allocation Failure) 1.867: [DefNew: 959K->64K(960K), 0.0020738 secs] 218917K->218457K(524224K), 0.0021349 secs] [Times: user=0.00 sys=0.00, real=0.00 secs] 
1.870: [GC (Allocation Failure) 1.870: [DefNew: 960K->64K(960K), 0.0016747 secs] 219363K->218922K(524224K), 0.0017129 secs] [Times: user=0.00 sys=0.00, real=0.00 secs] 
1.874: [GC (Allocation Failure) 1.874: [DefNew: 960K->64K(960K), 0.0016131 secs] 219824K->219382K(524224K), 0.0016525 secs] [Times: user=0.02 sys=0.00, real=0.00 secs] 
1.877: [GC (Allocation Failure) 1.877: [DefNew: 960K->63K(960K), 0.0022346 secs] 220284K->219806K(524224K), 0.0022945 secs] [Times: user=0.00 sys=0.00, real=0.00 secs] 
1.880: [GC (Allocation Failure) 1.880: [DefNew: 959K->63K(960K), 0.0022170 secs] 220723K->220309K(524224K), 0.0022757 secs] [Times: user=0.00 sys=0.00, real=0.00 secs] 
1.884: [GC (Allocation Failure) 1.884: [DefNew: 959K->63K(960K), 0.0022033 secs] 221214K->220794K(524224K), 0.0022569 secs] [Times: user=0.00 sys=0.00, real=0.00 secs] 
1.887: [GC (Allocation Failure) 1.887: [DefNew: 959K->63K(960K), 0.0015989 secs] 221692K->221212K(524224K), 0.0016362 secs] [Times: user=0.00 sys=0.00, real=0.00 secs] 
1.890: [GC (Allocation Failure) 1.890: [DefNew: 959K->64K(960K), 0.0015957 secs] 222118K->221668K(524224K), 0.0016368 secs] [Times: user=0.01 sys=0.00, real=0.00 secs] 
1.892: [GC (Allocation Failure) 1.892: [DefNew: 960K->64K(960K), 0.0016624 secs] 222567K->222084K(524224K), 0.0017052 secs] [Times: user=0.00 sys=0.00, real=0.00 secs] 
1.896: [GC (Allocation Failure) 1.896: [DefNew: 960K->64K(960K), 0.0017354 secs] 222994K->222582K(524224K), 0.0017862 secs] [Times: user=0.00 sys=0.00, real=0.00 secs] 
1.900: [GC (Allocation Failure) 1.900: [DefNew: 960K->64K(960K), 0.0016659 secs] 223485K->222994K(524224K), 0.0017058 secs] [Times: user=0.00 sys=0.00, real=0.00 secs] 
1.903: [GC (Allocation Failure) 1.903: [DefNew: 960K->64K(960K), 0.0018854 secs] 223914K->223538K(524224K), 0.0019361 secs] [Times: user=0.00 sys=0.00, real=0.00 secs] 
1.907: [GC (Allocation Failure) 1.907: [DefNew: 960K->63K(960K), 0.0018555 secs] 224446K->224038K(524224K), 0.0018968 secs] [Times: user=0.00 sys=0.00, real=0.00 secs] 
1.910: [GC (Allocation Failure) 1.910: [DefNew: 959K->63K(960K), 0.0019649 secs] 224940K->224511K(524224K), 0.0020123 secs] [Times: user=0.00 sys=0.00, real=0.00 secs] 
1.914: [GC (Allocation Failure) 1.914: [DefNew: 959K->64K(960K), 0.0018634 secs] 225420K->225030K(524224K), 0.0019085 secs] [Times: user=0.00 sys=0.00, real=0.00 secs] 
1.918: [GC (Allocation Failure) 1.918: [DefNew: 960K->63K(960K), 0.0018164 secs] 225934K->225504K(524224K), 0.0018606 secs] [Times: user=0.00 sys=0.00, real=0.00 secs] 
1.921: [GC (Allocation Failure) 1.921: [DefNew: 959K->63K(960K), 0.0017232 secs] 226411K->225966K(524224K), 0.0017622 secs] [Times: user=0.02 sys=0.00, real=0.00 secs] 
1.925: [GC (Allocation Failure) 1.925: [DefNew: 959K->64K(960K), 0.0018848 secs] 226868K->226432K(524224K), 0.0019279 secs] [Times: user=0.00 sys=0.00, real=0.00 secs] 
1.928: [GC (Allocation Failure) 1.928: [DefNew: 960K->63K(960K), 0.0016832 secs] 227334K->226896K(524224K), 0.0017212 secs] [Times: user=0.00 sys=0.00, real=0.00 secs] 
1.932: [GC (Allocation Failure) 1.932: [DefNew: 959K->63K(960K), 0.0017659 secs] 227802K->227391K(524224K), 0.0018070 secs] [Times: user=0.00 sys=0.00, real=0.00 secs] 
1.935: [GC (Allocation Failure) 1.935: [DefNew: 959K->64K(960K), 0.0016345 secs] 228293K->227833K(524224K), 0.0016716 secs] [Times: user=0.00 sys=0.00, real=0.00 secs] 
1.938: [GC (Allocation Failure) 1.938: [DefNew: 960K->63K(960K), 0.0021374 secs] 228740K->228311K(524224K), 0.0021899 secs] [Times: user=0.00 sys=0.00, real=0.00 secs] 
1.942: [GC (Allocation Failure) 1.942: [DefNew: 959K->63K(960K), 0.0022714 secs] 229218K->228811K(524224K), 0.0023130 secs] [Times: user=0.00 sys=0.00, real=0.00 secs] 
1.945: [GC (Allocation Failure) 1.945: [DefNew: 959K->63K(960K), 0.0016242 secs] 229712K->229275K(524224K), 0.0016613 secs] [Times: user=0.00 sys=0.00, real=0.00 secs] 
1.966: [GC (Allocation Failure) 1.966: [DefNew: 959K->64K(960K), 0.0098717 secs] 234274K->233836K(524224K), 0.0099512 secs] [Times: user=0.02 sys=0.00, real=0.01 secs] 
1.977: [GC (Allocation Failure) 1.977: [DefNew: 960K->63K(960K), 0.0016388 secs] 234733K->234235K(524224K), 0.0016852 secs] [Times: user=0.00 sys=0.00, real=0.00 secs] 
1.980: [GC (Allocation Failure) 1.980: [DefNew: 959K->63K(960K), 0.0014500 secs] 235136K->234639K(524224K), 0.0014897 secs] [Times: user=0.00 sys=0.00, real=0.00 secs] 
1.982: [GC (Allocation Failure) 1.982: [DefNew: 959K->63K(960K), 0.0013243 secs] 235536K->234988K(524224K), 0.0013577 secs] [Times: user=0.00 sys=0.00, real=0.00 secs] 
1.985: [GC (Allocation Failure) 1.985: [DefNew: 959K->63K(960K), 0.0012473 secs] 235889K->235324K(524224K), 0.0012821 secs] [Times: user=0.00 sys=0.00, real=0.00 secs] 
1.989: [GC (Allocation Failure) 1.989: [DefNew: 959K->63K(960K), 0.0016747 secs] 236234K->235753K(524224K), 0.0017300 secs] [Times: user=0.00 sys=0.00, real=0.00 secs] 
1.993: [GC (Allocation Failure) 1.993: [DefNew: 959K->64K(960K), 0.0017103 secs] 236662K->236203K(524224K), 0.0017565 secs] [Times: user=0.00 sys=0.00, real=0.00 secs] 
1.997: [GC (Allocation Failure) 1.997: [DefNew: 960K->63K(960K), 0.0019421 secs] 237105K->236629K(524224K), 0.0019926 secs] [Times: user=0.00 sys=0.00, real=0.00 secs] 
2.000: [GC (Allocation Failure) 2.000: [DefNew: 959K->63K(960K), 0.0013751 secs] 237530K->237010K(524224K), 0.0014138 secs] [Times: user=0.00 sys=0.00, real=0.00 secs] 
2.003: [GC (Allocation Failure) 2.003: [DefNew: 959K->63K(960K), 0.0016995 secs] 237923K->237515K(524224K), 0.0017551 secs] [Times: user=0.00 sys=0.00, real=0.00 secs] 
2.007: [GC (Allocation Failure) 2.007: [DefNew: 959K->63K(960K), 0.0016892 secs] 238421K->237948K(524224K), 0.0017434 secs] [Times: user=0.00 sys=0.00, real=0.00 secs] 
2.010: [GC (Allocation Failure) 2.010: [DefNew: 959K->63K(960K), 0.0014478 secs] 238845K->238353K(524224K), 0.0014882 secs] [Times: user=0.00 sys=0.00, real=0.00 secs] 
2.013: [GC (Allocation Failure) 2.013: [DefNew: 959K->64K(960K), 0.0012365 secs] 239254K->238691K(524224K), 0.0012724 secs] [Times: user=0.00 sys=0.00, real=0.00 secs] 
2.015: [GC (Allocation Failure) 2.015: [DefNew: 960K->64K(960K), 0.0012354 secs] 239590K->239031K(524224K), 0.0012673 secs] [Times: user=0.02 sys=0.00, real=0.00 secs] 
2.018: [GC (Allocation Failure) 2.018: [DefNew: 960K->63K(960K), 0.0012279 secs] 239931K->239365K(524224K), 0.0012590 secs] [Times: user=0.00 sys=0.00, real=0.00 secs] 
2.020: [GC (Allocation Failure) 2.020: [DefNew: 959K->64K(960K), 0.0014948 secs] 240275K->239794K(524224K), 0.0015413 secs] [Times: user=0.00 sys=0.00, real=0.00 secs] 
2.024: [GC (Allocation Failure) 2.024: [DefNew: 960K->63K(960K), 0.0015093 secs] 240696K->240200K(524224K), 0.0015447 secs] [Times: user=0.00 sys=0.00, real=0.00 secs] 
2.028: [GC (Allocation Failure) 2.028: [DefNew: 959K->63K(960K), 0.0014104 secs] 241101K->240537K(524224K), 0.0014572 secs] [Times: user=0.00 sys=0.00, real=0.00 secs] 
2.031: [GC (Allocation Failure) 2.031: [DefNew: 959K->63K(960K), 0.0014121 secs] 241436K->240930K(524224K), 0.0014486 secs] [Times: user=0.00 sys=0.00, real=0.00 secs] 
2.034: [GC (Allocation Failure) 2.034: [DefNew: 959K->64K(960K), 0.0013386 secs] 241826K->241275K(524224K), 0.0013733 secs] [Times: user=0.00 sys=0.00, real=0.00 secs] 
2.036: [GC (Allocation Failure) 2.036: [DefNew: 960K->63K(960K), 0.0012701 secs] 242171K->241628K(524224K), 0.0013024 secs] [Times: user=0.00 sys=0.00, real=0.00 secs] 
2.040: [GC (Allocation Failure) 2.040: [DefNew: 959K->64K(960K), 0.0015470 secs] 242529K->242000K(524224K), 0.0016000 secs] [Times: user=0.00 sys=0.00, real=0.00 secs] 
2.042: [GC (Allocation Failure) 2.042: [DefNew: 960K->63K(960K), 0.0013260 secs] 242900K->242367K(524224K), 0.0013636 secs] [Times: user=0.00 sys=0.00, real=0.00 secs] 
2.045: [GC (Allocation Failure) 2.045: [DefNew: 959K->64K(960K), 0.0014127 secs] 243268K->242783K(524224K), 0.0014563 secs] [Times: user=0.00 sys=0.00, real=0.00 secs] 
2.049: [GC (Allocation Failure) 2.049: [DefNew: 960K->64K(960K), 0.0015712 secs] 243682K->243112K(524224K), 0.0016254 secs] [Times: user=0.00 sys=0.00, real=0.00 secs] 
2.051: [GC (Allocation Failure) 2.051: [DefNew: 960K->63K(960K), 0.0015230 secs] 244035K->243577K(524224K), 0.0015666 secs] [Times: user=0.00 sys=0.00, real=0.00 secs] 
2.054: [GC (Allocation Failure) 2.054: [DefNew: 959K->63K(960K), 0.0020262 secs] 244481K->244016K(524224K), 0.0020878 secs] [Times: user=0.00 sys=0.00, real=0.00 secs] 
2.058: [GC (Allocation Failure) 2.058: [DefNew: 959K->64K(960K), 0.0014663 secs] 244914K->244387K(524224K), 0.0015031 secs] [Times: user=0.00 sys=0.00, real=0.00 secs] 
2.061: [GC (Allocation Failure) 2.061: [DefNew: 960K->63K(960K), 0.0014803 secs] 245291K->244761K(524224K), 0.0015225 secs] [Times: user=0.02 sys=0.00, real=0.00 secs] 
2.064: [GC (Allocation Failure) 2.064: [DefNew: 959K->63K(960K), 0.0016117 secs] 245665K->245234K(524224K), 0.0016604 secs] [Times: user=0.00 sys=0.00, real=0.00 secs] 
2.066: [GC (Allocation Failure) 2.066: [DefNew: 959K->63K(960K), 0.0014372 secs] 246133K->245585K(524224K), 0.0014706 secs] [Times: user=0.00 sys=0.00, real=0.00 secs] 
2.069: [GC (Allocation Failure) 2.069: [DefNew: 959K->63K(960K), 0.0016927 secs] 246487K->245956K(524224K), 0.0017394 secs] [Times: user=0.00 sys=0.00, real=0.00 secs] 
2.071: [GC (Allocation Failure) 2.071: [DefNew: 959K->63K(960K), 0.0013865 secs] 246855K->246299K(524224K), 0.0014249 secs] [Times: user=0.00 sys=0.00, real=0.00 secs] 
2.074: [GC (Allocation Failure) 2.074: [DefNew: 959K->63K(960K), 0.0012852 secs] 247200K->246630K(524224K), 0.0013289 secs] [Times: user=0.00 sys=0.00, real=0.00 secs] 
2.076: [GC (Allocation Failure) 2.076: [DefNew: 959K->63K(960K), 0.0015319 secs] 247533K->247022K(524224K), 0.0015886 secs] [Times: user=0.00 sys=0.00, real=0.00 secs] 
2.080: [GC (Allocation Failure) 2.080: [DefNew: 959K->63K(960K), 0.0016188 secs] 247935K->247519K(524224K), 0.0016661 secs] [Times: user=0.00 sys=0.00, real=0.00 secs] 
2.083: [GC (Allocation Failure) 2.083: [DefNew: 959K->63K(960K), 0.0016570 secs] 248417K->247911K(524224K), 0.0017106 secs] [Times: user=0.00 sys=0.00, real=0.00 secs] 
2.087: [GC (Allocation Failure) 2.087: [DefNew: 959K->63K(960K), 0.0014811 secs] 248814K->248325K(524224K), 0.0015193 secs] [Times: user=0.00 sys=0.00, real=0.00 secs] 
2.090: [GC (Allocation Failure) 2.090: [DefNew: 959K->63K(960K), 0.0013713 secs] 249223K->248682K(524224K), 0.0014067 secs] [Times: user=0.00 sys=0.00, real=0.00 secs] 
2.092: [GC (Allocation Failure) 2.092: [DefNew: 959K->64K(960K), 0.0014386 secs] 249586K->249091K(524224K), 0.0014794 secs] [Times: user=0.00 sys=0.00, real=0.00 secs] 
2.095: [GC (Allocation Failure) 2.095: [DefNew: 960K->63K(960K), 0.0015156 secs] 249990K->249473K(524224K), 0.0015655 secs] [Times: user=0.00 sys=0.00, real=0.00 secs] 
2.098: [GC (Allocation Failure) 2.098: [DefNew: 959K->63K(960K), 0.0012493 secs] 250371K->249814K(524224K), 0.0012830 secs] [Times: user=0.00 sys=0.00, real=0.00 secs] 
2.100: [GC (Allocation Failure) 2.100: [DefNew: 959K->63K(960K), 0.0012157 secs] 250714K->250155K(524224K), 0.0012462 secs] [Times: user=0.00 sys=0.00, real=0.00 secs] 
2.103: [GC (Allocation Failure) 2.103: [DefNew: 959K->63K(960K), 0.0013970 secs] 251060K->250553K(524224K), 0.0014432 secs] [Times: user=0.00 sys=0.00, real=0.00 secs] 
2.106: [GC (Allocation Failure) 2.106: [DefNew: 959K->64K(960K), 0.0015128 secs] 251456K->250947K(524224K), 0.0015544 secs] [Times: user=0.00 sys=0.00, real=0.00 secs] 
2.109: [GC (Allocation Failure) 2.109: [DefNew: 960K->64K(960K), 0.0013109 secs] 251847K->251279K(524224K), 0.0013483 secs] [Times: user=0.00 sys=0.00, real=0.00 secs] 
2.111: [GC (Allocation Failure) 2.111: [DefNew: 960K->63K(960K), 0.0012507 secs] 252177K->251607K(524224K), 0.0012861 secs] [Times: user=0.00 sys=0.00, real=0.00 secs] 
2.114: [GC (Allocation Failure) 2.114: [DefNew: 959K->64K(960K), 0.0020373 secs] 252524K->252098K(524224K), 0.0020941 secs] [Times: user=0.00 sys=0.00, real=0.00 secs] 
2.118: [GC (Allocation Failure) 2.118: [DefNew: 960K->63K(960K), 0.0023430 secs] 253012K->252602K(524224K), 0.0024074 secs] [Times: user=0.00 sys=0.00, real=0.00 secs] 
2.121: [GC (Allocation Failure) 2.121: [DefNew: 959K->64K(960K), 0.0024562 secs] 253510K->253110K(524224K), 0.0025172 secs] [Times: user=0.00 sys=0.00, real=0.00 secs] 
2.126: [GC (Allocation Failure) 2.126: [DefNew: 960K->63K(960K), 0.0017679 secs] 254016K->253603K(524224K), 0.0018252 secs] [Times: user=0.00 sys=0.00, real=0.00 secs] 
2.129: [GC (Allocation Failure) 2.129: [DefNew: 959K->64K(960K), 0.0013842 secs] 254505K->253949K(524224K), 0.0014252 secs] [Times: user=0.00 sys=0.00, real=0.00 secs] 
2.133: [GC (Allocation Failure) 2.133: [DefNew: 960K->63K(960K), 0.0013748 secs] 254852K->254346K(524224K), 0.0014232 secs] [Times: user=0.00 sys=0.00, real=0.00 secs] 
2.137: [GC (Allocation Failure) 2.137: [DefNew: 959K->63K(960K), 0.0014606 secs] 255243K->254725K(524224K), 0.0015082 secs] [Times: user=0.00 sys=0.00, real=0.00 secs] 
2.140: [GC (Allocation Failure) 2.140: [DefNew: 959K->64K(960K), 0.0013508 secs] 255622K->255073K(524224K), 0.0013933 secs] [Times: user=0.00 sys=0.00, real=0.00 secs] 
2.144: [GC (Allocation Failure) 2.144: [DefNew: 960K->64K(960K), 0.0015829 secs] 255981K->255508K(524224K), 0.0016328 secs] [Times: user=0.00 sys=0.00, real=0.00 secs] 
2.147: [GC (Allocation Failure) 2.147: [DefNew: 960K->64K(960K), 0.0014478 secs] 256407K->255910K(524224K), 0.0014957 secs] [Times: user=0.00 sys=0.00, real=0.00 secs] 
2.150: [GC (Allocation Failure) 2.150: [DefNew: 960K->63K(960K), 0.0014931 secs] 256819K->256283K(524224K), 0.0015504 secs] [Times: user=0.00 sys=0.00, real=0.00 secs] 
2.153: [GC (Allocation Failure) 2.153: [DefNew: 959K->63K(960K), 0.0019350 secs] 257191K->256785K(524224K), 0.0020040 secs] [Times: user=0.00 sys=0.00, real=0.00 secs] 
2.158: [GC (Allocation Failure) 2.158: [DefNew: 959K->64K(960K), 0.0015159 secs] 257684K->257185K(524224K), 0.0015587 secs] [Times: user=0.00 sys=0.00, real=0.00 secs] 
2.161: [GC (Allocation Failure) 2.161: [DefNew: 960K->63K(960K), 0.0013870 secs] 258084K->257546K(524224K), 0.0014247 secs] [Times: user=0.00 sys=0.00, real=0.00 secs] 
2.164: [GC (Allocation Failure) 2.164: [DefNew: 959K->63K(960K), 0.0014703 secs] 258444K->257960K(524224K), 0.0015182 secs] [Times: user=0.00 sys=0.00, real=0.00 secs] 
2.167: [GC (Allocation Failure) 2.167: [DefNew: 959K->63K(960K), 0.0012858 secs] 258858K->258297K(524224K), 0.0013197 secs] [Times: user=0.00 sys=0.00, real=0.00 secs] 
2.169: [GC (Allocation Failure) 2.169: [DefNew: 959K->64K(960K), 0.0013397 secs] 259205K->258717K(524224K), 0.0013833 secs] [Times: user=0.00 sys=0.00, real=0.00 secs] 
2.172: [GC (Allocation Failure) 2.172: [DefNew: 960K->63K(960K), 0.0014905 secs] 259622K->259079K(524224K), 0.0015367 secs] [Times: user=0.00 sys=0.00, real=0.00 secs] 
2.174: [GC (Allocation Failure) 2.174: [DefNew: 959K->64K(960K), 0.0012641 secs] 259977K->259489K(524224K), 0.0013009 secs] [Times: user=0.00 sys=0.00, real=0.00 secs] 
2.178: [GC (Allocation Failure) 2.178: [DefNew: 960K->63K(960K), 0.0022352 secs] 260393K->259926K(524224K), 0.0023205 secs] [Times: user=0.00 sys=0.00, real=0.00 secs] 
2.182: [GC (Allocation Failure) 2.182: [DefNew: 959K->64K(960K), 0.0020733 secs] 260829K->260363K(524224K), 0.0021474 secs] [Times: user=0.00 sys=0.00, real=0.00 secs] 
2.185: [GC (Allocation Failure) 2.185: [DefNew: 960K->64K(960K), 0.0021919 secs] 261289K->260937K(524224K), 0.0022577 secs] [Times: user=0.01 sys=0.00, real=0.00 secs] 
2.190: [GC (Allocation Failure) 2.190: [DefNew: 960K->64K(960K), 0.0021890 secs] 261834K->261341K(524224K), 0.0022537 secs] [Times: user=0.00 sys=0.00, real=0.00 secs] 
2.193: [GC (Allocation Failure) 2.193: [DefNew: 960K->63K(960K), 0.0013374 secs] 262244K->261663K(524224K), 0.0013742 secs] [Times: user=0.00 sys=0.00, real=0.00 secs] 
2.196: [GC (Allocation Failure) 2.196: [DefNew: 959K->63K(960K), 0.0011940 secs] 262566K->262006K(524224K), 0.0012279 secs] [Times: user=0.00 sys=0.00, real=0.00 secs] 
2.199: [GC (Allocation Failure) 2.199: [DefNew: 959K->63K(960K), 0.0016237 secs] 262907K->262345K(524224K), 0.0016798 secs] [Times: user=0.00 sys=0.00, real=0.00 secs] 
2.201: [GC (Allocation Failure) 2.201: [DefNew: 959K->63K(960K), 0.0011646 secs] 263243K->262663K(524224K), 0.0011917 secs] [Times: user=0.00 sys=0.00, real=0.00 secs] 
2.205: [GC (Allocation Failure) 2.205: [DefNew: 959K->63K(960K), 0.0015196 secs] 263574K->263117K(524224K), 0.0015869 secs] [Times: user=0.00 sys=0.00, real=0.00 secs] 
2.208: [GC (Allocation Failure) 2.208: [DefNew: 959K->63K(960K), 0.0016653 secs] 264020K->263534K(524224K), 0.0017169 secs] [Times: user=0.00 sys=0.00, real=0.00 secs] 
2.213: [GC (Allocation Failure) 2.213: [DefNew: 959K->63K(960K), 0.0021719 secs] 264441K->264020K(524224K), 0.0022403 secs] [Times: user=0.00 sys=0.00, real=0.00 secs] 
2.216: [GC (Allocation Failure) 2.216: [DefNew: 959K->64K(960K), 0.0015521 secs] 264918K->264417K(524224K), 0.0016000 secs] [Times: user=0.00 sys=0.00, real=0.00 secs] 
2.220: [GC (Allocation Failure) 2.220: [DefNew: 960K->64K(960K), 0.0014540 secs] 265320K->264774K(524224K), 0.0015105 secs] [Times: user=0.00 sys=0.00, real=0.00 secs] 
2.223: [GC (Allocation Failure) 2.223: [DefNew: 960K->63K(960K), 0.0015578 secs] 265673K->265171K(524224K), 0.0016077 secs] [Times: user=0.00 sys=0.00, real=0.00 secs] 
2.225: [GC (Allocation Failure) 2.225: [DefNew: 959K->63K(960K), 0.0015179 secs] 266069K->265552K(524224K), 0.0015595 secs] [Times: user=0.00 sys=0.00, real=0.00 secs] 
2.228: [GC (Allocation Failure) 2.228: [DefNew: 959K->64K(960K), 0.0015088 secs] 266453K->265950K(524224K), 0.0015581 secs] [Times: user=0.00 sys=0.00, real=0.00 secs] 
2.230: [GC (Allocation Failure) 2.230: [DefNew: 960K->63K(960K), 0.0017081 secs] 266859K->266423K(524224K), 0.0017537 secs] [Times: user=0.00 sys=0.00, real=0.00 secs] 
2.234: [GC (Allocation Failure) 2.234: [DefNew: 959K->63K(960K), 0.0016000 secs] 267320K->266806K(524224K), 0.0016450 secs] [Times: user=0.00 sys=0.00, real=0.00 secs] 
2.237: [GC (Allocation Failure) 2.237: [DefNew: 959K->63K(960K), 0.0015952 secs] 267705K->267193K(524224K), 0.0016448 secs] [Times: user=0.00 sys=0.00, real=0.00 secs] 
2.239: [GC (Allocation Failure) 2.239: [DefNew: 959K->63K(960K), 0.0013845 secs] 268094K->267594K(524224K), 0.0014224 secs] [Times: user=0.00 sys=0.00, real=0.00 secs] 
2.242: [GC (Allocation Failure) 2.242: [DefNew: 959K->63K(960K), 0.0015005 secs] 268496K->267939K(524224K), 0.0015507 secs] [Times: user=0.00 sys=0.00, real=0.00 secs] 
2.244: [GC (Allocation Failure) 2.244: [DefNew: 959K->63K(960K), 0.0015256 secs] 268837K->268325K(524224K), 0.0015709 secs] [Times: user=0.00 sys=0.00, real=0.00 secs] 
2.248: [GC (Allocation Failure) 2.248: [DefNew: 959K->63K(960K), 0.0022101 secs] 269261K->268899K(524224K), 0.0022862 secs] [Times: user=0.02 sys=0.00, real=0.00 secs] 
2.251: [GC (Allocation Failure) 2.251: [DefNew: 959K->64K(960K), 0.0022372 secs] 269801K->269335K(524224K), 0.0023062 secs] [Times: user=0.00 sys=0.00, real=0.00 secs] 
2.256: [GC (Allocation Failure) 2.256: [DefNew: 960K->63K(960K), 0.0022304 secs] 270252K->269906K(524224K), 0.0023019 secs] [Times: user=0.00 sys=0.00, real=0.00 secs] 
2.260: [GC (Allocation Failure) 2.260: [DefNew: 959K->63K(960K), 0.0018532 secs] 270805K->270273K(524224K), 0.0019025 secs] [Times: user=0.00 sys=0.00, real=0.00 secs] 
2.263: [GC (Allocation Failure) 2.263: [DefNew: 959K->64K(960K), 0.0015364 secs] 271172K->270650K(524224K), 0.0015875 secs] [Times: user=0.00 sys=0.00, real=0.00 secs] 
2.267: [GC (Allocation Failure) 2.267: [DefNew: 960K->63K(960K), 0.0015364 secs] 271549K->271043K(524224K), 0.0015983 secs] [Times: user=0.00 sys=0.00, real=0.00 secs] 
2.269: [GC (Allocation Failure) 2.269: [DefNew: 959K->64K(960K), 0.0014663 secs] 271942K->271417K(524224K), 0.0015113 secs] [Times: user=0.00 sys=0.00, real=0.00 secs] 
2.272: [GC (Allocation Failure) 2.272: [DefNew: 960K->63K(960K), 0.0015148 secs] 272329K->271859K(524224K), 0.0015880 secs] [Times: user=0.00 sys=0.00, real=0.00 secs] 
2.276: [GC (Allocation Failure) 2.276: [DefNew: 959K->63K(960K), 0.0019270 secs] 272758K->272227K(524224K), 0.0020051 secs] [Times: user=0.00 sys=0.00, real=0.00 secs] 
2.280: [GC (Allocation Failure) 2.280: [DefNew: 959K->63K(960K), 0.0018706 secs] 273151K->272758K(524224K), 0.0019413 secs] [Times: user=0.01 sys=0.00, real=0.00 secs] 
2.284: [GC (Allocation Failure) 2.284: [DefNew: 959K->63K(960K), 0.0022637 secs] 273655K->273143K(524224K), 0.0023253 secs] [Times: user=0.00 sys=0.00, real=0.00 secs] 
2.287: [GC (Allocation Failure) 2.287: [DefNew: 959K->63K(960K), 0.0015664 secs] 274045K->273537K(524224K), 0.0016191 secs] [Times: user=0.00 sys=0.00, real=0.00 secs] 
2.290: [GC (Allocation Failure) 2.290: [DefNew: 959K->64K(960K), 0.0015304 secs] 274439K->273936K(524224K), 0.0015792 secs] [Times: user=0.00 sys=0.00, real=0.00 secs] 
2.292: [GC (Allocation Failure) 2.292: [DefNew: 960K->64K(960K), 0.0014067 secs] 274834K->274290K(524224K), 0.0014452 secs] [Times: user=0.00 sys=0.00, real=0.00 secs] 
2.295: [GC (Allocation Failure) 2.295: [DefNew: 960K->63K(960K), 0.0015584 secs] 275187K->274646K(524224K), 0.0016165 secs] [Times: user=0.00 sys=0.00, real=0.00 secs] 
2.298: [GC (Allocation Failure) 2.298: [DefNew: 959K->63K(960K), 0.0016217 secs] 275570K->275127K(524224K), 0.0016764 secs] [Times: user=0.00 sys=0.00, real=0.00 secs] 
2.301: [GC (Allocation Failure) 2.301: [DefNew: 959K->64K(960K), 0.0016251 secs] 276026K->275529K(524224K), 0.0016787 secs] [Times: user=0.00 sys=0.00, real=0.00 secs] 
2.305: [GC (Allocation Failure) 2.305: [DefNew: 960K->63K(960K), 0.0015558 secs] 276438K->275996K(524224K), 0.0016174 secs] [Times: user=0.00 sys=0.00, real=0.00 secs] 
2.308: [GC (Allocation Failure) 2.308: [DefNew: 959K->64K(960K), 0.0022478 secs] 276902K->276452K(524224K), 0.0023196 secs] [Times: user=0.00 sys=0.00, real=0.00 secs] 
2.312: [GC (Allocation Failure) 2.312: [DefNew: 960K->63K(960K), 0.0021833 secs] 277359K->276921K(524224K), 0.0022620 secs] [Times: user=0.00 sys=0.00, real=0.00 secs] 
2.316: [GC (Allocation Failure) 2.316: [DefNew: 959K->63K(960K), 0.0019019 secs] 277822K->277269K(524224K), 0.0019518 secs] [Times: user=0.00 sys=0.00, real=0.00 secs] 
2.319: [GC (Allocation Failure) 2.319: [DefNew: 959K->64K(960K), 0.0015558 secs] 278170K->277655K(524224K), 0.0016026 secs] [Times: user=0.00 sys=0.00, real=0.00 secs] 
2.323: [GC (Allocation Failure) 2.323: [DefNew: 960K->64K(960K), 0.0018774 secs] 278553K->278036K(524224K), 0.0019384 secs] [Times: user=0.00 sys=0.00, real=0.00 secs] 
2.326: [GC (Allocation Failure) 2.326: [DefNew: 960K->64K(960K), 0.0013081 secs] 278934K->278376K(524224K), 0.0013391 secs] [Times: user=0.00 sys=0.00, real=0.00 secs] 
2.329: [GC (Allocation Failure) 2.329: [DefNew: 960K->64K(960K), 0.0011952 secs] 279273K->278682K(524224K), 0.0012245 secs] [Times: user=0.00 sys=0.00, real=0.00 secs] 
2.331: [GC (Allocation Failure) 2.331: [DefNew: 960K->64K(960K), 0.0013465 secs] 279581K->278998K(524224K), 0.0013885 secs] [Times: user=0.00 sys=0.00, real=0.00 secs] 
2.334: [GC (Allocation Failure) 2.334: [DefNew: 960K->64K(960K), 0.0012949 secs] 279897K->279388K(524224K), 0.0013357 secs] [Times: user=0.00 sys=0.00, real=0.00 secs] 
2.337: [GC (Allocation Failure) 2.337: [DefNew: 960K->63K(960K), 0.0013212 secs] 280287K->279754K(524224K), 0.0013557 secs] [Times: user=0.00 sys=0.00, real=0.00 secs] 
2.340: [GC (Allocation Failure) 2.340: [DefNew: 959K->63K(960K), 0.0014771 secs] 280654K->280149K(524224K), 0.0015350 secs] [Times: user=0.00 sys=0.00, real=0.00 secs] 
2.344: [GC (Allocation Failure) 2.344: [DefNew: 959K->64K(960K), 0.0013371 secs] 281050K->280503K(524224K), 0.0013765 secs] [Times: user=0.00 sys=0.00, real=0.00 secs] 
2.346: [GC (Allocation Failure) 2.346: [DefNew: 960K->63K(960K), 0.0013146 secs] 281401K->280875K(524224K), 0.0013457 secs] [Times: user=0.00 sys=0.00, real=0.00 secs] 
2.350: [GC (Allocation Failure) 2.350: [DefNew: 959K->63K(960K), 0.0015587 secs] 281784K->281337K(524224K), 0.0016111 secs] [Times: user=0.00 sys=0.00, real=0.00 secs] 
2.353: [GC (Allocation Failure) 2.353: [DefNew: 959K->63K(960K), 0.0016094 secs] 282237K->281747K(524224K), 0.0016619 secs] [Times: user=0.00 sys=0.00, real=0.00 secs] 
2.357: [GC (Allocation Failure) 2.358: [DefNew: 959K->64K(960K), 0.0021001 secs] 282674K->282397K(524224K), 0.0022421 secs] [Times: user=0.02 sys=0.00, real=0.00 secs] 
2.362: [GC (Allocation Failure) 2.362: [DefNew: 960K->64K(960K), 0.0022996 secs] 283296K->282764K(524224K), 0.0023729 secs] [Times: user=0.00 sys=0.00, real=0.00 secs] 
2.365: [GC (Allocation Failure) 2.365: [DefNew: 960K->64K(960K), 0.0015014 secs] 283663K->283181K(524224K), 0.0015467 secs] [Times: user=0.00 sys=0.00, real=0.00 secs] 
2.368: [GC (Allocation Failure) 2.368: [DefNew: 960K->63K(960K), 0.0015416 secs] 284082K->283595K(524224K), 0.0015849 secs] [Times: user=0.00 sys=0.00, real=0.00 secs] 
2.370: [GC (Allocation Failure) 2.370: [DefNew: 959K->63K(960K), 0.0015589 secs] 284498K->283954K(524224K), 0.0016105 secs] [Times: user=0.00 sys=0.00, real=0.00 secs] 
2.374: [GC (Allocation Failure) 2.374: [DefNew: 959K->64K(960K), 0.0014557 secs] 284852K->284388K(524224K), 0.0015099 secs] [Times: user=0.02 sys=0.00, real=0.00 secs] 
2.378: [GC (Allocation Failure) 2.378: [DefNew: 959K->64K(960K), 0.0019011 secs] 285294K->284875K(524224K), 0.0019760 secs] [Times: user=0.00 sys=0.00, real=0.00 secs] 
2.381: [GC (Allocation Failure) 2.381: [DefNew: 960K->64K(960K), 0.0016011 secs] 285773K->285260K(524224K), 0.0016479 secs] [Times: user=0.00 sys=0.00, real=0.00 secs] 
2.384: [GC (Allocation Failure) 2.384: [DefNew: 960K->63K(960K), 0.0017317 secs] 286158K->285671K(524224K), 0.0017845 secs] [Times: user=0.00 sys=0.00, real=0.00 secs] 
2.387: [GC (Allocation Failure) 2.387: [DefNew: 959K->63K(960K), 0.0021893 secs] 286581K->286138K(524224K), 0.0022512 secs] [Times: user=0.00 sys=0.00, real=0.00 secs] 
2.392: [GC (Allocation Failure) 2.392: [DefNew: 959K->63K(960K), 0.0018885 secs] 287044K->286582K(524224K), 0.0019669 secs] [Times: user=0.00 sys=0.00, real=0.00 secs] 
2.395: [GC (Allocation Failure) 2.395: [DefNew: 959K->63K(960K), 0.0023193 secs] 287500K->287176K(524224K), 0.0023909 secs] [Times: user=0.00 sys=0.00, real=0.00 secs] 
2.400: [GC (Allocation Failure) 2.400: [DefNew: 959K->63K(960K), 0.0024525 secs] 288076K->287620K(524224K), 0.0025063 secs] [Times: user=0.00 sys=0.00, real=0.00 secs] 
2.404: [GC (Allocation Failure) 2.404: [DefNew: 959K->64K(960K), 0.0024855 secs] 288542K->288259K(524224K), 0.0025511 secs] [Times: user=0.02 sys=0.00, real=0.00 secs] 
2.408: [GC (Allocation Failure) 2.408: [DefNew: 960K->63K(960K), 0.0024334 secs] 289160K->288699K(524224K), 0.0024892 secs] [Times: user=0.00 sys=0.00, real=0.00 secs] 
2.412: [GC (Allocation Failure) 2.412: [DefNew: 959K->64K(960K), 0.0020043 secs] 289618K->289229K(524224K), 0.0020553 secs] [Times: user=0.00 sys=0.00, real=0.00 secs] 
2.415: [GC (Allocation Failure) 2.415: [DefNew: 960K->63K(960K), 0.0014335 secs] 290132K->289576K(524224K), 0.0014649 secs] [Times: user=0.00 sys=0.00, real=0.00 secs] 
2.418: [GC (Allocation Failure) 2.418: [DefNew: 959K->64K(960K), 0.0013691 secs] 290477K->289907K(524224K), 0.0014070 secs] [Times: user=0.00 sys=0.00, real=0.00 secs] 
2.421: [GC (Allocation Failure) 2.421: [DefNew: 960K->63K(960K), 0.0014261 secs] 290805K->290265K(524224K), 0.0014714 secs] [Times: user=0.00 sys=0.00, real=0.00 secs] 
2.424: [GC (Allocation Failure) 2.424: [DefNew: 959K->63K(960K), 0.0012248 secs] 291165K->290604K(524224K), 0.0012582 secs] [Times: user=0.00 sys=0.00, real=0.00 secs] 
2.427: [GC (Allocation Failure) 2.427: [DefNew: 959K->64K(960K), 0.0015646 secs] 291505K->290993K(524224K), 0.0016066 secs] [Times: user=0.00 sys=0.00, real=0.00 secs] 
2.430: [GC (Allocation Failure) 2.430: [DefNew: 960K->63K(960K), 0.0013246 secs] 291891K->291347K(524224K), 0.0013557 secs] [Times: user=0.00 sys=0.00, real=0.00 secs] 
2.433: [GC (Allocation Failure) 2.433: [DefNew: 959K->64K(960K), 0.0012727 secs] 292248K->291693K(524224K), 0.0013061 secs] [Times: user=0.00 sys=0.00, real=0.00 secs] 
2.435: [GC (Allocation Failure) 2.435: [DefNew: 960K->63K(960K), 0.0012185 secs] 292590K->292021K(524224K), 0.0012505 secs] [Times: user=0.00 sys=0.00, real=0.00 secs] 
2.439: [GC (Allocation Failure) 2.439: [DefNew: 959K->63K(960K), 0.0014523 secs] 292922K->292381K(524224K), 0.0014996 secs] [Times: user=0.00 sys=0.00, real=0.00 secs] 
2.442: [GC (Allocation Failure) 2.442: [DefNew: 959K->63K(960K), 0.0012841 secs] 293282K->292728K(524224K), 0.0013146 secs] [Times: user=0.00 sys=0.00, real=0.00 secs] 
2.445: [GC (Allocation Failure) 2.445: [DefNew: 959K->63K(960K), 0.0012664 secs] 293628K->293083K(524224K), 0.0012998 secs] [Times: user=0.00 sys=0.00, real=0.00 secs] 
2.448: [GC (Allocation Failure) 2.448: [DefNew: 959K->63K(960K), 0.0013722 secs] 293981K->293418K(524224K), 0.0014155 secs] [Times: user=0.00 sys=0.00, real=0.00 secs] 
2.450: [GC (Allocation Failure) 2.450: [DefNew: 959K->63K(960K), 0.0013326 secs] 294321K->293796K(524224K), 0.0013716 secs] [Times: user=0.00 sys=0.00, real=0.00 secs] 
2.453: [GC (Allocation Failure) 2.453: [DefNew: 959K->64K(960K), 0.0015139 secs] 294702K->294195K(524224K), 0.0015760 secs] [Times: user=0.00 sys=0.00, real=0.00 secs] 
2.455: [GC (Allocation Failure) 2.455: [DefNew: 960K->64K(960K), 0.0014386 secs] 295098K->294516K(524224K), 0.0014842 secs] [Times: user=0.00 sys=0.00, real=0.00 secs] 
2.459: [GC (Allocation Failure) 2.459: [DefNew: 960K->63K(960K), 0.0017785 secs] 295435K->295099K(524224K), 0.0018438 secs] [Times: user=0.00 sys=0.00, real=0.00 secs] 
2.463: [GC (Allocation Failure) 2.463: [DefNew: 959K->63K(960K), 0.0017979 secs] 296000K->295556K(524224K), 0.0018412 secs] [Times: user=0.00 sys=0.00, real=0.00 secs] 
2.466: [GC (Allocation Failure) 2.466: [DefNew: 959K->63K(960K), 0.0014061 secs] 296455K->295917K(524224K), 0.0014389 secs] [Times: user=0.00 sys=0.00, real=0.00 secs] 
2.470: [GC (Allocation Failure) 2.470: [DefNew: 959K->63K(960K), 0.0016086 secs] 296817K->296286K(524224K), 0.0016650 secs] [Times: user=0.00 sys=0.00, real=0.00 secs] 
2.473: [GC (Allocation Failure) 2.473: [DefNew: 959K->63K(960K), 0.0013890 secs] 297186K->296676K(524224K), 0.0014389 secs] [Times: user=0.00 sys=0.00, real=0.00 secs] 
2.477: [GC (Allocation Failure) 2.477: [DefNew: 959K->63K(960K), 0.0017628 secs] 297573K->297030K(524224K), 0.0018107 secs] [Times: user=0.00 sys=0.00, real=0.00 secs] 
2.482: [GC (Allocation Failure) 2.482: [DefNew: 959K->63K(960K), 0.0015225 secs] 297954K->297542K(524224K), 0.0015726 secs] [Times: user=0.00 sys=0.00, real=0.00 secs] 
2.484: [GC (Allocation Failure) 2.484: [DefNew: 959K->64K(960K), 0.0014056 secs] 298442K->297887K(524224K), 0.0014366 secs] [Times: user=0.00 sys=0.00, real=0.00 secs] 
2.488: [GC (Allocation Failure) 2.488: [DefNew: 960K->64K(960K), 0.0015512 secs] 298788K->298241K(524224K), 0.0015937 secs] [Times: user=0.00 sys=0.00, real=0.00 secs] 
2.490: [GC (Allocation Failure) 2.490: [DefNew: 960K->63K(960K), 0.0013967 secs] 299142K->298631K(524224K), 0.0014375 secs] [Times: user=0.00 sys=0.00, real=0.00 secs] 
2.494: [GC (Allocation Failure) 2.494: [DefNew: 959K->63K(960K), 0.0012978 secs] 299529K->298968K(524224K), 0.0013309 secs] [Times: user=0.00 sys=0.00, real=0.00 secs] 
2.496: [GC (Allocation Failure) 2.496: [DefNew: 959K->63K(960K), 0.0013086 secs] 299869K->299352K(524224K), 0.0013485 secs] [Times: user=0.00 sys=0.00, real=0.00 secs] 
2.500: [GC (Allocation Failure) 2.500: [DefNew: 959K->63K(960K), 0.0016388 secs] 300263K->299846K(524224K), 0.0016941 secs] [Times: user=0.00 sys=0.00, real=0.00 secs] 
2.504: [GC (Allocation Failure) 2.504: [DefNew: 959K->64K(960K), 0.0014543 secs] 300746K->300222K(524224K), 0.0015005 secs] [Times: user=0.00 sys=0.00, real=0.00 secs] 
2.507: [GC (Allocation Failure) 2.507: [DefNew: 960K->63K(960K), 0.0012316 secs] 301119K->300542K(524224K), 0.0012690 secs] [Times: user=0.00 sys=0.00, real=0.00 secs] 
2.510: [GC (Allocation Failure) 2.510: [DefNew: 959K->64K(960K), 0.0011504 secs] 301439K->300860K(524224K), 0.0011832 secs] [Times: user=0.00 sys=0.00, real=0.00 secs] 
2.512: [GC (Allocation Failure) 2.512: [DefNew: 959K->63K(960K), 0.0012274 secs] 301760K->301201K(524224K), 0.0013061 secs] [Times: user=0.00 sys=0.00, real=0.00 secs] 
2.515: [GC (Allocation Failure) 2.515: [DefNew: 959K->63K(960K), 0.0012319 secs] 302099K->301528K(524224K), 0.0012616 secs] [Times: user=0.00 sys=0.00, real=0.00 secs] 
2.519: [GC (Allocation Failure) 2.519: [DefNew: 959K->64K(960K), 0.0012687 secs] 302427K->301845K(524224K), 0.0013032 secs] [Times: user=0.00 sys=0.00, real=0.00 secs] 
2.521: [GC (Allocation Failure) 2.521: [DefNew: 960K->63K(960K), 0.0012613 secs] 302745K->302215K(524224K), 0.0012924 secs] [Times: user=0.00 sys=0.00, real=0.00 secs] 
2.524: [GC (Allocation Failure) 2.524: [DefNew: 959K->63K(960K), 0.0011812 secs] 303115K->302553K(524224K), 0.0012057 secs] [Times: user=0.00 sys=0.00, real=0.00 secs] 
2.526: [GC (Allocation Failure) 2.526: [DefNew: 959K->63K(960K), 0.0012262 secs] 303453K->302897K(524224K), 0.0012490 secs] [Times: user=0.00 sys=0.00, real=0.00 secs] 
2.529: [GC (Allocation Failure) 2.529: [DefNew: 959K->63K(960K), 0.0011427 secs] 303798K->303228K(524224K), 0.0011635 secs] [Times: user=0.00 sys=0.00, real=0.00 secs] 
2.531: [GC (Allocation Failure) 2.531: [DefNew: 959K->63K(960K), 0.0010589 secs] 304131K->303525K(524224K), 0.0010788 secs] [Times: user=0.00 sys=0.00, real=0.00 secs] 
2.535: [GC (Allocation Failure) 2.535: [DefNew: 959K->63K(960K), 0.0011524 secs] 304425K->303874K(524224K), 0.0011857 secs] [Times: user=0.00 sys=0.00, real=0.00 secs] 
2.538: [GC (Allocation Failure) 2.538: [DefNew: 959K->63K(960K), 0.0011427 secs] 304772K->304210K(524224K), 0.0011658 secs] [Times: user=0.00 sys=0.00, real=0.00 secs] 
2.540: [GC (Allocation Failure) 2.540: [DefNew: 959K->63K(960K), 0.0010728 secs] 305107K->304514K(524224K), 0.0010937 secs] [Times: user=0.00 sys=0.00, real=0.00 secs] 
2.543: [GC (Allocation Failure) 2.543: [DefNew: 959K->63K(960K), 0.0010497 secs] 305410K->304817K(524224K), 0.0010737 secs] [Times: user=0.00 sys=0.00, real=0.00 secs] 
2.545: [GC (Allocation Failure) 2.545: [DefNew: 959K->63K(960K), 0.0010458 secs] 305714K->305138K(524224K), 0.0010660 secs] [Times: user=0.02 sys=0.00, real=0.00 secs] 
2.548: [GC (Allocation Failure) 2.548: [DefNew: 959K->63K(960K), 0.0010637 secs] 306036K->305448K(524224K), 0.0010860 secs] [Times: user=0.00 sys=0.00, real=0.00 secs] 
2.550: [GC (Allocation Failure) 2.550: [DefNew: 959K->63K(960K), 0.0011088 secs] 306346K->305773K(524224K), 0.0011333 secs] [Times: user=0.00 sys=0.00, real=0.00 secs] 
2.554: [GC (Allocation Failure) 2.554: [DefNew: 959K->63K(960K), 0.0011407 secs] 306671K->306068K(524224K), 0.0011826 secs] [Times: user=0.00 sys=0.00, real=0.00 secs] 
2.557: [GC (Allocation Failure) 2.557: [DefNew: 959K->63K(960K), 0.0013254 secs] 306969K->306385K(524224K), 0.0013870 secs] [Times: user=0.00 sys=0.00, real=0.00 secs] 
2.560: [GC (Allocation Failure) 2.560: [DefNew: 959K->64K(960K), 0.0025799 secs] 307306K->307047K(524224K), 0.0027056 secs] [Times: user=0.00 sys=0.02, real=0.00 secs] 
2.564: [GC (Allocation Failure) 2.564: [DefNew: 960K->64K(960K), 0.0018671 secs] 307964K->307509K(524224K), 0.0019036 secs] [Times: user=0.00 sys=0.00, real=0.00 secs] 
2.567: [GC (Allocation Failure) 2.567: [DefNew: 960K->64K(960K), 0.0013565 secs] 308408K->307863K(524224K), 0.0013825 secs] [Times: user=0.00 sys=0.00, real=0.00 secs] 
2.571: [GC (Allocation Failure) 2.571: [DefNew: 960K->63K(960K), 0.0012698 secs] 308761K->308207K(524224K), 0.0013018 secs] [Times: user=0.00 sys=0.00, real=0.00 secs] 
2.574: [GC (Allocation Failure) 2.574: [DefNew: 959K->64K(960K), 0.0012470 secs] 309108K->308556K(524224K), 0.0012764 secs] [Times: user=0.00 sys=0.00, real=0.00 secs] 
2.576: [GC (Allocation Failure) 2.576: [DefNew: 960K->63K(960K), 0.0012690 secs] 309455K->308912K(524224K), 0.0013006 secs] [Times: user=0.00 sys=0.00, real=0.00 secs] 
2.580: [GC (Allocation Failure) 2.580: [DefNew: 959K->63K(960K), 0.0014309 secs] 309811K->309330K(524224K), 0.0014805 secs] [Times: user=0.00 sys=0.00, real=0.00 secs] 
2.583: [GC (Allocation Failure) 2.583: [DefNew: 959K->64K(960K), 0.0013183 secs] 310228K->309662K(524224K), 0.0013502 secs] [Times: user=0.00 sys=0.00, real=0.00 secs] 
2.586: [GC (Allocation Failure) 2.586: [DefNew: 960K->63K(960K), 0.0012265 secs] 310558K->309998K(524224K), 0.0012567 secs] [Times: user=0.00 sys=0.00, real=0.00 secs] 
2.588: [GC (Allocation Failure) 2.588: [DefNew: 959K->63K(960K), 0.0012097 secs] 310897K->310348K(524224K), 0.0012365 secs] [Times: user=0.00 sys=0.00, real=0.00 secs] 
2.592: [GC (Allocation Failure) 2.592: [DefNew: 959K->63K(960K), 0.0012054 secs] 311246K->310692K(524224K), 0.0012345 secs] [Times: user=0.02 sys=0.00, real=0.00 secs] 
2.596: [GC (Allocation Failure) 2.596: [DefNew: 959K->64K(960K), 0.0013631 secs] 311595K->311083K(524224K), 0.0014090 secs] [Times: user=0.00 sys=0.00, real=0.00 secs] 
2.598: [GC (Allocation Failure) 2.598: [DefNew: 960K->64K(960K), 0.0013263 secs] 311981K->311445K(524224K), 0.0013560 secs] [Times: user=0.00 sys=0.00, real=0.00 secs] 
2.601: [GC (Allocation Failure) 2.601: [DefNew: 960K->63K(960K), 0.0012927 secs] 312349K->311807K(524224K), 0.0013237 secs] [Times: user=0.00 sys=0.00, real=0.00 secs] 
2.603: [GC (Allocation Failure) 2.603: [DefNew: 959K->63K(960K), 0.0014269 secs] 312711K->312199K(524224K), 0.0014711 secs] [Times: user=0.00 sys=0.00, real=0.00 secs] 
2.607: [GC (Allocation Failure) 2.607: [DefNew: 959K->63K(960K), 0.0013246 secs] 313100K->312528K(524224K), 0.0013645 secs] [Times: user=0.00 sys=0.00, real=0.00 secs] 
2.611: [GC (Allocation Failure) 2.612: [DefNew: 959K->63K(960K), 0.0014689 secs] 313427K->312878K(524224K), 0.0017106 secs] [Times: user=0.00 sys=0.00, real=0.00 secs] 
2.614: [GC (Allocation Failure) 2.614: [DefNew: 959K->64K(960K), 0.0013768 secs] 313778K->313249K(524224K), 0.0014187 secs] [Times: user=0.00 sys=0.00, real=0.00 secs] 
2.619: [GC (Allocation Failure) 2.619: [DefNew: 960K->64K(960K), 0.0015019 secs] 314152K->313677K(524224K), 0.0015555 secs] [Times: user=0.00 sys=0.00, real=0.00 secs] 
2.622: [GC (Allocation Failure) 2.622: [DefNew: 960K->64K(960K), 0.0015179 secs] 314578K->314081K(524224K), 0.0015501 secs] [Times: user=0.00 sys=0.00, real=0.00 secs] 
2.625: [GC (Allocation Failure) 2.625: [DefNew: 960K->63K(960K), 0.0016051 secs] 314985K->314513K(524224K), 0.0016593 secs] [Times: user=0.00 sys=0.00, real=0.00 secs] 
2.628: [GC (Allocation Failure) 2.628: [DefNew: 959K->63K(960K), 0.0014669 secs] 315413K->314899K(524224K), 0.0015105 secs] [Times: user=0.00 sys=0.00, real=0.00 secs] 
2.632: [GC (Allocation Failure) 2.632: [DefNew: 959K->63K(960K), 0.0012696 secs] 315800K->315251K(524224K), 0.0012989 secs] [Times: user=0.00 sys=0.00, real=0.00 secs] 
2.635: [GC (Allocation Failure) 2.635: [DefNew: 959K->63K(960K), 0.0012328 secs] 316152K->315602K(524224K), 0.0012604 secs] [Times: user=0.00 sys=0.00, real=0.00 secs] 
2.637: [GC (Allocation Failure) 2.637: [DefNew: 959K->64K(960K), 0.0012314 secs] 316501K->315923K(524224K), 0.0012590 secs] [Times: user=0.00 sys=0.00, real=0.00 secs] 
2.640: [GC (Allocation Failure) 2.640: [DefNew: 960K->63K(960K), 0.0012014 secs] 316824K->316264K(524224K), 0.0012294 secs] [Times: user=0.00 sys=0.00, real=0.00 secs] 
2.642: [GC (Allocation Failure) 2.642: [DefNew: 959K->63K(960K), 0.0012208 secs] 317162K->316605K(524224K), 0.0012485 secs] [Times: user=0.00 sys=0.00, real=0.00 secs] 
2.646: [GC (Allocation Failure) 2.646: [DefNew: 959K->63K(960K), 0.0013038 secs] 317503K->316960K(524224K), 0.0013465 secs] [Times: user=0.00 sys=0.00, real=0.00 secs] 
2.648: [GC (Allocation Failure) 2.648: [DefNew: 959K->64K(960K), 0.0013320 secs] 317857K->317324K(524224K), 0.0013622 secs] [Times: user=0.00 sys=0.00, real=0.00 secs] 
2.651: [GC (Allocation Failure) 2.651: [DefNew: 960K->63K(960K), 0.0013109 secs] 318221K->317658K(524224K), 0.0013408 secs] [Times: user=0.00 sys=0.00, real=0.00 secs] 
2.654: [GC (Allocation Failure) 2.654: [DefNew: 959K->63K(960K), 0.0012336 secs] 318556K->318003K(524224K), 0.0012590 secs] [Times: user=0.00 sys=0.00, real=0.00 secs] 
2.656: [GC (Allocation Failure) 2.656: [DefNew: 959K->63K(960K), 0.0013158 secs] 318904K->318378K(524224K), 0.0013514 secs] [Times: user=0.00 sys=0.00, real=0.00 secs] 
2.660: [GC (Allocation Failure) 2.661: [DefNew: 959K->64K(960K), 0.0017560 secs] 319280K->318786K(524224K), 0.0018167 secs] [Times: user=0.00 sys=0.00, real=0.00 secs] 
2.663: [GC (Allocation Failure) 2.663: [DefNew: 960K->63K(960K), 0.0014694 secs] 319687K->319184K(524224K), 0.0015039 secs] [Times: user=0.00 sys=0.00, real=0.00 secs] 
2.666: [GC (Allocation Failure) 2.666: [DefNew: 959K->64K(960K), 0.0014717 secs] 320090K->319633K(524224K), 0.0015150 secs] [Times: user=0.00 sys=0.00, real=0.00 secs] 
2.670: [GC (Allocation Failure) 2.670: [DefNew: 960K->64K(960K), 0.0018195 secs] 320534K->319988K(524224K), 0.0018683 secs] [Times: user=0.01 sys=0.00, real=0.00 secs] 
2.674: [GC (Allocation Failure) 2.674: [DefNew: 960K->63K(960K), 0.0021226 secs] 320909K->320544K(524224K), 0.0021779 secs] [Times: user=0.00 sys=0.00, real=0.00 secs] 
2.679: [GC (Allocation Failure) 2.679: [DefNew: 959K->64K(960K), 0.0021947 secs] 321446K->321040K(524224K), 0.0023011 secs] [Times: user=0.00 sys=0.00, real=0.00 secs] 
2.684: [GC (Allocation Failure) 2.684: [DefNew: 960K->63K(960K), 0.0022902 secs] 321948K->321592K(524224K), 0.0023407 secs] [Times: user=0.00 sys=0.00, real=0.00 secs] 
2.689: [GC (Allocation Failure) 2.689: [DefNew: 959K->64K(960K), 0.0028023 secs] 322503K->322186K(524224K), 0.0029163 secs] [Times: user=0.00 sys=0.00, real=0.00 secs] 
2.694: [GC (Allocation Failure) 2.694: [DefNew: 960K->64K(960K), 0.0025274 secs] 323087K->322678K(524224K), 0.0025822 secs] [Times: user=0.00 sys=0.00, real=0.00 secs] 
2.700: [GC (Allocation Failure) 2.700: [DefNew: 960K->63K(960K), 0.0021169 secs] 323587K->323255K(524224K), 0.0021682 secs] [Times: user=0.00 sys=0.00, real=0.00 secs] 
2.704: [GC (Allocation Failure) 2.704: [DefNew: 959K->64K(960K), 0.0019780 secs] 324162K->323710K(524224K), 0.0020296 secs] [Times: user=0.00 sys=0.00, real=0.00 secs] 
2.707: [GC (Allocation Failure) 2.707: [DefNew: 960K->63K(960K), 0.0017719 secs] 324608K->324156K(524224K), 0.0018170 secs] [Times: user=0.00 sys=0.00, real=0.00 secs] 
2.712: [GC (Allocation Failure) 2.712: [DefNew: 959K->64K(960K), 0.0016673 secs] 325072K->324657K(524224K), 0.0017260 secs] [Times: user=0.00 sys=0.00, real=0.00 secs] 
2.715: [GC (Allocation Failure) 2.715: [DefNew: 960K->63K(960K), 0.0014298 secs] 325559K->325016K(524224K), 0.0014617 secs] [Times: user=0.00 sys=0.00, real=0.00 secs] 
2.719: [GC (Allocation Failure) 2.719: [DefNew: 959K->63K(960K), 0.0013063 secs] 325913K->325400K(524224K), 0.0013525 secs] [Times: user=0.00 sys=0.00, real=0.00 secs] 
2.721: [GC (Allocation Failure) 2.721: [DefNew: 959K->63K(960K), 0.0013217 secs] 326300K->325763K(524224K), 0.0013534 secs] [Times: user=0.00 sys=0.00, real=0.00 secs] 
2.724: [GC (Allocation Failure) 2.724: [DefNew: 959K->63K(960K), 0.0014546 secs] 326669K->326183K(524224K), 0.0014959 secs] [Times: user=0.00 sys=0.00, real=0.00 secs] 
2.728: [GC (Allocation Failure) 2.728: [DefNew: 959K->63K(960K), 0.0018634 secs] 327083K->326550K(524224K), 0.0019031 secs] [Times: user=0.00 sys=0.00, real=0.00 secs] 
2.731: [GC (Allocation Failure) 2.731: [DefNew: 959K->63K(960K), 0.0012097 secs] 327449K->326885K(524224K), 0.0012442 secs] [Times: user=0.00 sys=0.00, real=0.00 secs] 
2.734: [GC (Allocation Failure) 2.734: [DefNew: 959K->63K(960K), 0.0011815 secs] 327785K->327221K(524224K), 0.0012108 secs] [Times: user=0.00 sys=0.00, real=0.00 secs] 
2.736: [GC (Allocation Failure) 2.736: [DefNew: 959K->63K(960K), 0.0011624 secs] 328119K->327549K(524224K), 0.0011880 secs] [Times: user=0.00 sys=0.00, real=0.00 secs] 
2.739: [GC (Allocation Failure) 2.739: [DefNew: 959K->63K(960K), 0.0013443 secs] 328458K->327976K(524224K), 0.0013759 secs] [Times: user=0.00 sys=0.00, real=0.00 secs] 
2.742: [GC (Allocation Failure) 2.742: [DefNew: 959K->63K(960K), 0.0012402 secs] 328872K->328315K(524224K), 0.0012630 secs] [Times: user=0.00 sys=0.00, real=0.00 secs] 
2.745: [GC (Allocation Failure) 2.745: [DefNew: 959K->63K(960K), 0.0012924 secs] 329217K->328646K(524224K), 0.0013277 secs] [Times: user=0.00 sys=0.00, real=0.00 secs] 
2.748: [GC (Allocation Failure) 2.748: [DefNew: 959K->63K(960K), 0.0012687 secs] 329545K->328996K(524224K), 0.0012969 secs] [Times: user=0.02 sys=0.00, real=0.00 secs] 
2.750: [GC (Allocation Failure) 2.750: [DefNew: 959K->64K(960K), 0.0012750 secs] 329897K->329366K(524224K), 0.0012986 secs] [Times: user=0.00 sys=0.00, real=0.00 secs] 
2.754: [GC (Allocation Failure) 2.754: [DefNew: 960K->63K(960K), 0.0015572 secs] 330284K->329831K(524224K), 0.0015997 secs] [Times: user=0.00 sys=0.00, real=0.00 secs] 
2.756: [GC (Allocation Failure) 2.756: [DefNew: 959K->64K(960K), 0.0014455 secs] 330728K->330210K(524224K), 0.0014726 secs] [Times: user=0.00 sys=0.00, real=0.00 secs] 
2.759: [GC (Allocation Failure) 2.759: [DefNew: 960K->63K(960K), 0.0016057 secs] 331110K->330549K(524224K), 0.0016912 secs] [Times: user=0.00 sys=0.00, real=0.00 secs] 
2.762: [GC (Allocation Failure) 2.762: [DefNew: 959K->64K(960K), 0.0014412 secs] 331463K->330979K(524224K), 0.0014723 secs] [Times: user=0.00 sys=0.00, real=0.00 secs] 
2.765: [GC (Allocation Failure) 2.765: [DefNew: 960K->63K(960K), 0.0013725 secs] 331876K->331338K(524224K), 0.0013961 secs] [Times: user=0.00 sys=0.00, real=0.00 secs] 
2.768: [GC (Allocation Failure) 2.768: [DefNew: 959K->63K(960K), 0.0013448 secs] 332245K->331741K(524224K), 0.0013696 secs] [Times: user=0.00 sys=0.00, real=0.00 secs] 
2.771: [GC (Allocation Failure) 2.771: [DefNew: 959K->64K(960K), 0.0015837 secs] 332650K->332157K(524224K), 0.0016237 secs] [Times: user=0.00 sys=0.00, real=0.00 secs] 
2.775: [GC (Allocation Failure) 2.775: [DefNew: 960K->63K(960K), 0.0014478 secs] 333055K->332548K(524224K), 0.0014800 secs] [Times: user=0.00 sys=0.00, real=0.00 secs] 
2.779: [GC (Allocation Failure) 2.779: [DefNew: 959K->64K(960K), 0.0014093 secs] 333448K->332882K(524224K), 0.0014526 secs] [Times: user=0.00 sys=0.00, real=0.00 secs] 
2.780: [GC (Allocation Failure) 2.780: [DefNew: 960K->63K(960K), 0.0012627 secs] 333779K->333228K(524224K), 0.0012915 secs] [Times: user=0.01 sys=0.00, real=0.00 secs] 
2.783: [GC (Allocation Failure) 2.783: [DefNew: 959K->63K(960K), 0.0013816 secs] 334134K->333610K(524224K), 0.0014147 secs] [Times: user=0.00 sys=0.00, real=0.00 secs] 
2.786: [GC (Allocation Failure) 2.786: [DefNew: 959K->63K(960K), 0.0015187 secs] 334513K->334022K(524224K), 0.0015584 secs] [Times: user=0.00 sys=0.00, real=0.00 secs] 
2.789: [GC (Allocation Failure) 2.789: [DefNew: 959K->63K(960K), 0.0016277 secs] 334929K->334455K(524224K), 0.0016659 secs] [Times: user=0.00 sys=0.00, real=0.00 secs] 
2.792: [GC (Allocation Failure) 2.792: [DefNew: 959K->63K(960K), 0.0018366 secs] 335367K->334960K(524224K), 0.0018797 secs] [Times: user=0.00 sys=0.00, real=0.00 secs] 
2.796: [GC (Allocation Failure) 2.796: [DefNew: 959K->63K(960K), 0.0017043 secs] 335868K->335441K(524224K), 0.0017597 secs] [Times: user=0.00 sys=0.00, real=0.00 secs] 
2.801: [GC (Allocation Failure) 2.801: [DefNew: 959K->64K(960K), 0.0015646 secs] 336344K->335790K(524224K), 0.0016120 secs] [Times: user=0.00 sys=0.00, real=0.00 secs] 
2.803: [GC (Allocation Failure) 2.803: [DefNew: 960K->64K(960K), 0.0015051 secs] 336699K->336259K(524224K), 0.0015458 secs] [Times: user=0.00 sys=0.00, real=0.00 secs] 
2.806: [GC (Allocation Failure) 2.806: [DefNew: 960K->63K(960K), 0.0015504 secs] 337164K->336687K(524224K), 0.0015977 secs] [Times: user=0.00 sys=0.00, real=0.00 secs] 
2.808: [GC (Allocation Failure) 2.808: [DefNew: 959K->64K(960K), 0.0014651 secs] 337588K->337050K(524224K), 0.0014988 secs] [Times: user=0.00 sys=0.00, real=0.00 secs] 
2.813: [GC (Allocation Failure) 2.813: [DefNew: 960K->63K(960K), 0.0015478 secs] 337951K->337497K(524224K), 0.0016043 secs] [Times: user=0.00 sys=0.00, real=0.00 secs] 
2.815: [GC (Allocation Failure) 2.815: [DefNew: 959K->64K(960K), 0.0013770 secs] 338395K->337831K(524224K), 0.0014070 secs] [Times: user=0.00 sys=0.00, real=0.00 secs] 
2.819: [GC (Allocation Failure) 2.819: [DefNew: 960K->63K(960K), 0.0012832 secs] 338731K->338181K(524224K), 0.0013215 secs] [Times: user=0.00 sys=0.00, real=0.00 secs] 
2.822: [GC (Allocation Failure) 2.822: [DefNew: 959K->63K(960K), 0.0014432 secs] 339080K->338589K(524224K), 0.0014917 secs] [Times: user=0.00 sys=0.00, real=0.00 secs] 
2.825: [GC (Allocation Failure) 2.825: [DefNew: 959K->63K(960K), 0.0013614 secs] 339488K->338933K(524224K), 0.0013930 secs] [Times: user=0.00 sys=0.00, real=0.00 secs] 
2.830: [GC (Allocation Failure) 2.830: [DefNew: 959K->63K(960K), 0.0016011 secs] 339861K->339457K(524224K), 0.0016564 secs] [Times: user=0.00 sys=0.00, real=0.00 secs] 
2.833: [GC (Allocation Failure) 2.833: [DefNew: 959K->63K(960K), 0.0015068 secs] 340354K->339814K(524224K), 0.0015393 secs] [Times: user=0.00 sys=0.00, real=0.00 secs] 
2.837: [GC (Allocation Failure) 2.837: [DefNew: 959K->63K(960K), 0.0014067 secs] 340718K->340197K(524224K), 0.0014466 secs] [Times: user=0.00 sys=0.00, real=0.00 secs] 
2.840: [GC (Allocation Failure) 2.841: [DefNew: 959K->64K(960K), 0.0013494 secs] 341095K->340569K(524224K), 0.0013793 secs] [Times: user=0.00 sys=0.00, real=0.00 secs] 
2.843: [GC (Allocation Failure) 2.843: [DefNew: 960K->63K(960K), 0.0014823 secs] 341466K->340927K(524224K), 0.0015196 secs] [Times: user=0.00 sys=0.00, real=0.00 secs] 
2.847: [GC (Allocation Failure) 2.847: [DefNew: 959K->63K(960K), 0.0013745 secs] 341826K->341299K(524224K), 0.0014093 secs] [Times: user=0.00 sys=0.00, real=0.00 secs] 
2.850: [GC (Allocation Failure) 2.850: [DefNew: 959K->64K(960K), 0.0013768 secs] 342199K->341646K(524224K), 0.0014110 secs] [Times: user=0.00 sys=0.00, real=0.00 secs] 
2.854: [GC (Allocation Failure) 2.854: [DefNew: 960K->64K(960K), 0.0012519 secs] 342546K->342005K(524224K), 0.0012807 secs] [Times: user=0.00 sys=0.00, real=0.00 secs] 
2.856: [GC (Allocation Failure) 2.856: [DefNew: 960K->63K(960K), 0.0013143 secs] 342905K->342383K(524224K), 0.0013474 secs] [Times: user=0.00 sys=0.00, real=0.00 secs] 
2.860: [GC (Allocation Failure) 2.860: [DefNew: 959K->63K(960K), 0.0013046 secs] 343282K->342736K(524224K), 0.0013272 secs] [Times: user=0.00 sys=0.00, real=0.00 secs] 
2.864: [GC (Allocation Failure) 2.864: [DefNew: 959K->64K(960K), 0.0019464 secs] 343663K->343282K(524224K), 0.0020120 secs] [Times: user=0.00 sys=0.00, real=0.00 secs] 
2.868: [GC (Allocation Failure) 2.868: [DefNew: 960K->64K(960K), 0.0016125 secs] 344184K->343638K(524224K), 0.0016476 secs] [Times: user=0.00 sys=0.00, real=0.00 secs] 
2.872: [GC (Allocation Failure) 2.872: [DefNew: 960K->64K(960K), 0.0013320 secs] 344538K->343999K(524224K), 0.0013674 secs] [Times: user=0.00 sys=0.00, real=0.00 secs] 
2.875: [GC (Allocation Failure) 2.875: [DefNew: 960K->63K(960K), 0.0016733 secs] 344913K->344487K(524224K), 0.0017274 secs] [Times: user=0.00 sys=0.00, real=0.00 secs] 
2.879: [GC (Allocation Failure) 2.879: [DefNew: 959K->63K(960K), 0.0019604 secs] 345400K->345006K(524224K), 0.0020268 secs] [Times: user=0.00 sys=0.00, real=0.00 secs] 
2.884: [GC (Allocation Failure) 2.884: [DefNew: 959K->63K(960K), 0.0015769 secs] 345911K->345383K(524224K), 0.0016100 secs] [Times: user=0.00 sys=0.00, real=0.00 secs] 
2.887: [GC (Allocation Failure) 2.887: [DefNew: 959K->63K(960K), 0.0013078 secs] 346284K->345731K(524224K), 0.0013454 secs] [Times: user=0.00 sys=0.00, real=0.00 secs] 
2.890: [GC (Allocation Failure) 2.890: [DefNew: 959K->63K(960K), 0.0013417 secs] 346630K->346130K(524224K), 0.0013739 secs] [Times: user=0.00 sys=0.00, real=0.00 secs] 
2.893: [GC (Allocation Failure) 2.893: [DefNew: 959K->63K(960K), 0.0020616 secs] 347032K->346552K(524224K), 0.0022198 secs] [Times: user=0.00 sys=0.00, real=0.00 secs] 
2.898: [GC (Allocation Failure) 2.898: [DefNew: 959K->64K(960K), 0.0014985 secs] 347452K->346942K(524224K), 0.0015413 secs] [Times: user=0.00 sys=0.00, real=0.00 secs] 
2.901: [GC (Allocation Failure) 2.901: [DefNew: 960K->63K(960K), 0.0013368 secs] 347840K->347291K(524224K), 0.0013668 secs] [Times: user=0.00 sys=0.00, real=0.00 secs] 
2.905: [GC (Allocation Failure) 2.905: [DefNew: 959K->64K(960K), 0.0015176 secs] 348197K->347746K(524224K), 0.0015632 secs] [Times: user=0.00 sys=0.00, real=0.00 secs] 
2.909: [GC (Allocation Failure) 2.909: [DefNew: 960K->64K(960K), 0.0014711 secs] 348643K->348117K(524224K), 0.0015196 secs] [Times: user=0.00 sys=0.00, real=0.00 secs] 
2.912: [GC (Allocation Failure) 2.912: [DefNew: 960K->63K(960K), 0.0015290 secs] 349019K->348535K(524224K), 0.0015735 secs] [Times: user=0.00 sys=0.00, real=0.00 secs] 
2.916: [GC (Allocation Failure) 2.916: [DefNew: 959K->63K(960K), 0.0015769 secs] 349437K->348922K(524224K), 0.0016200 secs] [Times: user=0.00 sys=0.00, real=0.00 secs] 
2.919: [GC (Allocation Failure) 2.919: [DefNew: 959K->63K(960K), 0.0014284 secs] 349821K->349303K(524224K), 0.0014771 secs] [Times: user=0.00 sys=0.00, real=0.00 secs] 
2.923: [GC (Allocation Failure) 2.923: [DefNew: 959K->63K(960K), 0.0015293 secs] 350204K->349729K(524224K), 0.0015832 secs] [Times: user=0.00 sys=0.00, real=0.00 secs] 
2.926: [GC (Allocation Failure) 2.926: [DefNew: 959K->63K(960K), 0.0013662 secs] 350628K->350050K(524224K), 0.0013981 secs] [Times: user=0.00 sys=0.00, real=0.00 secs] 
2.930: [GC (Allocation Failure) 2.930: [DefNew: 959K->64K(960K), 0.0015048 secs] 350948K->350493K(524224K), 0.0015438 secs] [Times: user=0.00 sys=0.00, real=0.00 secs] 
2.934: [GC (Allocation Failure) 2.934: [DefNew: 960K->63K(960K), 0.0014255 secs] 351393K->350858K(524224K), 0.0014569 secs] [Times: user=0.00 sys=0.00, real=0.00 secs] 
2.937: [GC (Allocation Failure) 2.937: [DefNew: 959K->64K(960K), 0.0012912 secs] 351755K->351202K(524224K), 0.0013220 secs] [Times: user=0.00 sys=0.00, real=0.00 secs] 
2.941: [GC (Allocation Failure) 2.941: [DefNew: 960K->64K(960K), 0.0014985 secs] 352117K->351657K(524224K), 0.0015435 secs] [Times: user=0.00 sys=0.00, real=0.00 secs] 
2.944: [GC (Allocation Failure) 2.944: [DefNew: 960K->63K(960K), 0.0018095 secs] 352555K->352015K(524224K), 0.0018469 secs] [Times: user=0.00 sys=0.00, real=0.00 secs] 
2.948: [GC (Allocation Failure) 2.948: [DefNew: 959K->63K(960K), 0.0013625 secs] 352915K->352418K(524224K), 0.0013984 secs] [Times: user=0.00 sys=0.00, real=0.00 secs] 
2.952: [GC (Allocation Failure) 2.952: [DefNew: 959K->64K(960K), 0.0014064 secs] 353318K->352803K(524224K), 0.0014369 secs] [Times: user=0.00 sys=0.00, real=0.00 secs] 
2.955: [GC (Allocation Failure) 2.955: [DefNew: 960K->63K(960K), 0.0013414 secs] 353703K->353166K(524224K), 0.0013736 secs] [Times: user=0.00 sys=0.00, real=0.00 secs] 
2.959: [GC (Allocation Failure) 2.959: [DefNew: 959K->64K(960K), 0.0014666 secs] 354077K->353611K(524224K), 0.0015031 secs] [Times: user=0.00 sys=0.00, real=0.00 secs] 
2.961: [GC (Allocation Failure) 2.961: [DefNew: 960K->63K(960K), 0.0014874 secs] 354510K->353984K(524224K), 0.0015319 secs] [Times: user=0.00 sys=0.00, real=0.00 secs] 
2.965: [GC (Allocation Failure) 2.965: [DefNew: 959K->63K(960K), 0.0016108 secs] 354887K->354404K(524224K), 0.0016679 secs] [Times: user=0.00 sys=0.00, real=0.00 secs] 
2.969: [GC (Allocation Failure) 2.969: [DefNew: 959K->63K(960K), 0.0014663 secs] 355303K->354822K(524224K), 0.0015110 secs] [Times: user=0.00 sys=0.00, real=0.00 secs] 
2.972: [GC (Allocation Failure) 2.972: [DefNew: 959K->63K(960K), 0.0013531 secs] 355719K->355168K(524224K), 0.0013865 secs] [Times: user=0.00 sys=0.00, real=0.00 secs] 
2.976: [GC (Allocation Failure) 2.976: [DefNew: 959K->64K(960K), 0.0014261 secs] 356081K->355598K(524224K), 0.0014708 secs] [Times: user=0.00 sys=0.00, real=0.00 secs] 
2.979: [GC (Allocation Failure) 2.979: [DefNew: 960K->63K(960K), 0.0015989 secs] 356509K->356071K(524224K), 0.0016405 secs] [Times: user=0.00 sys=0.00, real=0.00 secs] 
2.983: [GC (Allocation Failure) 2.983: [DefNew: 959K->64K(960K), 0.0014107 secs] 356971K->356427K(524224K), 0.0014432 secs] [Times: user=0.00 sys=0.00, real=0.00 secs] 
2.986: [GC (Allocation Failure) 2.986: [DefNew: 960K->63K(960K), 0.0012744 secs] 357325K->356764K(524224K), 0.0013021 secs] [Times: user=0.00 sys=0.00, real=0.00 secs] 
2.990: [GC (Allocation Failure) 2.990: [DefNew: 959K->63K(960K), 0.0014053 secs] 357664K->357153K(524224K), 0.0014460 secs] [Times: user=0.00 sys=0.00, real=0.00 secs] 
2.994: [GC (Allocation Failure) 2.994: [DefNew: 959K->64K(960K), 0.0020071 secs] 358052K->357529K(524224K), 0.0020567 secs] [Times: user=0.00 sys=0.00, real=0.00 secs] 
2.998: [GC (Allocation Failure) 2.998: [DefNew: 960K->64K(960K), 0.0016450 secs] 358441K->358001K(524224K), 0.0016867 secs] [Times: user=0.00 sys=0.00, real=0.00 secs] 
3.002: [GC (Allocation Failure) 3.002: [DefNew: 960K->63K(960K), 0.0017374 secs] 358906K->358462K(524224K), 0.0017910 secs] [Times: user=0.00 sys=0.00, real=0.00 secs] 
3.005: [GC (Allocation Failure) 3.005: [DefNew: 959K->63K(960K), 0.0016465 secs] 359362K->358888K(524224K), 0.0016969 secs] [Times: user=0.00 sys=0.00, real=0.00 secs] 
3.010: [GC (Allocation Failure) 3.010: [DefNew: 959K->64K(960K), 0.0017001 secs] 359804K->359406K(524224K), 0.0017528 secs] [Times: user=0.00 sys=0.00, real=0.00 secs] 
3.013: [GC (Allocation Failure) 3.013: [DefNew: 960K->63K(960K), 0.0014084 secs] 360308K->359741K(524224K), 0.0014421 secs] [Times: user=0.00 sys=0.00, real=0.00 secs] 
3.017: [GC (Allocation Failure) 3.017: [DefNew: 959K->63K(960K), 0.0014634 secs] 360648K->360169K(524224K), 0.0015153 secs] [Times: user=0.00 sys=0.00, real=0.00 secs] 
3.021: [GC (Allocation Failure) 3.021: [DefNew: 959K->64K(960K), 0.0014013 secs] 361069K->360521K(524224K), 0.0014344 secs] [Times: user=0.00 sys=0.00, real=0.00 secs] 
3.023: [GC (Allocation Failure) 3.023: [DefNew: 960K->63K(960K), 0.0015686 secs] 361424K->360933K(524224K), 0.0016294 secs] [Times: user=0.00 sys=0.00, real=0.00 secs] 
3.027: [GC (Allocation Failure) 3.027: [DefNew: 959K->64K(960K), 0.0014275 secs] 361833K->361302K(524224K), 0.0014717 secs] [Times: user=0.00 sys=0.00, real=0.00 secs] 
3.030: [GC (Allocation Failure) 3.030: [DefNew: 960K->63K(960K), 0.0017847 secs] 362208K->361761K(524224K), 0.0018261 secs] [Times: user=0.00 sys=0.00, real=0.00 secs] 
3.035: [GC (Allocation Failure) 3.035: [DefNew: 959K->64K(960K), 0.0015339 secs] 362659K->362173K(524224K), 0.0015769 secs] [Times: user=0.00 sys=0.00, real=0.00 secs] 
3.038: [GC (Allocation Failure) 3.038: [DefNew: 960K->63K(960K), 0.0013542 secs] 363069K->362518K(524224K), 0.0013856 secs] [Times: user=0.00 sys=0.00, real=0.00 secs] 
3.041: [GC (Allocation Failure) 3.041: [DefNew: 959K->63K(960K), 0.0015142 secs] 363431K->362978K(524224K), 0.0015558 secs] [Times: user=0.00 sys=0.00, real=0.00 secs] 
3.046: [GC (Allocation Failure) 3.046: [DefNew: 959K->63K(960K), 0.0016105 secs] 363882K->363396K(524224K), 0.0016530 secs] [Times: user=0.00 sys=0.00, real=0.00 secs] 
3.049: [GC (Allocation Failure) 3.049: [DefNew: 959K->64K(960K), 0.0013571 secs] 364299K->363772K(524224K), 0.0013887 secs] [Times: user=0.00 sys=0.00, real=0.00 secs] 
3.052: [GC (Allocation Failure) 3.052: [DefNew: 960K->64K(960K), 0.0013180 secs] 364672K->364135K(524224K), 0.0013651 secs] [Times: user=0.00 sys=0.00, real=0.00 secs] 
3.055: [GC (Allocation Failure) 3.055: [DefNew: 960K->64K(960K), 0.0013317 secs] 365035K->364509K(524224K), 0.0013654 secs] [Times: user=0.00 sys=0.00, real=0.00 secs] 
3.059: [GC (Allocation Failure) 3.059: [DefNew: 960K->63K(960K), 0.0014734 secs] 365415K->364913K(524224K), 0.0015073 secs] [Times: user=0.00 sys=0.00, real=0.00 secs] 
3.063: [GC (Allocation Failure) 3.063: [DefNew: 959K->64K(960K), 0.0013568 secs] 365815K->365270K(524224K), 0.0013882 secs] [Times: user=0.00 sys=0.00, real=0.00 secs] 
3.066: [GC (Allocation Failure) 3.066: [DefNew: 960K->64K(960K), 0.0019629 secs] 366173K->365685K(524224K), 0.0020134 secs] [Times: user=0.00 sys=0.00, real=0.00 secs] 
3.070: [GC (Allocation Failure) 3.070: [DefNew: 960K->63K(960K), 0.0015396 secs] 366583K->366086K(524224K), 0.0015837 secs] [Times: user=0.00 sys=0.00, real=0.00 secs] 
3.073: [GC (Allocation Failure) 3.073: [DefNew: 959K->64K(960K), 0.0013799 secs] 366985K->366446K(524224K), 0.0014141 secs] [Times: user=0.00 sys=0.00, real=0.00 secs] 
3.077: [GC (Allocation Failure) 3.077: [DefNew: 960K->64K(960K), 0.0016978 secs] 367356K->366932K(524224K), 0.0017562 secs] [Times: user=0.00 sys=0.00, real=0.00 secs] 
3.080: [GC (Allocation Failure) 3.080: [DefNew: 960K->64K(960K), 0.0016086 secs] 367833K->367377K(524224K), 0.0016633 secs] [Times: user=0.00 sys=0.00, real=0.00 secs] 
3.084: [GC (Allocation Failure) 3.084: [DefNew: 960K->63K(960K), 0.0014033 secs] 368276K->367731K(524224K), 0.0014358 secs] [Times: user=0.00 sys=0.00, real=0.00 secs] 
3.088: [GC (Allocation Failure) 3.088: [DefNew: 959K->64K(960K), 0.0013135 secs] 368628K->368091K(524224K), 0.0013428 secs] [Times: user=0.00 sys=0.00, real=0.00 secs] 
3.091: [GC (Allocation Failure) 3.091: [DefNew: 960K->64K(960K), 0.0013163 secs] 368992K->368473K(524224K), 0.0013465 secs] [Times: user=0.00 sys=0.00, real=0.00 secs] 
3.094: [GC (Allocation Failure) 3.094: [DefNew: 960K->64K(960K), 0.0018038 secs] 369373K->368822K(524224K), 0.0018423 secs] [Times: user=0.00 sys=0.00, real=0.00 secs] 
3.098: [GC (Allocation Failure) 3.098: [DefNew: 960K->64K(960K), 0.0012354 secs] 369721K->369183K(524224K), 0.0012667 secs] [Times: user=0.00 sys=0.00, real=0.00 secs] 
3.101: [GC (Allocation Failure) 3.101: [DefNew: 960K->63K(960K), 0.0013374 secs] 370082K->369546K(524224K), 0.0013671 secs] [Times: user=0.00 sys=0.00, real=0.00 secs] 
3.105: [GC (Allocation Failure) 3.105: [DefNew: 959K->63K(960K), 0.0013431 secs] 370445K->369905K(524224K), 0.0013745 secs] [Times: user=0.00 sys=0.00, real=0.00 secs] 
3.108: [GC (Allocation Failure) 3.108: [DefNew: 959K->63K(960K), 0.0015698 secs] 370819K->370367K(524224K), 0.0016220 secs] [Times: user=0.00 sys=0.00, real=0.00 secs] 
3.112: [GC (Allocation Failure) 3.112: [DefNew: 959K->63K(960K), 0.0015712 secs] 371270K->370747K(524224K), 0.0016180 secs] [Times: user=0.00 sys=0.00, real=0.00 secs] 
3.115: [GC (Allocation Failure) 3.115: [DefNew: 959K->63K(960K), 0.0015521 secs] 371648K->371164K(524224K), 0.0015969 secs] [Times: user=0.00 sys=0.00, real=0.00 secs] 
3.120: [GC (Allocation Failure) 3.120: [DefNew: 959K->63K(960K), 0.0016448 secs] 372070K->371653K(524224K), 0.0017001 secs] [Times: user=0.00 sys=0.00, real=0.00 secs] 
3.123: [GC (Allocation Failure) 3.123: [DefNew: 959K->63K(960K), 0.0015313 secs] 372555K->372067K(524224K), 0.0015843 secs] [Times: user=0.00 sys=0.00, real=0.00 secs] 
3.127: [GC (Allocation Failure) 3.127: [DefNew: 959K->64K(960K), 0.0019664 secs] 372971K->372537K(524224K), 0.0020162 secs] [Times: user=0.00 sys=0.00, real=0.00 secs] 
3.132: [GC (Allocation Failure) 3.132: [DefNew: 960K->63K(960K), 0.0017431 secs] 373444K->373017K(524224K), 0.0017842 secs] [Times: user=0.00 sys=0.00, real=0.00 secs] 
3.135: [GC (Allocation Failure) 3.135: [DefNew: 959K->63K(960K), 0.0014232 secs] 373922K->373376K(524224K), 0.0014580 secs] [Times: user=0.00 sys=0.00, real=0.00 secs] 
3.139: [GC (Allocation Failure) 3.139: [DefNew: 959K->63K(960K), 0.0013494 secs] 374277K->373743K(524224K), 0.0013796 secs] [Times: user=0.00 sys=0.00, real=0.00 secs] 
3.142: [GC (Allocation Failure) 3.142: [DefNew: 959K->64K(960K), 0.0015806 secs] 374645K->374162K(524224K), 0.0016248 secs] [Times: user=0.00 sys=0.00, real=0.00 secs] 
3.146: [GC (Allocation Failure) 3.146: [DefNew: 960K->63K(960K), 0.0014908 secs] 375066K->374572K(524224K), 0.0015410 secs] [Times: user=0.00 sys=0.00, real=0.00 secs] 
3.149: [GC (Allocation Failure) 3.149: [DefNew: 959K->63K(960K), 0.0014070 secs] 375477K->374963K(524224K), 0.0014403 secs] [Times: user=0.00 sys=0.00, real=0.00 secs] 
3.153: [GC (Allocation Failure) 3.153: [DefNew: 959K->63K(960K), 0.0014087 secs] 375864K->375371K(524224K), 0.0014421 secs] [Times: user=0.00 sys=0.00, real=0.00 secs] 
3.157: [GC (Allocation Failure) 3.157: [DefNew: 959K->63K(960K), 0.0016958 secs] 376277K->375833K(524224K), 0.0017434 secs] [Times: user=0.00 sys=0.00, real=0.00 secs] 
3.160: [GC (Allocation Failure) 3.160: [DefNew: 959K->64K(960K), 0.0015427 secs] 376732K->376271K(524224K), 0.0015917 secs] [Times: user=0.00 sys=0.00, real=0.00 secs] 
3.164: [GC (Allocation Failure) 3.164: [DefNew: 960K->63K(960K), 0.0017979 secs] 377182K->376770K(524224K), 0.0018532 secs] [Times: user=0.00 sys=0.00, real=0.00 secs] 
3.167: [GC (Allocation Failure) 3.167: [DefNew: 959K->63K(960K), 0.0015293 secs] 377670K->377133K(524224K), 0.0015766 secs] [Times: user=0.00 sys=0.00, real=0.00 secs] 
3.171: [GC (Allocation Failure) 3.171: [DefNew: 959K->63K(960K), 0.0014058 secs] 378032K->377515K(524224K), 0.0014381 secs] [Times: user=0.00 sys=0.00, real=0.00 secs] 
3.175: [GC (Allocation Failure) 3.175: [DefNew: 959K->64K(960K), 0.0014891 secs] 378422K->377923K(524224K), 0.0015299 secs] [Times: user=0.00 sys=0.00, real=0.00 secs] 
3.178: [GC (Allocation Failure) 3.178: [DefNew: 960K->63K(960K), 0.0019418 secs] 378821K->378276K(524224K), 0.0019855 secs] [Times: user=0.00 sys=0.00, real=0.00 secs] 
3.182: [GC (Allocation Failure) 3.182: [DefNew: 959K->64K(960K), 0.0014249 secs] 379179K->378658K(524224K), 0.0014597 secs] [Times: user=0.00 sys=0.00, real=0.00 secs] 
3.185: [GC (Allocation Failure) 3.185: [DefNew: 960K->63K(960K), 0.0013828 secs] 379556K->379029K(524224K), 0.0014130 secs] [Times: user=0.00 sys=0.00, real=0.00 secs] 
3.189: [GC (Allocation Failure) 3.189: [DefNew: 959K->64K(960K), 0.0016727 secs] 379929K->379447K(524224K), 0.0017237 secs] [Times: user=0.00 sys=0.00, real=0.00 secs] 
3.192: [GC (Allocation Failure) 3.192: [DefNew: 960K->64K(960K), 0.0014090 secs] 380345K->379821K(524224K), 0.0014446 secs] [Times: user=0.00 sys=0.00, real=0.00 secs] 
3.196: [GC (Allocation Failure) 3.196: [DefNew: 960K->63K(960K), 0.0015347 secs] 380728K->380247K(524224K), 0.0015712 secs] [Times: user=0.00 sys=0.00, real=0.00 secs] 
3.200: [GC (Allocation Failure) 3.200: [DefNew: 959K->63K(960K), 0.0015464 secs] 381146K->380633K(524224K), 0.0015966 secs] [Times: user=0.00 sys=0.00, real=0.00 secs] 
3.203: [GC (Allocation Failure) 3.203: [DefNew: 959K->63K(960K), 0.0014067 secs] 381530K->380996K(524224K), 0.0014392 secs] [Times: user=0.00 sys=0.00, real=0.00 secs] 
3.207: [GC (Allocation Failure) 3.207: [DefNew: 959K->64K(960K), 0.0017163 secs] 381911K->381527K(524224K), 0.0017708 secs] [Times: user=0.00 sys=0.00, real=0.00 secs] 
3.210: [GC (Allocation Failure) 3.210: [DefNew: 960K->63K(960K), 0.0015897 secs] 382430K->381943K(524224K), 0.0016356 secs] [Times: user=0.00 sys=0.00, real=0.00 secs] 
3.214: [GC (Allocation Failure) 3.214: [DefNew: 959K->63K(960K), 0.0014406 secs] 382842K->382337K(524224K), 0.0014771 secs] [Times: user=0.00 sys=0.00, real=0.00 secs] 
3.217: [GC (Allocation Failure) 3.217: [DefNew: 959K->63K(960K), 0.0014586 secs] 383238K->382737K(524224K), 0.0014934 secs] [Times: user=0.00 sys=0.00, real=0.00 secs] 
3.221: [GC (Allocation Failure) 3.221: [DefNew: 959K->64K(960K), 0.0013999 secs] 383641K->383111K(524224K), 0.0014321 secs] [Times: user=0.00 sys=0.00, real=0.00 secs] 
3.225: [GC (Allocation Failure) 3.225: [DefNew: 960K->64K(960K), 0.0014144 secs] 384009K->383508K(524224K), 0.0014460 secs] [Times: user=0.00 sys=0.00, real=0.00 secs] 
3.228: [GC (Allocation Failure) 3.228: [DefNew: 960K->64K(960K), 0.0017671 secs] 384406K->383861K(524224K), 0.0018107 secs] [Times: user=0.00 sys=0.00, real=0.00 secs] 
3.232: [GC (Allocation Failure) 3.232: [DefNew: 960K->63K(960K), 0.0014070 secs] 384773K->384308K(524224K), 0.0014458 secs] [Times: user=0.00 sys=0.00, real=0.00 secs] 
3.235: [GC (Allocation Failure) 3.235: [DefNew: 959K->63K(960K), 0.0018714 secs] 385220K->384794K(524224K), 0.0019327 secs] [Times: user=0.00 sys=0.00, real=0.00 secs] 
3.239: [GC (Allocation Failure) 3.239: [DefNew: 959K->63K(960K), 0.0016348 secs] 385693K->385203K(524224K), 0.0016793 secs] [Times: user=0.00 sys=0.00, real=0.00 secs] 
3.243: [GC (Allocation Failure) 3.243: [DefNew: 959K->63K(960K), 0.0013560 secs] 386103K->385566K(524224K), 0.0013867 secs] [Times: user=0.00 sys=0.00, real=0.00 secs] 
3.246: [GC (Allocation Failure) 3.246: [DefNew: 959K->63K(960K), 0.0014563 secs] 386475K->385988K(524224K), 0.0014888 secs] [Times: user=0.00 sys=0.00, real=0.00 secs] 
3.250: [GC (Allocation Failure) 3.250: [DefNew: 959K->64K(960K), 0.0014592 secs] 386886K->386379K(524224K), 0.0014911 secs] [Times: user=0.00 sys=0.00, real=0.00 secs] 
3.253: [GC (Allocation Failure) 3.253: [DefNew: 960K->63K(960K), 0.0016590 secs] 387287K->386839K(524224K), 0.0017046 secs] [Times: user=0.00 sys=0.00, real=0.00 secs] 
3.257: [GC (Allocation Failure) 3.257: [DefNew: 959K->64K(960K), 0.0016613 secs] 387741K->387300K(524224K), 0.0017152 secs] [Times: user=0.00 sys=0.00, real=0.00 secs] 
3.260: [GC (Allocation Failure) 3.260: [DefNew: 960K->64K(960K), 0.0014466 secs] 388203K->387670K(524224K), 0.0014785 secs] [Times: user=0.00 sys=0.00, real=0.00 secs] 
3.264: [GC (Allocation Failure) 3.264: [DefNew: 960K->64K(960K), 0.0014785 secs] 388574K->388086K(524224K), 0.0015148 secs] [Times: user=0.00 sys=0.00, real=0.00 secs] 
3.268: [GC (Allocation Failure) 3.268: [DefNew: 960K->64K(960K), 0.0016342 secs] 388997K->388590K(524224K), 0.0016753 secs] [Times: user=0.00 sys=0.00, real=0.00 secs] 
3.271: [GC (Allocation Failure) 3.271: [DefNew: 960K->63K(960K), 0.0016981 secs] 389494K->388990K(524224K), 0.0017488 secs] [Times: user=0.00 sys=0.00, real=0.00 secs] 
3.277: [GC (Allocation Failure) 3.277: [DefNew: 959K->64K(960K), 0.0015629 secs] 389899K->389463K(524224K), 0.0016165 secs] [Times: user=0.00 sys=0.00, real=0.00 secs] 
3.280: [GC (Allocation Failure) 3.280: [DefNew: 960K->63K(960K), 0.0018215 secs] 390378K->389979K(524224K), 0.0018697 secs] [Times: user=0.00 sys=0.00, real=0.00 secs] 
3.284: [GC (Allocation Failure) 3.284: [DefNew: 959K->63K(960K), 0.0016462 secs] 390879K->390402K(524224K), 0.0016929 secs] [Times: user=0.00 sys=0.00, real=0.00 secs] 
3.288: [GC (Allocation Failure) 3.288: [DefNew: 959K->64K(960K), 0.0013351 secs] 391307K->390764K(524224K), 0.0013619 secs] [Times: user=0.00 sys=0.00, real=0.00 secs] 
3.291: [GC (Allocation Failure) 3.291: [DefNew: 960K->63K(960K), 0.0013511 secs] 391665K->391135K(524224K), 0.0013870 secs] [Times: user=0.00 sys=0.00, real=0.00 secs] 
3.295: [GC (Allocation Failure) 3.295: [DefNew: 959K->64K(960K), 0.0014509 secs] 392040K->391548K(524224K), 0.0014854 secs] [Times: user=0.00 sys=0.00, real=0.00 secs] 
3.298: [GC (Allocation Failure) 3.298: [DefNew: 960K->63K(960K), 0.0014315 secs] 392449K->391923K(524224K), 0.0014634 secs] [Times: user=0.00 sys=0.00, real=0.00 secs] 
3.302: [GC (Allocation Failure) 3.302: [DefNew: 959K->63K(960K), 0.0016741 secs] 392824K->392329K(524224K), 0.0017272 secs] [Times: user=0.00 sys=0.00, real=0.00 secs] 
3.305: [GC (Allocation Failure) 3.305: [DefNew: 959K->63K(960K), 0.0015396 secs] 393242K->392789K(524224K), 0.0015775 secs] [Times: user=0.00 sys=0.00, real=0.00 secs] 
3.309: [GC (Allocation Failure) 3.309: [DefNew: 959K->63K(960K), 0.0016527 secs] 393693K->393274K(524224K), 0.0017112 secs] [Times: user=0.00 sys=0.00, real=0.00 secs] 
3.313: [GC (Allocation Failure) 3.313: [DefNew: 959K->64K(960K), 0.0016103 secs] 394180K->393701K(524224K), 0.0016567 secs] [Times: user=0.00 sys=0.00, real=0.00 secs] 
3.316: [GC (Allocation Failure) 3.316: [DefNew: 960K->63K(960K), 0.0013973 secs] 394603K->394064K(524224K), 0.0014398 secs] [Times: user=0.00 sys=0.00, real=0.00 secs] 
3.320: [GC (Allocation Failure) 3.320: [DefNew: 959K->63K(960K), 0.0015014 secs] 394965K->394477K(524224K), 0.0015430 secs] [Times: user=0.00 sys=0.00, real=0.00 secs] 
3.323: [GC (Allocation Failure) 3.323: [DefNew: 959K->63K(960K), 0.0014925 secs] 395379K->394885K(524224K), 0.0015301 secs] [Times: user=0.00 sys=0.00, real=0.00 secs] 
3.327: [GC (Allocation Failure) 3.327: [DefNew: 959K->64K(960K), 0.0014817 secs] 395781K->395273K(524224K), 0.0015219 secs] [Times: user=0.00 sys=0.00, real=0.00 secs] 
3.330: [GC (Allocation Failure) 3.330: [DefNew: 960K->63K(960K), 0.0016744 secs] 396179K->395778K(524224K), 0.0017146 secs] [Times: user=0.00 sys=0.00, real=0.00 secs] 
3.335: [GC (Allocation Failure) 3.335: [DefNew: 959K->63K(960K), 0.0016465 secs] 396684K->396221K(524224K), 0.0016935 secs] [Times: user=0.00 sys=0.00, real=0.00 secs] 
3.339: [GC (Allocation Failure) 3.339: [DefNew: 959K->64K(960K), 0.0013713 secs] 397122K->396590K(524224K), 0.0014053 secs] [Times: user=0.00 sys=0.00, real=0.00 secs] 
3.342: [GC (Allocation Failure) 3.342: [DefNew: 960K->63K(960K), 0.0013679 secs] 397488K->396964K(524224K), 0.0014036 secs] [Times: user=0.00 sys=0.00, real=0.00 secs] 
3.346: [GC (Allocation Failure) 3.346: [DefNew: 959K->63K(960K), 0.0017565 secs] 397879K->397515K(524224K), 0.0018158 secs] [Times: user=0.00 sys=0.00, real=0.00 secs] 
3.349: [GC (Allocation Failure) 3.349: [DefNew: 959K->63K(960K), 0.0016162 secs] 398412K->397877K(524224K), 0.0016502 secs] [Times: user=0.00 sys=0.00, real=0.00 secs] 
3.353: [GC (Allocation Failure) 3.353: [DefNew: 959K->63K(960K), 0.0013682 secs] 398775K->398238K(524224K), 0.0014030 secs] [Times: user=0.00 sys=0.00, real=0.00 secs] 
3.357: [GC (Allocation Failure) 3.357: [DefNew: 959K->63K(960K), 0.0014261 secs] 399143K->398632K(524224K), 0.0014574 secs] [Times: user=0.00 sys=0.00, real=0.00 secs] 
3.360: [GC (Allocation Failure) 3.360: [DefNew: 959K->64K(960K), 0.0016043 secs] 399533K->399048K(524224K), 0.0016644 secs] [Times: user=0.00 sys=0.00, real=0.00 secs] 
3.364: [GC (Allocation Failure) 3.364: [DefNew: 960K->63K(960K), 0.0017887 secs] 399968K->399606K(524224K), 0.0018429 secs] [Times: user=0.00 sys=0.00, real=0.00 secs] 
3.367: [GC (Allocation Failure) 3.367: [DefNew: 959K->64K(960K), 0.0016673 secs] 400508K->400011K(524224K), 0.0017012 secs] [Times: user=0.00 sys=0.00, real=0.00 secs] 
3.371: [GC (Allocation Failure) 3.371: [DefNew: 960K->63K(960K), 0.0013317 secs] 400910K->400362K(524224K), 0.0013642 secs] [Times: user=0.00 sys=0.00, real=0.00 secs] 
3.374: [GC (Allocation Failure) 3.374: [DefNew: 959K->64K(960K), 0.0013534 secs] 401259K->400714K(524224K), 0.0013822 secs] [Times: user=0.00 sys=0.00, real=0.00 secs] 
3.378: [GC (Allocation Failure) 3.378: [DefNew: 960K->63K(960K), 0.0019872 secs] 401625K->401151K(524224K), 0.0020462 secs] [Times: user=0.00 sys=0.00, real=0.00 secs] 
3.382: [GC (Allocation Failure) 3.382: [DefNew: 959K->63K(960K), 0.0015093 secs] 402051K->401542K(524224K), 0.0015450 secs] [Times: user=0.00 sys=0.00, real=0.00 secs] 
3.385: [GC (Allocation Failure) 3.385: [DefNew: 959K->63K(960K), 0.0014027 secs] 402442K->401909K(524224K), 0.0014344 secs] [Times: user=0.00 sys=0.00, real=0.00 secs] 
3.389: [GC (Allocation Failure) 3.389: [DefNew: 959K->64K(960K), 0.0015148 secs] 402812K->402341K(524224K), 0.0015487 secs] [Times: user=0.00 sys=0.00, real=0.00 secs] 
3.392: [GC (Allocation Failure) 3.392: [DefNew: 960K->63K(960K), 0.0014440 secs] 403241K->402713K(524224K), 0.0014737 secs] [Times: user=0.00 sys=0.00, real=0.00 secs] 
3.396: [GC (Allocation Failure) 3.396: [DefNew: 959K->63K(960K), 0.0016257 secs] 403629K->403182K(524224K), 0.0016830 secs] [Times: user=0.00 sys=0.00, real=0.00 secs] 
3.400: [GC (Allocation Failure) 3.400: [DefNew: 959K->63K(960K), 0.0013599 secs] 404083K->403520K(524224K), 0.0013990 secs] [Times: user=0.00 sys=0.00, real=0.00 secs] 
3.403: [GC (Allocation Failure) 3.403: [DefNew: 959K->64K(960K), 0.0013611 secs] 404423K->403910K(524224K), 0.0013916 secs] [Times: user=0.00 sys=0.00, real=0.00 secs] 
3.407: [GC (Allocation Failure) 3.407: [DefNew: 960K->64K(960K), 0.0015541 secs] 404807K->404303K(524224K), 0.0015937 secs] [Times: user=0.00 sys=0.00, real=0.00 secs] 
3.410: [GC (Allocation Failure) 3.410: [DefNew: 960K->63K(960K), 0.0016222 secs] 405214K->404751K(524224K), 0.0016710 secs] [Times: user=0.00 sys=0.00, real=0.00 secs] 
3.414: [GC (Allocation Failure) 3.414: [DefNew: 959K->63K(960K), 0.0015162 secs] 405654K->405174K(524224K), 0.0015684 secs] [Times: user=0.00 sys=0.00, real=0.00 secs] 
3.417: [GC (Allocation Failure) 3.417: [DefNew: 959K->64K(960K), 0.0014651 secs] 406076K->405547K(524224K), 0.0015008 secs] [Times: user=0.00 sys=0.00, real=0.00 secs] 
3.421: [GC (Allocation Failure) 3.421: [DefNew: 960K->64K(960K), 0.0014557 secs] 406449K->405971K(524224K), 0.0014891 secs] [Times: user=0.00 sys=0.00, real=0.00 secs] 
3.425: [GC (Allocation Failure) 3.425: [DefNew: 960K->63K(960K), 0.0015105 secs] 406870K->406373K(524224K), 0.0015453 secs] [Times: user=0.00 sys=0.00, real=0.00 secs] 
3.428: [GC (Allocation Failure) 3.428: [DefNew: 959K->63K(960K), 0.0015233 secs] 407280K->406791K(524224K), 0.0015664 secs] [Times: user=0.00 sys=0.00, real=0.00 secs] 
3.432: [GC (Allocation Failure) 3.432: [DefNew: 959K->63K(960K), 0.0014492 secs] 407691K->407179K(524224K), 0.0014820 secs] [Times: user=0.00 sys=0.00, real=0.00 secs] 
3.435: [GC (Allocation Failure) 3.435: [DefNew: 959K->64K(960K), 0.0014392 secs] 408084K->407580K(524224K), 0.0014634 secs] [Times: user=0.00 sys=0.00, real=0.00 secs] 
3.439: [GC (Allocation Failure) 3.439: [DefNew: 960K->63K(960K), 0.0016784 secs] 408486K->408035K(524224K), 0.0017140 secs] [Times: user=0.00 sys=0.00, real=0.00 secs] 
3.442: [GC (Allocation Failure) 3.442: [DefNew: 959K->64K(960K), 0.0014860 secs] 408938K->408456K(524224K), 0.0015119 secs] [Times: user=0.00 sys=0.00, real=0.00 secs] 
3.446: [GC (Allocation Failure) 3.446: [DefNew: 960K->64K(960K), 0.0014232 secs] 409358K->408845K(524224K), 0.0014614 secs] [Times: user=0.00 sys=0.00, real=0.00 secs] 
3.449: [GC (Allocation Failure) 3.449: [DefNew: 960K->63K(960K), 0.0013015 secs] 409743K->409197K(524224K), 0.0013294 secs] [Times: user=0.00 sys=0.00, real=0.00 secs] 
3.452: [GC (Allocation Failure) 3.452: [DefNew: 959K->63K(960K), 0.0012909 secs] 410098K->409572K(524224K), 0.0013177 secs] [Times: user=0.00 sys=0.00, real=0.00 secs] 
3.456: [GC (Allocation Failure) 3.456: [DefNew: 959K->63K(960K), 0.0013431 secs] 410470K->409940K(524224K), 0.0013759 secs] [Times: user=0.00 sys=0.00, real=0.00 secs] 
3.459: [GC (Allocation Failure) 3.459: [DefNew: 959K->63K(960K), 0.0016368 secs] 410849K->410415K(524224K), 0.0016892 secs] [Times: user=0.00 sys=0.00, real=0.00 secs] 
3.463: [GC (Allocation Failure) 3.463: [DefNew: 959K->63K(960K), 0.0014805 secs] 411315K->410817K(524224K), 0.0015267 secs] [Times: user=0.00 sys=0.00, real=0.00 secs] 
3.467: [GC (Allocation Failure) 3.467: [DefNew: 959K->63K(960K), 0.0014899 secs] 411722K->411232K(524224K), 0.0015205 secs] [Times: user=0.00 sys=0.00, real=0.00 secs] 
3.470: [GC (Allocation Failure) 3.470: [DefNew: 959K->63K(960K), 0.0017337 secs] 412132K->411597K(524224K), 0.0017739 secs] [Times: user=0.00 sys=0.00, real=0.00 secs] 
3.474: [GC (Allocation Failure) 3.474: [DefNew: 959K->63K(960K), 0.0013066 secs] 412497K->411967K(524224K), 0.0013483 secs] [Times: user=0.00 sys=0.00, real=0.00 secs] 
3.477: [GC (Allocation Failure) 3.477: [DefNew: 959K->64K(960K), 0.0014657 secs] 412872K->412415K(524224K), 0.0015028 secs] [Times: user=0.00 sys=0.00, real=0.00 secs] 
3.481: [GC (Allocation Failure) 3.481: [DefNew: 960K->64K(960K), 0.0015960 secs] 413316K->412874K(524224K), 0.0016530 secs] [Times: user=0.00 sys=0.00, real=0.00 secs] 
3.484: [GC (Allocation Failure) 3.484: [DefNew: 960K->63K(960K), 0.0014338 secs] 413774K->413245K(524224K), 0.0014694 secs] [Times: user=0.00 sys=0.00, real=0.00 secs] 
3.488: [GC (Allocation Failure) 3.488: [DefNew: 959K->63K(960K), 0.0013063 secs] 414147K->413601K(524224K), 0.0013394 secs] [Times: user=0.00 sys=0.00, real=0.00 secs] 
3.491: [GC (Allocation Failure) 3.491: [DefNew: 959K->63K(960K), 0.0015176 secs] 414507K->414045K(524224K), 0.0015558 secs] [Times: user=0.00 sys=0.00, real=0.00 secs] 
3.494: [GC (Allocation Failure) 3.494: [DefNew: 959K->64K(960K), 0.0015875 secs] 414948K->414413K(524224K), 0.0016308 secs] [Times: user=0.00 sys=0.00, real=0.00 secs] 
3.498: [GC (Allocation Failure) 3.498: [DefNew: 960K->63K(960K), 0.0014329 secs] 415314K->414830K(524224K), 0.0014748 secs] [Times: user=0.00 sys=0.00, real=0.00 secs] 
3.501: [GC (Allocation Failure) 3.501: [DefNew: 959K->63K(960K), 0.0019416 secs] 415737K->415299K(524224K), 0.0019989 secs] [Times: user=0.00 sys=0.00, real=0.00 secs] 
3.507: [GC (Allocation Failure) 3.507: [DefNew: 959K->64K(960K), 0.0019755 secs] 416218K->415810K(524224K), 0.0020302 secs] [Times: user=0.00 sys=0.00, real=0.00 secs] 
3.512: [GC (Allocation Failure) 3.512: [DefNew: 960K->64K(960K), 0.0017890 secs] 416711K->416264K(524224K), 0.0018438 secs] [Times: user=0.00 sys=0.00, real=0.00 secs] 
3.516: [GC (Allocation Failure) 3.516: [DefNew: 960K->63K(960K), 0.0016747 secs] 417179K->416744K(524224K), 0.0017175 secs] [Times: user=0.00 sys=0.00, real=0.00 secs] 
3.520: [GC (Allocation Failure) 3.520: [DefNew: 959K->64K(960K), 0.0017739 secs] 417654K->417266K(524224K), 0.0018295 secs] [Times: user=0.00 sys=0.00, real=0.00 secs] 
3.524: [GC (Allocation Failure) 3.524: [DefNew: 960K->63K(960K), 0.0015578 secs] 418169K->417638K(524224K), 0.0015920 secs] [Times: user=0.00 sys=0.00, real=0.00 secs] 
3.528: [GC (Allocation Failure) 3.528: [DefNew: 959K->63K(960K), 0.0017822 secs] 418544K->417983K(524224K), 0.0018190 secs] [Times: user=0.00 sys=0.00, real=0.00 secs] 
3.531: [GC (Allocation Failure) 3.531: [DefNew: 959K->64K(960K), 0.0013981 secs] 418881K->418390K(524224K), 0.0014338 secs] [Times: user=0.00 sys=0.00, real=0.00 secs] 
3.535: [GC (Allocation Failure) 3.535: [DefNew: 960K->63K(960K), 0.0013979 secs] 419294K->418759K(524224K), 0.0014298 secs] [Times: user=0.00 sys=0.00, real=0.00 secs] 
3.539: [GC (Allocation Failure) 3.539: [DefNew: 959K->63K(960K), 0.0013776 secs] 419660K->419128K(524224K), 0.0014090 secs] [Times: user=0.00 sys=0.00, real=0.00 secs] 
3.541: [GC (Allocation Failure) 3.541: [DefNew: 959K->63K(960K), 0.0015196 secs] 420027K->419534K(524224K), 0.0015587 secs] [Times: user=0.00 sys=0.00, real=0.00 secs] 
3.545: [GC (Allocation Failure) 3.545: [DefNew: 959K->64K(960K), 0.0014985 secs] 420434K->419934K(524224K), 0.0015404 secs] [Times: user=0.00 sys=0.00, real=0.00 secs] 
3.548: [GC (Allocation Failure) 3.548: [DefNew: 960K->64K(960K), 0.0014401 secs] 420832K->420317K(524224K), 0.0014714 secs] [Times: user=0.00 sys=0.00, real=0.00 secs] 
3.552: [GC (Allocation Failure) 3.552: [DefNew: 960K->64K(960K), 0.0015986 secs] 421226K->420762K(524224K), 0.0016391 secs] [Times: user=0.00 sys=0.00, real=0.00 secs] 
3.555: [GC (Allocation Failure) 3.555: [DefNew: 960K->64K(960K), 0.0014358 secs] 421662K->421140K(524224K), 0.0014771 secs] [Times: user=0.00 sys=0.00, real=0.00 secs] 
3.559: [GC (Allocation Failure) 3.559: [DefNew: 960K->64K(960K), 0.0016584 secs] 422052K->421638K(524224K), 0.0017152 secs] [Times: user=0.00 sys=0.00, real=0.00 secs] 
3.564: [GC (Allocation Failure) 3.564: [DefNew: 960K->64K(960K), 0.0014563 secs] 422542K->422014K(524224K), 0.0014959 secs] [Times: user=0.00 sys=0.00, real=0.00 secs] 
3.567: [GC (Allocation Failure) 3.567: [DefNew: 960K->64K(960K), 0.0015182 secs] 422916K->422418K(524224K), 0.0015567 secs] [Times: user=0.00 sys=0.00, real=0.00 secs] 
3.571: [GC (Allocation Failure) 3.571: [DefNew: 960K->64K(960K), 0.0014922 secs] 423320K->422821K(524224K), 0.0015344 secs] [Times: user=0.00 sys=0.00, real=0.00 secs] 
3.573: [GC (Allocation Failure) 3.573: [DefNew: 960K->63K(960K), 0.0013457 secs] 423722K->423158K(524224K), 0.0013776 secs] [Times: user=0.00 sys=0.00, real=0.00 secs] 
3.577: [GC (Allocation Failure) 3.577: [DefNew: 959K->63K(960K), 0.0014862 secs] 424067K->423571K(524224K), 0.0015282 secs] [Times: user=0.00 sys=0.00, real=0.00 secs] 
3.582: [GC (Allocation Failure) 3.582: [DefNew: 959K->63K(960K), 0.0019102 secs] 424486K->424173K(524224K), 0.0019595 secs] [Times: user=0.00 sys=0.00, real=0.00 secs] 
3.585: [GC (Allocation Failure) 3.585: [DefNew: 959K->63K(960K), 0.0017702 secs] 425080K->424573K(524224K), 0.0018056 secs] [Times: user=0.00 sys=0.00, real=0.00 secs] 
3.590: [GC (Allocation Failure) 3.590: [DefNew: 959K->64K(960K), 0.0015193 secs] 425477K->425011K(524224K), 0.0015669 secs] [Times: user=0.00 sys=0.00, real=0.00 secs] 
3.592: [GC (Allocation Failure) 3.592: [DefNew: 960K->64K(960K), 0.0014765 secs] 425913K->425380K(524224K), 0.0015096 secs] [Times: user=0.00 sys=0.00, real=0.00 secs] 
3.597: [GC (Allocation Failure) 3.597: [DefNew: 960K->63K(960K), 0.0016031 secs] 426290K->425841K(524224K), 0.0016476 secs] [Times: user=0.00 sys=0.00, real=0.00 secs] 
3.600: [GC (Allocation Failure) 3.600: [DefNew: 959K->64K(960K), 0.0014278 secs] 426742K->426211K(524224K), 0.0014606 secs] [Times: user=0.00 sys=0.00, real=0.00 secs] 
3.604: [GC (Allocation Failure) 3.604: [DefNew: 960K->64K(960K), 0.0014597 secs] 427114K->426626K(524224K), 0.0014934 secs] [Times: user=0.00 sys=0.00, real=0.00 secs] 
3.608: [GC (Allocation Failure) 3.608: [DefNew: 960K->63K(960K), 0.0015738 secs] 427533K->427059K(524224K), 0.0016182 secs] [Times: user=0.00 sys=0.00, real=0.00 secs] 
3.611: [GC (Allocation Failure) 3.611: [DefNew: 959K->64K(960K), 0.0020573 secs] 427965K->427507K(524224K), 0.0021140 secs] [Times: user=0.00 sys=0.00, real=0.00 secs] 
3.616: [GC (Allocation Failure) 3.616: [DefNew: 960K->63K(960K), 0.0016453 secs] 428408K->427966K(524224K), 0.0016915 secs] [Times: user=0.00 sys=0.00, real=0.00 secs] 
3.619: [GC (Allocation Failure) 3.619: [DefNew: 959K->63K(960K), 0.0014757 secs] 428871K->428366K(524224K), 0.0015122 secs] [Times: user=0.00 sys=0.00, real=0.00 secs] 
3.623: [GC (Allocation Failure) 3.623: [DefNew: 959K->64K(960K), 0.0014671 secs] 429269K->428773K(524224K), 0.0015014 secs] [Times: user=0.00 sys=0.00, real=0.00 secs] 
3.627: [GC (Allocation Failure) 3.627: [DefNew: 960K->64K(960K), 0.0017232 secs] 429683K->429227K(524224K), 0.0017674 secs] [Times: user=0.00 sys=0.00, real=0.00 secs] 
3.630: [GC (Allocation Failure) 3.630: [DefNew: 960K->63K(960K), 0.0015932 secs] 430133K->429674K(524224K), 0.0016382 secs] [Times: user=0.00 sys=0.00, real=0.00 secs] 
3.634: [GC (Allocation Failure) 3.634: [DefNew: 959K->63K(960K), 0.0014164 secs] 430577K->430032K(524224K), 0.0014526 secs] [Times: user=0.00 sys=0.00, real=0.00 secs] 
3.637: [GC (Allocation Failure) 3.637: [DefNew: 959K->63K(960K), 0.0013343 secs] 430932K->430372K(524224K), 0.0013665 secs] [Times: user=0.00 sys=0.00, real=0.00 secs] 
3.641: [GC (Allocation Failure) 3.641: [DefNew: 959K->64K(960K), 0.0013802 secs] 431272K->430749K(524224K), 0.0014113 secs] [Times: user=0.00 sys=0.00, real=0.00 secs] 
3.644: [GC (Allocation Failure) 3.644: [DefNew: 960K->63K(960K), 0.0014081 secs] 431650K->431135K(524224K), 0.0014381 secs] [Times: user=0.00 sys=0.00, real=0.00 secs] 
3.648: [GC (Allocation Failure) 3.648: [DefNew: 959K->63K(960K), 0.0016838 secs] 432053K->431614K(524224K), 0.0017263 secs] [Times: user=0.00 sys=0.00, real=0.00 secs] 
3.652: [GC (Allocation Failure) 3.652: [DefNew: 959K->63K(960K), 0.0014962 secs] 432517K->432004K(524224K), 0.0015376 secs] [Times: user=0.00 sys=0.00, real=0.00 secs] 
3.655: [GC (Allocation Failure) 3.655: [DefNew: 959K->63K(960K), 0.0013799 secs] 432904K->432356K(524224K), 0.0014115 secs] [Times: user=0.00 sys=0.00, real=0.00 secs] 
3.659: [GC (Allocation Failure) 3.659: [DefNew: 959K->63K(960K), 0.0016724 secs] 433271K->432826K(524224K), 0.0017212 secs] [Times: user=0.00 sys=0.00, real=0.00 secs] 
3.662: [GC (Allocation Failure) 3.662: [DefNew: 959K->63K(960K), 0.0015170 secs] 433731K->433272K(524224K), 0.0015592 secs] [Times: user=0.00 sys=0.00, real=0.00 secs] 
3.666: [GC (Allocation Failure) 3.666: [DefNew: 959K->63K(960K), 0.0016522 secs] 434186K->433772K(524224K), 0.0017006 secs] [Times: user=0.00 sys=0.00, real=0.00 secs] 
3.671: [GC (Allocation Failure) 3.671: [DefNew: 959K->63K(960K), 0.0014794 secs] 434681K->434155K(524224K), 0.0015167 secs] [Times: user=0.00 sys=0.00, real=0.00 secs] 
3.673: [GC (Allocation Failure) 3.674: [DefNew: 959K->63K(960K), 0.0013676 secs] 435059K->434540K(524224K), 0.0013999 secs] [Times: user=0.00 sys=0.00, real=0.00 secs] 
3.677: [GC (Allocation Failure) 3.677: [DefNew: 959K->64K(960K), 0.0015792 secs] 435444K->434934K(524224K), 0.0016268 secs] [Times: user=0.00 sys=0.00, real=0.00 secs] 
3.681: [GC (Allocation Failure) 3.681: [DefNew: 960K->63K(960K), 0.0017617 secs] 435842K->435484K(524224K), 0.0018124 secs] [Times: user=0.00 sys=0.00, real=0.00 secs] 
3.685: [GC (Allocation Failure) 3.685: [DefNew: 959K->63K(960K), 0.0016185 secs] 436383K->435860K(524224K), 0.0016602 secs] [Times: user=0.00 sys=0.00, real=0.00 secs] 
3.688: [GC (Allocation Failure) 3.688: [DefNew: 959K->63K(960K), 0.0014406 secs] 436763K->436264K(524224K), 0.0014840 secs] [Times: user=0.00 sys=0.00, real=0.00 secs] 
3.692: [GC (Allocation Failure) 3.692: [DefNew: 959K->64K(960K), 0.0015145 secs] 437167K->436680K(524224K), 0.0015484 secs] [Times: user=0.00 sys=0.00, real=0.00 secs] 
3.696: [GC (Allocation Failure) 3.696: [DefNew: 960K->63K(960K), 0.0015900 secs] 437588K->437156K(524224K), 0.0016214 secs] [Times: user=0.00 sys=0.00, real=0.00 secs] 
3.699: [GC (Allocation Failure) 3.699: [DefNew: 959K->64K(960K), 0.0015279 secs] 438059K->437559K(524224K), 0.0015661 secs] [Times: user=0.00 sys=0.00, real=0.00 secs] 
3.704: [GC (Allocation Failure) 3.704: [DefNew: 960K->63K(960K), 0.0014292 secs] 438460K->437942K(524224K), 0.0014631 secs] [Times: user=0.00 sys=0.00, real=0.00 secs] 
3.706: [GC (Allocation Failure) 3.706: [DefNew: 959K->63K(960K), 0.0016376 secs] 438849K->438370K(524224K), 0.0016858 secs] [Times: user=0.00 sys=0.00, real=0.00 secs] 
3.711: [GC (Allocation Failure) 3.711: [DefNew: 959K->63K(960K), 0.0016795 secs] 439273K->438835K(524224K), 0.0017383 secs] [Times: user=0.00 sys=0.00, real=0.00 secs] 
3.714: [GC (Allocation Failure) 3.714: [DefNew: 959K->63K(960K), 0.0014326 secs] 439740K->439196K(524224K), 0.0014683 secs] [Times: user=0.00 sys=0.00, real=0.00 secs] 
3.717: [GC (Allocation Failure) 3.717: [DefNew: 959K->64K(960K), 0.0013574 secs] 440099K->439567K(524224K), 0.0013919 secs] [Times: user=0.00 sys=0.00, real=0.00 secs] 
3.721: [GC (Allocation Failure) 3.721: [DefNew: 960K->64K(960K), 0.0014600 secs] 440471K->439966K(524224K), 0.0014968 secs] [Times: user=0.00 sys=0.00, real=0.00 secs] 
3.724: [GC (Allocation Failure) 3.724: [DefNew: 960K->63K(960K), 0.0014269 secs] 440868K->440350K(524224K), 0.0014597 secs] [Times: user=0.00 sys=0.00, real=0.00 secs] 
3.727: [GC (Allocation Failure) 3.727: [DefNew: 959K->63K(960K), 0.0022657 secs] 441247K->440718K(524224K), 0.0023290 secs] [Times: user=0.00 sys=0.00, real=0.00 secs] 
3.731: [GC (Allocation Failure) 3.731: [DefNew: 959K->64K(960K), 0.0016151 secs] 441628K->441185K(524224K), 0.0016613 secs] [Times: user=0.00 sys=0.00, real=0.00 secs] 
3.736: [GC (Allocation Failure) 3.736: [DefNew: 960K->63K(960K), 0.0017391 secs] 442093K->441662K(524224K), 0.0017913 secs] [Times: user=0.00 sys=0.00, real=0.00 secs] 
3.740: [GC (Allocation Failure) 3.740: [DefNew: 959K->63K(960K), 0.0014737 secs] 442562K->442020K(524224K), 0.0015133 secs] [Times: user=0.00 sys=0.00, real=0.00 secs] 
3.743: [GC (Allocation Failure) 3.743: [DefNew: 959K->64K(960K), 0.0014081 secs] 442919K->442391K(524224K), 0.0014403 secs] [Times: user=0.00 sys=0.00, real=0.00 secs] 
3.747: [GC (Allocation Failure) 3.747: [DefNew: 960K->64K(960K), 0.0014911 secs] 443294K->442798K(524224K), 0.0015279 secs] [Times: user=0.00 sys=0.00, real=0.00 secs] 
3.750: [GC (Allocation Failure) 3.750: [DefNew: 960K->64K(960K), 0.0014210 secs] 443700K->443166K(524224K), 0.0014535 secs] [Times: user=0.00 sys=0.00, real=0.00 secs] 
3.754: [GC (Allocation Failure) 3.754: [DefNew: 960K->63K(960K), 0.0016519 secs] 444075K->443639K(524224K), 0.0017009 secs] [Times: user=0.00 sys=0.00, real=0.00 secs] 
3.757: [GC (Allocation Failure) 3.757: [DefNew: 959K->63K(960K), 0.0015376 secs] 444538K->444026K(524224K), 0.0015798 secs] [Times: user=0.00 sys=0.00, real=0.00 secs] 
3.761: [GC (Allocation Failure) 3.761: [DefNew: 959K->63K(960K), 0.0013979 secs] 444929K->444396K(524224K), 0.0014301 secs] [Times: user=0.00 sys=0.00, real=0.00 secs] 
3.765: [GC (Allocation Failure) 3.765: [DefNew: 959K->63K(960K), 0.0013591 secs] 445298K->444787K(524224K), 0.0013873 secs] [Times: user=0.00 sys=0.00, real=0.00 secs] 
3.767: [GC (Allocation Failure) 3.767: [DefNew: 959K->64K(960K), 0.0013993 secs] 445689K->445150K(524224K), 0.0014352 secs] [Times: user=0.00 sys=0.00, real=0.00 secs] 
3.771: [GC (Allocation Failure) 3.771: [DefNew: 960K->63K(960K), 0.0014774 secs] 446058K->445545K(524224K), 0.0015122 secs] [Times: user=0.00 sys=0.00, real=0.00 secs] 
3.774: [GC (Allocation Failure) 3.774: [DefNew: 959K->63K(960K), 0.0017594 secs] 446453K->445982K(524224K), 0.0018101 secs] [Times: user=0.00 sys=0.00, real=0.00 secs] 
3.778: [GC (Allocation Failure) 3.779: [DefNew: 959K->63K(960K), 0.0016097 secs] 446882K->446389K(524224K), 0.0016547 secs] [Times: user=0.00 sys=0.00, real=0.00 secs] 
3.783: [GC (Allocation Failure) 3.783: [DefNew: 959K->63K(960K), 0.0013776 secs] 447289K->446751K(524224K), 0.0014147 secs] [Times: user=0.00 sys=0.00, real=0.00 secs] 
3.785: [GC (Allocation Failure) 3.785: [DefNew: 959K->63K(960K), 0.0015475 secs] 447659K->447174K(524224K), 0.0015880 secs] [Times: user=0.00 sys=0.00, real=0.00 secs] 
3.790: [GC (Allocation Failure) 3.790: [DefNew: 959K->63K(960K), 0.0014509 secs] 448071K->447555K(524224K), 0.0014931 secs] [Times: user=0.00 sys=0.00, real=0.00 secs] 
3.792: [GC (Allocation Failure) 3.792: [DefNew: 959K->64K(960K), 0.0014087 secs] 448457K->447921K(524224K), 0.0014415 secs] [Times: user=0.00 sys=0.00, real=0.00 secs] 
3.796: [GC (Allocation Failure) 3.796: [DefNew: 960K->64K(960K), 0.0014218 secs] 448821K->448295K(524224K), 0.0014566 secs] [Times: user=0.00 sys=0.00, real=0.00 secs] 
3.799: [GC (Allocation Failure) 3.799: [DefNew: 960K->64K(960K), 0.0014153 secs] 449194K->448692K(524224K), 0.0014469 secs] [Times: user=0.00 sys=0.00, real=0.00 secs] 
3.803: [GC (Allocation Failure) 3.803: [DefNew: 960K->64K(960K), 0.0016296 secs] 449597K->449116K(524224K), 0.0016713 secs] [Times: user=0.00 sys=0.00, real=0.00 secs] 
3.807: [GC (Allocation Failure) 3.807: [DefNew: 960K->64K(960K), 0.0014700 secs] 450015K->449521K(524224K), 0.0015116 secs] [Times: user=0.00 sys=0.00, real=0.00 secs] 
3.810: [GC (Allocation Failure) 3.810: [DefNew: 960K->63K(960K), 0.0024661 secs] 450429K->449955K(524224K), 0.0025277 secs] [Times: user=0.00 sys=0.00, real=0.00 secs] 
3.815: [GC (Allocation Failure) 3.815: [DefNew: 959K->63K(960K), 0.0017648 secs] 450867K->450495K(524224K), 0.0018192 secs] [Times: user=0.00 sys=0.00, real=0.00 secs] 
3.819: [GC (Allocation Failure) 3.819: [DefNew: 959K->63K(960K), 0.0015119 secs] 451396K->450853K(524224K), 0.0015473 secs] [Times: user=0.00 sys=0.00, real=0.00 secs] 
3.823: [GC (Allocation Failure) 3.823: [DefNew: 959K->63K(960K), 0.0013944 secs] 451757K->451245K(524224K), 0.0014321 secs] [Times: user=0.00 sys=0.00, real=0.00 secs] 
3.825: [GC (Allocation Failure) 3.825: [DefNew: 959K->64K(960K), 0.0014084 secs] 452147K->451648K(524224K), 0.0014406 secs] [Times: user=0.00 sys=0.00, real=0.00 secs] 
3.831: [GC (Allocation Failure) 3.831: [DefNew: 960K->63K(960K), 0.0018965 secs] 452568K->452258K(524224K), 0.0019535 secs] [Times: user=0.00 sys=0.00, real=0.00 secs] 
3.836: [GC (Allocation Failure) 3.836: [DefNew: 959K->63K(960K), 0.0017220 secs] 453161K->452620K(524224K), 0.0017605 secs] [Times: user=0.00 sys=0.00, real=0.00 secs] 
3.839: [GC (Allocation Failure) 3.839: [DefNew: 959K->63K(960K), 0.0012271 secs] 453523K->452966K(524224K), 0.0012573 secs] [Times: user=0.00 sys=0.00, real=0.00 secs] 
3.842: [GC (Allocation Failure) 3.842: [DefNew: 959K->64K(960K), 0.0013651 secs] 453868K->453360K(524224K), 0.0013967 secs] [Times: user=0.00 sys=0.00, real=0.00 secs] 
3.845: [GC (Allocation Failure) 3.845: [DefNew: 960K->63K(960K), 0.0016527 secs] 454259K->453733K(524224K), 0.0016921 secs] [Times: user=0.00 sys=0.00, real=0.00 secs] 
3.849: [GC (Allocation Failure) 3.849: [DefNew: 959K->63K(960K), 0.0014592 secs] 454633K->454174K(524224K), 0.0014968 secs] [Times: user=0.00 sys=0.00, real=0.00 secs] 
3.853: [GC (Allocation Failure) 3.853: [DefNew: 959K->63K(960K), 0.0015718 secs] 455079K->454578K(524224K), 0.0016202 secs] [Times: user=0.00 sys=0.00, real=0.00 secs] 
3.856: [GC (Allocation Failure) 3.856: [DefNew: 959K->63K(960K), 0.0014076 secs] 455477K->454948K(524224K), 0.0014401 secs] [Times: user=0.00 sys=0.00, real=0.00 secs] 
3.860: [GC (Allocation Failure) 3.860: [DefNew: 959K->63K(960K), 0.0014717 secs] 455856K->455364K(524224K), 0.0015071 secs] [Times: user=0.00 sys=0.00, real=0.00 secs] 
3.863: [GC (Allocation Failure) 3.863: [DefNew: 959K->64K(960K), 0.0014780 secs] 456264K->455741K(524224K), 0.0015099 secs] [Times: user=0.00 sys=0.00, real=0.00 secs] 
3.867: [GC (Allocation Failure) 3.867: [DefNew: 960K->64K(960K), 0.0015986 secs] 456656K->456226K(524224K), 0.0016419 secs] [Times: user=0.00 sys=0.00, real=0.00 secs] 
3.870: [GC (Allocation Failure) 3.870: [DefNew: 960K->64K(960K), 0.0015262 secs] 457126K->456609K(524224K), 0.0015572 secs] [Times: user=0.00 sys=0.00, real=0.00 secs] 
3.874: [GC (Allocation Failure) 3.874: [DefNew: 960K->63K(960K), 0.0014007 secs] 457508K->457001K(524224K), 0.0014281 secs] [Times: user=0.00 sys=0.00, real=0.00 secs] 
3.878: [GC (Allocation Failure) 3.878: [DefNew: 959K->63K(960K), 0.0016564 secs] 457906K->457461K(524224K), 0.0016964 secs] [Times: user=0.00 sys=0.00, real=0.00 secs] 
3.881: [GC (Allocation Failure) 3.881: [DefNew: 959K->63K(960K), 0.0016026 secs] 458366K->457921K(524224K), 0.0016428 secs] [Times: user=0.00 sys=0.00, real=0.00 secs] 
3.911: [GC (Allocation Failure) 3.911: [DefNew: 959K->63K(960K), 0.0176898 secs] 467015K->466544K(524224K), 0.0177531 secs] [Times: user=0.02 sys=0.00, real=0.02 secs] 
3.930: [GC (Allocation Failure) 3.930: [DefNew: 959K->64K(960K), 0.0014423 secs] 467449K->466921K(524224K), 0.0014874 secs] [Times: user=0.00 sys=0.00, real=0.00 secs] 
3.934: [GC (Allocation Failure) 3.934: [DefNew: 960K->63K(960K), 0.0012681 secs] 467831K->467236K(524224K), 0.0013024 secs] [Times: user=0.00 sys=0.00, real=0.00 secs] 
3.937: [GC (Allocation Failure) 3.937: [DefNew: 959K->64K(960K), 0.0011932 secs] 468146K->467558K(524224K), 0.0012245 secs] [Times: user=0.00 sys=0.00, real=0.00 secs] 
3.940: [GC (Allocation Failure) 3.940: [DefNew: 960K->63K(960K), 0.0013896 secs] 468473K->467907K(524224K), 0.0014321 secs] [Times: user=0.00 sys=0.00, real=0.00 secs] 
3.944: [GC (Allocation Failure) 3.944: [DefNew: 959K->63K(960K), 0.0012815 secs] 468807K->468256K(524224K), 0.0013220 secs] [Times: user=0.00 sys=0.00, real=0.00 secs] 
3.947: [GC (Allocation Failure) 3.947: [DefNew: 959K->63K(960K), 0.0012365 secs] 469157K->468575K(524224K), 0.0012684 secs] [Times: user=0.00 sys=0.00, real=0.00 secs] 
3.950: [GC (Allocation Failure) 3.950: [DefNew: 959K->63K(960K), 0.0012120 secs] 469477K->468912K(524224K), 0.0012453 secs] [Times: user=0.00 sys=0.00, real=0.00 secs] 
3.953: [GC (Allocation Failure) 3.953: [DefNew: 959K->63K(960K), 0.0014512 secs] 469817K->469296K(524224K), 0.0014971 secs] [Times: user=0.00 sys=0.00, real=0.00 secs] 
3.957: [GC (Allocation Failure) 3.957: [DefNew: 959K->64K(960K), 0.0013426 secs] 470194K->469683K(524224K), 0.0013856 secs] [Times: user=0.00 sys=0.00, real=0.00 secs] 
3.961: [GC (Allocation Failure) 3.961: [DefNew: 960K->63K(960K), 0.0012257 secs] 470586K->469977K(524224K), 0.0012584 secs] [Times: user=0.00 sys=0.00, real=0.00 secs] 
3.964: [GC (Allocation Failure) 3.964: [DefNew: 959K->63K(960K), 0.0011093 secs] 470882K->470281K(524224K), 0.0011387 secs] [Times: user=0.00 sys=0.00, real=0.00 secs] 
3.967: [GC (Allocation Failure) 3.967: [DefNew: 959K->63K(960K), 0.0011532 secs] 471180K->470619K(524224K), 0.0011818 secs] [Times: user=0.00 sys=0.00, real=0.00 secs] 
3.970: [GC (Allocation Failure) 3.970: [DefNew: 959K->63K(960K), 0.0011641 secs] 471520K->470928K(524224K), 0.0011952 secs] [Times: user=0.00 sys=0.00, real=0.00 secs] 
3.973: [GC (Allocation Failure) 3.973: [DefNew: 959K->63K(960K), 0.0011686 secs] 471827K->471238K(524224K), 0.0011980 secs] [Times: user=0.00 sys=0.00, real=0.00 secs] 
3.977: [GC (Allocation Failure) 3.977: [DefNew: 959K->64K(960K), 0.0013508 secs] 472142K->471600K(524224K), 0.0013890 secs] [Times: user=0.00 sys=0.00, real=0.00 secs] 
3.980: [GC (Allocation Failure) 3.980: [DefNew: 960K->63K(960K), 0.0012562 secs] 472498K->471930K(524224K), 0.0012958 secs] [Times: user=0.00 sys=0.00, real=0.00 secs] 
3.983: [GC (Allocation Failure) 3.983: [DefNew: 959K->63K(960K), 0.0010985 secs] 472828K->472230K(524224K), 0.0011202 secs] [Times: user=0.00 sys=0.00, real=0.00 secs] 
3.986: [GC (Allocation Failure) 3.986: [DefNew: 959K->63K(960K), 0.0011963 secs] 473129K->472555K(524224K), 0.0012334 secs] [Times: user=0.00 sys=0.00, real=0.00 secs] 
3.990: [GC (Allocation Failure) 3.990: [DefNew: 959K->64K(960K), 0.0011524 secs] 473456K->472866K(524224K), 0.0011818 secs] [Times: user=0.00 sys=0.00, real=0.00 secs] 
3.992: [GC (Allocation Failure) 3.992: [DefNew: 960K->64K(960K), 0.0010671 secs] 473764K->473144K(524224K), 0.0011384 secs] [Times: user=0.00 sys=0.00, real=0.00 secs] 
3.995: [GC (Allocation Failure) 3.995: [DefNew: 960K->63K(960K), 0.0010654 secs] 474042K->473436K(524224K), 0.0010899 secs] [Times: user=0.00 sys=0.00, real=0.00 secs] 
3.998: [GC (Allocation Failure) 3.998: [DefNew: 959K->64K(960K), 0.0010141 secs] 474333K->473707K(524224K), 0.0010383 secs] [Times: user=0.00 sys=0.00, real=0.00 secs] 
4.000: [GC (Allocation Failure) 4.000: [DefNew: 960K->64K(960K), 0.0011920 secs] 474607K->474038K(524224K), 0.0012305 secs] [Times: user=0.00 sys=0.00, real=0.00 secs] 
4.004: [GC (Allocation Failure) 4.004: [DefNew: 960K->64K(960K), 0.0012465 secs] 474937K->474379K(524224K), 0.0012798 secs] [Times: user=0.00 sys=0.00, real=0.00 secs] 
4.006: [GC (Allocation Failure) 4.006: [DefNew: 960K->63K(960K), 0.0011832 secs] 475277K->474700K(524224K), 0.0012168 secs] [Times: user=0.00 sys=0.00, real=0.00 secs] 
4.010: [GC (Allocation Failure) 4.010: [DefNew: 959K->63K(960K), 0.0019852 secs] 475605K->475121K(524224K), 0.0020602 secs] [Times: user=0.00 sys=0.00, real=0.00 secs] 
4.015: [GC (Allocation Failure) 4.015: [DefNew: 959K->63K(960K), 0.0015293 secs] 476029K->475553K(524224K), 0.0015698 secs] [Times: user=0.00 sys=0.00, real=0.00 secs] 
4.018: [GC (Allocation Failure) 4.018: [DefNew: 959K->64K(960K), 0.0012562 secs] 476452K->475869K(524224K), 0.0012832 secs] [Times: user=0.00 sys=0.00, real=0.00 secs] 
4.021: [GC (Allocation Failure) 4.021: [DefNew: 960K->63K(960K), 0.0012627 secs] 476769K->476208K(524224K), 0.0012998 secs] [Times: user=0.00 sys=0.00, real=0.00 secs] 
4.024: [GC (Allocation Failure) 4.024: [DefNew: 959K->63K(960K), 0.0011458 secs] 477105K->476521K(524224K), 0.0011738 secs] [Times: user=0.00 sys=0.00, real=0.00 secs] 
4.028: [GC (Allocation Failure) 4.028: [DefNew: 959K->63K(960K), 0.0011347 secs] 477421K->476844K(524224K), 0.0011686 secs] [Times: user=0.00 sys=0.00, real=0.00 secs] 
4.030: [GC (Allocation Failure) 4.030: [DefNew: 959K->64K(960K), 0.0012485 secs] 477744K->477201K(524224K), 0.0012855 secs] [Times: user=0.00 sys=0.00, real=0.00 secs] 
4.034: [GC (Allocation Failure) 4.034: [DefNew: 960K->63K(960K), 0.0011664 secs] 478106K->477535K(524224K), 0.0011974 secs] [Times: user=0.00 sys=0.00, real=0.00 secs] 
4.037: [GC (Allocation Failure) 4.037: [DefNew: 959K->63K(960K), 0.0011424 secs] 478443K->477837K(524224K), 0.0011721 secs] [Times: user=0.00 sys=0.00, real=0.00 secs] 
4.040: [GC (Allocation Failure) 4.040: [DefNew: 959K->63K(960K), 0.0013140 secs] 478740K->478193K(524224K), 0.0013562 secs] [Times: user=0.00 sys=0.00, real=0.00 secs] 
4.044: [GC (Allocation Failure) 4.044: [DefNew: 959K->64K(960K), 0.0012208 secs] 479099K->478514K(524224K), 0.0012530 secs] [Times: user=0.00 sys=0.00, real=0.00 secs] 
4.046: [GC (Allocation Failure) 4.046: [DefNew: 960K->63K(960K), 0.0011937 secs] 479418K->478837K(524224K), 0.0012237 secs] [Times: user=0.00 sys=0.00, real=0.00 secs] 
4.050: [GC (Allocation Failure) 4.050: [DefNew: 959K->63K(960K), 0.0013751 secs] 479737K->479169K(524224K), 0.0014212 secs] [Times: user=0.00 sys=0.00, real=0.00 secs] 
4.054: [GC (Allocation Failure) 4.054: [DefNew: 959K->63K(960K), 0.0012470 secs] 480066K->479519K(524224K), 0.0012784 secs] [Times: user=0.00 sys=0.00, real=0.00 secs] 
4.056: [GC (Allocation Failure) 4.056: [DefNew: 959K->64K(960K), 0.0011475 secs] 480416K->479818K(524224K), 0.0011775 secs] [Times: user=0.00 sys=0.00, real=0.00 secs] 
4.060: [GC (Allocation Failure) 4.060: [DefNew: 960K->63K(960K), 0.0010994 secs] 480716K->480111K(524224K), 0.0011267 secs] [Times: user=0.00 sys=0.00, real=0.00 secs] 
4.063: [GC (Allocation Failure) 4.063: [DefNew: 959K->63K(960K), 0.0011877 secs] 481010K->480439K(524224K), 0.0012160 secs] [Times: user=0.00 sys=0.00, real=0.00 secs] 
4.066: [GC (Allocation Failure) 4.066: [DefNew: 959K->64K(960K), 0.0014429 secs] 481341K->480825K(524224K), 0.0014811 secs] [Times: user=0.00 sys=0.00, real=0.00 secs] 
4.069: [GC (Allocation Failure) 4.069: [DefNew: 960K->63K(960K), 0.0013303 secs] 481726K->481172K(524224K), 0.0013631 secs] [Times: user=0.00 sys=0.00, real=0.00 secs] 
4.073: [GC (Allocation Failure) 4.073: [DefNew: 959K->63K(960K), 0.0011769 secs] 482070K->481494K(524224K), 0.0012031 secs] [Times: user=0.00 sys=0.00, real=0.00 secs] 
4.076: [GC (Allocation Failure) 4.076: [DefNew: 959K->63K(960K), 0.0011045 secs] 482393K->481793K(524224K), 0.0011290 secs] [Times: user=0.00 sys=0.00, real=0.00 secs] 
4.079: [GC (Allocation Failure) 4.079: [DefNew: 959K->63K(960K), 0.0011846 secs] 482697K->482149K(524224K), 0.0012128 secs] [Times: user=0.00 sys=0.00, real=0.00 secs] 
4.082: [GC (Allocation Failure) 4.082: [DefNew: 959K->63K(960K), 0.0011376 secs] 483051K->482452K(524224K), 0.0011607 secs] [Times: user=0.00 sys=0.00, real=0.00 secs] 
4.085: [GC (Allocation Failure) 4.085: [DefNew: 959K->63K(960K), 0.0012114 secs] 483354K->482781K(524224K), 0.0012465 secs] [Times: user=0.00 sys=0.00, real=0.00 secs] 
4.089: [GC (Allocation Failure) 4.089: [DefNew: 959K->64K(960K), 0.0011444 secs] 483682K->483120K(524224K), 0.0011746 secs] [Times: user=0.00 sys=0.00, real=0.00 secs] 
4.091: [GC (Allocation Failure) 4.091: [DefNew: 960K->63K(960K), 0.0010483 secs] 484023K->483392K(524224K), 0.0010723 secs] [Times: user=0.00 sys=0.00, real=0.00 secs] 
4.094: [GC (Allocation Failure) 4.094: [DefNew: 959K->63K(960K), 0.0010141 secs] 484296K->483678K(524224K), 0.0010517 secs] [Times: user=0.00 sys=0.00, real=0.00 secs] 
4.097: [GC (Allocation Failure) 4.097: [DefNew: 959K->63K(960K), 0.0012827 secs] 484576K->484048K(524224K), 0.0013260 secs] [Times: user=0.00 sys=0.00, real=0.00 secs] 
4.100: [GC (Allocation Failure) 4.100: [DefNew: 959K->63K(960K), 0.0012690 secs] 484945K->484384K(524224K), 0.0012998 secs] [Times: user=0.00 sys=0.00, real=0.00 secs] 
4.103: [GC (Allocation Failure) 4.103: [DefNew: 959K->63K(960K), 0.0012148 secs] 485284K->484719K(524224K), 0.0012510 secs] [Times: user=0.00 sys=0.00, real=0.00 secs] 
4.106: [GC (Allocation Failure) 4.106: [DefNew: 959K->64K(960K), 0.0011530 secs] 485616K->485027K(524224K), 0.0011812 secs] [Times: user=0.00 sys=0.00, real=0.00 secs] 
4.110: [GC (Allocation Failure) 4.110: [DefNew: 960K->63K(960K), 0.0011219 secs] 485925K->485352K(524224K), 0.0011550 secs] [Times: user=0.00 sys=0.00, real=0.00 secs] 
4.114: [GC (Allocation Failure) 4.114: [DefNew: 959K->63K(960K), 0.0022095 secs] 486266K->485799K(524224K), 0.0022700 secs] [Times: user=0.00 sys=0.00, real=0.00 secs] 
4.118: [GC (Allocation Failure) 4.118: [DefNew: 959K->64K(960K), 0.0014401 secs] 486697K->486183K(524224K), 0.0014805 secs] [Times: user=0.00 sys=0.00, real=0.00 secs] 
4.122: [GC (Allocation Failure) 4.122: [DefNew: 960K->63K(960K), 0.0012627 secs] 487081K->486545K(524224K), 0.0012927 secs] [Times: user=0.00 sys=0.00, real=0.00 secs] 
4.125: [GC (Allocation Failure) 4.125: [DefNew: 959K->63K(960K), 0.0011678 secs] 487443K->486865K(524224K), 0.0011952 secs] [Times: user=0.00 sys=0.00, real=0.00 secs] 
4.128: [GC (Allocation Failure) 4.129: [DefNew: 959K->64K(960K), 0.0019626 secs] 487776K->487288K(524224K), 0.0020145 secs] [Times: user=0.00 sys=0.00, real=0.00 secs] 
4.132: [GC (Allocation Failure) 4.132: [DefNew: 960K->63K(960K), 0.0014090 secs] 488185K->487644K(524224K), 0.0014452 secs] [Times: user=0.00 sys=0.00, real=0.00 secs] 
4.136: [GC (Allocation Failure) 4.136: [DefNew: 959K->63K(960K), 0.0012681 secs] 488543K->487988K(524224K), 0.0012995 secs] [Times: user=0.00 sys=0.00, real=0.00 secs] 
4.139: [GC (Allocation Failure) 4.139: [DefNew: 959K->63K(960K), 0.0011969 secs] 488886K->488300K(524224K), 0.0012277 secs] [Times: user=0.00 sys=0.00, real=0.00 secs] 
4.142: [GC (Allocation Failure) 4.142: [DefNew: 959K->63K(960K), 0.0014902 secs] 489205K->488683K(524224K), 0.0015427 secs] [Times: user=0.00 sys=0.00, real=0.00 secs] 
4.147: [GC (Allocation Failure) 4.147: [DefNew: 959K->64K(960K), 0.0015324 secs] 489581K->489109K(524224K), 0.0015786 secs] [Times: user=0.00 sys=0.00, real=0.00 secs] 
4.150: [GC (Allocation Failure) 4.150: [DefNew: 960K->63K(960K), 0.0013956 secs] 490005K->489446K(524224K), 0.0014289 secs] [Times: user=0.00 sys=0.00, real=0.00 secs] 
4.154: [GC (Allocation Failure) 4.154: [DefNew: 959K->64K(960K), 0.0011946 secs] 490348K->489787K(524224K), 0.0012217 secs] [Times: user=0.00 sys=0.00, real=0.00 secs] 
4.157: [GC (Allocation Failure) 4.157: [DefNew: 960K->63K(960K), 0.0011729 secs] 490688K->490101K(524224K), 0.0012003 secs] [Times: user=0.00 sys=0.00, real=0.00 secs] 
4.160: [GC (Allocation Failure) 4.160: [DefNew: 959K->63K(960K), 0.0010429 secs] 491002K->490389K(524224K), 0.0010657 secs] [Times: user=0.00 sys=0.00, real=0.00 secs] 
4.163: [GC (Allocation Failure) 4.163: [DefNew: 959K->63K(960K), 0.0011971 secs] 491287K->490704K(524224K), 0.0012331 secs] [Times: user=0.00 sys=0.00, real=0.00 secs] 
4.166: [GC (Allocation Failure) 4.166: [DefNew: 959K->64K(960K), 0.0014275 secs] 491607K->491082K(524224K), 0.0014771 secs] [Times: user=0.00 sys=0.00, real=0.00 secs] 
4.170: [GC (Allocation Failure) 4.170: [DefNew: 960K->64K(960K), 0.0013320 secs] 491981K->491460K(524224K), 0.0013682 secs] [Times: user=0.00 sys=0.00, real=0.00 secs] 
4.172: [GC (Allocation Failure) 4.172: [DefNew: 960K->63K(960K), 0.0012043 secs] 492361K->491772K(524224K), 0.0012319 secs] [Times: user=0.00 sys=0.00, real=0.00 secs] 
4.175: [GC (Allocation Failure) 4.175: [DefNew: 959K->63K(960K), 0.0016291 secs] 492673K->492090K(524224K), 0.0016770 secs] [Times: user=0.00 sys=0.00, real=0.00 secs] 
4.179: [GC (Allocation Failure) 4.179: [DefNew: 959K->63K(960K), 0.0019239 secs] 492991K->492441K(524224K), 0.0019706 secs] [Times: user=0.00 sys=0.00, real=0.00 secs] 
4.183: [GC (Allocation Failure) 4.183: [DefNew: 959K->63K(960K), 0.0014401 secs] 493339K->492814K(524224K), 0.0014834 secs] [Times: user=0.00 sys=0.00, real=0.00 secs] 
4.186: [GC (Allocation Failure) 4.186: [DefNew: 959K->63K(960K), 0.0013326 secs] 493715K->493167K(524224K), 0.0013688 secs] [Times: user=0.00 sys=0.00, real=0.00 secs] 
4.189: [GC (Allocation Failure) 4.189: [DefNew: 959K->63K(960K), 0.0014235 secs] 494064K->493533K(524224K), 0.0014737 secs] [Times: user=0.00 sys=0.00, real=0.00 secs] 
4.193: [GC (Allocation Failure) 4.193: [DefNew: 959K->64K(960K), 0.0012473 secs] 494432K->493847K(524224K), 0.0012778 secs] [Times: user=0.00 sys=0.00, real=0.00 secs] 
4.196: [GC (Allocation Failure) 4.196: [DefNew: 960K->64K(960K), 0.0016020 secs] 494744K->494154K(524224K), 0.0016402 secs] [Times: user=0.00 sys=0.00, real=0.00 secs] 
4.200: [GC (Allocation Failure) 4.200: [DefNew: 960K->63K(960K), 0.0011769 secs] 495052K->494470K(524224K), 0.0012060 secs] [Times: user=0.00 sys=0.00, real=0.00 secs] 
4.203: [GC (Allocation Failure) 4.203: [DefNew: 959K->63K(960K), 0.0011780 secs] 495369K->494778K(524224K), 0.0012097 secs] [Times: user=0.00 sys=0.00, real=0.00 secs] 
4.206: [GC (Allocation Failure) 4.206: [DefNew: 959K->63K(960K), 0.0011946 secs] 495679K->495096K(524224K), 0.0012285 secs] [Times: user=0.00 sys=0.00, real=0.00 secs] 
4.210: [GC (Allocation Failure) 4.210: [DefNew: 959K->63K(960K), 0.0011484 secs] 495994K->495405K(524224K), 0.0011783 secs] [Times: user=0.00 sys=0.00, real=0.00 secs] 
4.212: [GC (Allocation Failure) 4.212: [DefNew: 959K->63K(960K), 0.0013326 secs] 496303K->495754K(524224K), 0.0013770 secs] [Times: user=0.00 sys=0.00, real=0.00 secs] 
4.216: [GC (Allocation Failure) 4.216: [DefNew: 959K->64K(960K), 0.0013542 secs] 496652K->496123K(524224K), 0.0014013 secs] [Times: user=0.00 sys=0.00, real=0.00 secs] 
4.220: [GC (Allocation Failure) 4.220: [DefNew: 960K->63K(960K), 0.0014147 secs] 497021K->496443K(524224K), 0.0014537 secs] [Times: user=0.00 sys=0.00, real=0.00 secs] 
4.223: [GC (Allocation Failure) 4.223: [DefNew: 959K->63K(960K), 0.0012111 secs] 497342K->496746K(524224K), 0.0012488 secs] [Times: user=0.00 sys=0.00, real=0.00 secs] 
4.226: [GC (Allocation Failure) 4.226: [DefNew: 959K->64K(960K), 0.0012282 secs] 497647K->497099K(524224K), 0.0012650 secs] [Times: user=0.00 sys=0.00, real=0.00 secs] 
4.229: [GC (Allocation Failure) 4.229: [DefNew: 960K->63K(960K), 0.0011869 secs] 497999K->497405K(524224K), 0.0012254 secs] [Times: user=0.00 sys=0.00, real=0.00 secs] 
4.233: [GC (Allocation Failure) 4.233: [DefNew: 959K->63K(960K), 0.0011504 secs] 498302K->497710K(524224K), 0.0011758 secs] [Times: user=0.00 sys=0.00, real=0.00 secs] 
4.235: [GC (Allocation Failure) 4.235: [DefNew: 959K->63K(960K), 0.0010740 secs] 498609K->498009K(524224K), 0.0010971 secs] [Times: user=0.00 sys=0.00, real=0.00 secs] 
4.239: [GC (Allocation Failure) 4.239: [DefNew: 959K->63K(960K), 0.0010398 secs] 498908K->498296K(524224K), 0.0010623 secs] [Times: user=0.00 sys=0.00, real=0.00 secs] 
4.242: [GC (Allocation Failure) 4.242: [DefNew: 959K->63K(960K), 0.0012633 secs] 499195K->498621K(524224K), 0.0013018 secs] [Times: user=0.00 sys=0.00, real=0.00 secs] 
4.245: [GC (Allocation Failure) 4.245: [DefNew: 959K->63K(960K), 0.0012442 secs] 499522K->498982K(524224K), 0.0012710 secs] [Times: user=0.00 sys=0.00, real=0.00 secs] 
4.248: [GC (Allocation Failure) 4.248: [DefNew: 959K->63K(960K), 0.0011239 secs] 499888K->499279K(524224K), 0.0011487 secs] [Times: user=0.00 sys=0.00, real=0.00 secs] 
4.251: [GC (Allocation Failure) 4.251: [DefNew: 959K->64K(960K), 0.0010315 secs] 500185K->499580K(524224K), 0.0010537 secs] [Times: user=0.00 sys=0.00, real=0.00 secs] 
4.254: [GC (Allocation Failure) 4.254: [DefNew: 960K->63K(960K), 0.0012057 secs] 500482K->499949K(524224K), 0.0012376 secs] [Times: user=0.00 sys=0.00, real=0.00 secs] 
4.258: [GC (Allocation Failure) 4.258: [DefNew: 959K->63K(960K), 0.0012288 secs] 500853K->500289K(524224K), 0.0012584 secs] [Times: user=0.00 sys=0.00, real=0.00 secs] 
4.261: [GC (Allocation Failure) 4.261: [DefNew: 959K->63K(960K), 0.0011589 secs] 501193K->500600K(524224K), 0.0011869 secs] [Times: user=0.00 sys=0.00, real=0.00 secs] 
4.264: [GC (Allocation Failure) 4.264: [DefNew: 959K->64K(960K), 0.0013790 secs] 501503K->500932K(524224K), 0.0014192 secs] [Times: user=0.00 sys=0.00, real=0.00 secs] 
4.267: [GC (Allocation Failure) 4.267: [DefNew: 960K->64K(960K), 0.0013571 secs] 501832K->501315K(524224K), 0.0013964 secs] [Times: user=0.00 sys=0.00, real=0.00 secs] 
4.272: [GC (Allocation Failure) 4.272: [DefNew: 960K->64K(960K), 0.0013072 secs] 502217K->501678K(524224K), 0.0013454 secs] [Times: user=0.00 sys=0.00, real=0.00 secs] 
4.274: [GC (Allocation Failure) 4.274: [DefNew: 960K->64K(960K), 0.0011652 secs] 502577K->501997K(524224K), 0.0011934 secs] [Times: user=0.00 sys=0.00, real=0.00 secs] 
4.278: [GC (Allocation Failure) 4.278: [DefNew: 960K->64K(960K), 0.0012239 secs] 502897K->502320K(524224K), 0.0012613 secs] [Times: user=0.00 sys=0.00, real=0.00 secs] 
4.282: [GC (Allocation Failure) 4.282: [DefNew: 960K->63K(960K), 0.0012257 secs] 503230K->502688K(524224K), 0.0012556 secs] [Times: user=0.00 sys=0.00, real=0.00 secs] 
4.284: [GC (Allocation Failure) 4.284: [DefNew: 959K->63K(960K), 0.0014269 secs] 503594K->503018K(524224K), 0.0014726 secs] [Times: user=0.00 sys=0.00, real=0.00 secs] 
4.288: [GC (Allocation Failure) 4.288: [DefNew: 959K->63K(960K), 0.0011877 secs] 503918K->503349K(524224K), 0.0012225 secs] [Times: user=0.00 sys=0.00, real=0.00 secs] 
4.291: [GC (Allocation Failure) 4.291: [DefNew: 959K->63K(960K), 0.0011025 secs] 504252K->503657K(524224K), 0.0011299 secs] [Times: user=0.00 sys=0.00, real=0.00 secs] 
4.294: [GC (Allocation Failure) 4.294: [DefNew: 959K->63K(960K), 0.0011792 secs] 504556K->503990K(524224K), 0.0012114 secs] [Times: user=0.00 sys=0.00, real=0.00 secs] 
4.298: [GC (Allocation Failure) 4.298: [DefNew: 959K->64K(960K), 0.0013987 secs] 504891K->504385K(524224K), 0.0014423 secs] [Times: user=0.00 sys=0.00, real=0.00 secs] 
4.301: [GC (Allocation Failure) 4.301: [DefNew: 960K->63K(960K), 0.0012721 secs] 505285K->504710K(524224K), 0.0013069 secs] [Times: user=0.00 sys=0.00, real=0.00 secs] 
4.305: [GC (Allocation Failure) 4.305: [DefNew: 959K->64K(960K), 0.0013158 secs] 505611K->505021K(524224K), 0.0013540 secs] [Times: user=0.00 sys=0.00, real=0.00 secs] 
4.307: [GC (Allocation Failure) 4.307: [DefNew: 960K->64K(960K), 0.0013175 secs] 505924K->505362K(524224K), 0.0013579 secs] [Times: user=0.00 sys=0.00, real=0.00 secs] 
4.311: [GC (Allocation Failure) 4.311: [DefNew: 960K->63K(960K), 0.0013055 secs] 506259K->505710K(524224K), 0.0013414 secs] [Times: user=0.00 sys=0.00, real=0.00 secs] 
4.314: [GC (Allocation Failure) 4.314: [DefNew: 959K->63K(960K), 0.0015860 secs] 506626K->506141K(524224K), 0.0016351 secs] [Times: user=0.00 sys=0.00, real=0.00 secs] 
4.318: [GC (Allocation Failure) 4.318: [DefNew: 959K->63K(960K), 0.0016664 secs] 507044K->506578K(524224K), 0.0017292 secs] [Times: user=0.00 sys=0.00, real=0.00 secs] 
4.322: [GC (Allocation Failure) 4.322: [DefNew: 959K->63K(960K), 0.0014338 secs] 507476K->506951K(524224K), 0.0014811 secs] [Times: user=0.00 sys=0.00, real=0.00 secs] 
4.325: [GC (Allocation Failure) 4.325: [DefNew: 959K->63K(960K), 0.0013303 secs] 507850K->507281K(524224K), 0.0013745 secs] [Times: user=0.00 sys=0.00, real=0.00 secs] 
4.329: [GC (Allocation Failure) 4.329: [DefNew: 959K->63K(960K), 0.0012257 secs] 508179K->507627K(524224K), 0.0012527 secs] [Times: user=0.00 sys=0.00, real=0.00 secs] 
4.332: [GC (Allocation Failure) 4.332: [DefNew: 959K->63K(960K), 0.0016562 secs] 508528K->508042K(524224K), 0.0016995 secs] [Times: user=0.00 sys=0.00, real=0.00 secs] 
4.336: [GC (Allocation Failure) 4.336: [DefNew: 959K->63K(960K), 0.0015966 secs] 508946K->508438K(524224K), 0.0016570 secs] [Times: user=0.00 sys=0.00, real=0.00 secs] 
4.340: [GC (Allocation Failure) 4.340: [DefNew: 959K->63K(960K), 0.0012892 secs] 509337K->508770K(524224K), 0.0013175 secs] [Times: user=0.00 sys=0.00, real=0.00 secs] 
4.343: [GC (Allocation Failure) 4.343: [DefNew: 959K->63K(960K), 0.0012211 secs] 509671K->509081K(524224K), 0.0012627 secs] [Times: user=0.00 sys=0.00, real=0.00 secs] 
4.347: [GC (Allocation Failure) 4.347: [DefNew: 959K->63K(960K), 0.0015615 secs] 509981K->509520K(524224K), 0.0016393 secs] [Times: user=0.00 sys=0.00, real=0.00 secs] 
4.350: [GC (Allocation Failure) 4.350: [DefNew: 959K->63K(960K), 0.0014449 secs] 510422K->509901K(524224K), 0.0014908 secs] [Times: user=0.00 sys=0.00, real=0.00 secs] 
4.354: [GC (Allocation Failure) 4.354: [DefNew: 959K->63K(960K), 0.0013560 secs] 510800K->510258K(524224K), 0.0013993 secs] [Times: user=0.00 sys=0.00, real=0.00 secs] 
4.357: [GC (Allocation Failure) 4.357: [DefNew: 959K->63K(960K), 0.0012756 secs] 511156K->510586K(524224K), 0.0013004 secs] [Times: user=0.00 sys=0.00, real=0.00 secs] 
4.360: [GC (Allocation Failure) 4.360: [DefNew: 959K->63K(960K), 0.0011316 secs] 511485K->510894K(524224K), 0.0011584 secs] [Times: user=0.00 sys=0.00, real=0.00 secs] 
4.365: [GC (Allocation Failure) 4.365: [DefNew: 959K->63K(960K), 0.0016804 secs] 511798K->511343K(524224K), 0.0017414 secs] [Times: user=0.00 sys=0.00, real=0.00 secs] 
4.368: [GC (Allocation Failure) 4.368: [DefNew: 959K->64K(960K), 0.0014021 secs] 512239K->511684K(524224K), 0.0014381 secs] [Times: user=0.00 sys=0.00, real=0.00 secs] 
4.372: [GC (Allocation Failure) 4.372: [DefNew: 960K->63K(960K), 0.0012507 secs] 512583K->512036K(524224K), 0.0012830 secs] [Times: user=0.00 sys=0.00, real=0.00 secs] 
4.374: [GC (Allocation Failure) 4.374: [DefNew: 959K->63K(960K), 0.0013540 secs] 512939K->512378K(524224K), 0.0013996 secs] [Times: user=0.00 sys=0.00, real=0.00 secs] 
4.378: [GC (Allocation Failure) 4.378: [DefNew: 959K->64K(960K), 0.0014124 secs] 513274K->512716K(524224K), 0.0014537 secs] [Times: user=0.00 sys=0.00, real=0.00 secs] 
4.381: [GC (Allocation Failure) 4.381: [DefNew: 960K->63K(960K), 0.0013511 secs] 513623K->513096K(524224K), 0.0013904 secs] [Times: user=0.00 sys=0.00, real=0.00 secs] 
4.385: [GC (Allocation Failure) 4.385: [DefNew: 959K->63K(960K), 0.0013445 secs] 513996K->513439K(524224K), 0.0013867 secs] [Times: user=0.00 sys=0.00, real=0.00 secs] 
4.389: [GC (Allocation Failure) 4.389: [DefNew: 959K->63K(960K), 0.0012362 secs] 514337K->513760K(524224K), 0.0012681 secs] [Times: user=0.00 sys=0.00, real=0.00 secs] 
4.391: [GC (Allocation Failure) 4.391: [DefNew: 959K->63K(960K), 0.0013782 secs] 514660K->514117K(524224K), 0.0014321 secs] [Times: user=0.00 sys=0.00, real=0.00 secs] 
4.395: [GC (Allocation Failure) 4.395: [DefNew: 959K->63K(960K), 0.0017132 secs] 515017K->514424K(524224K), 0.0017565 secs] [Times: user=0.00 sys=0.00, real=0.00 secs] 
4.398: [GC (Allocation Failure) 4.398: [DefNew: 959K->63K(960K), 0.0011490 secs] 515321K->514735K(524224K), 0.0011823 secs] [Times: user=0.00 sys=0.00, real=0.00 secs] 
4.402: [GC (Allocation Failure) 4.402: [DefNew: 959K->63K(960K), 0.0012325 secs] 515636K->515064K(524224K), 0.0012664 secs] [Times: user=0.00 sys=0.00, real=0.00 secs] 
4.406: [GC (Allocation Failure) 4.406: [DefNew: 959K->64K(960K), 0.0012408 secs] 515961K->515382K(524224K), 0.0012804 secs] [Times: user=0.00 sys=0.00, real=0.00 secs] 
4.408: [GC (Allocation Failure) 4.408: [DefNew: 960K->63K(960K), 0.0011689 secs] 516281K->515683K(524224K), 0.0012000 secs] [Times: user=0.00 sys=0.00, real=0.00 secs] 
4.412: [GC (Allocation Failure) 4.412: [DefNew: 959K->63K(960K), 0.0015356 secs] 516596K->516110K(524224K), 0.0016006 secs] [Times: user=0.00 sys=0.00, real=0.00 secs] 
4.415: [GC (Allocation Failure) 4.415: [DefNew: 959K->64K(960K), 0.0013454 secs] 517008K->516418K(524224K), 0.0013805 secs] [Times: user=0.00 sys=0.00, real=0.00 secs] 
4.419: [GC (Allocation Failure) 4.419: [DefNew: 960K->64K(960K), 0.0015162 secs] 517329K->516866K(524224K), 0.0015749 secs] [Times: user=0.00 sys=0.00, real=0.00 secs] 
4.422: [GC (Allocation Failure) 4.422: [DefNew: 960K->64K(960K), 0.0013246 secs] 517766K->517173K(524224K), 0.0013597 secs] [Times: user=0.00 sys=0.00, real=0.00 secs] 
4.426: [GC (Allocation Failure) 4.426: [DefNew: 960K->63K(960K), 0.0011729 secs] 518073K->517486K(524224K), 0.0012051 secs] [Times: user=0.00 sys=0.00, real=0.00 secs] 
4.429: [GC (Allocation Failure) 4.429: [DefNew: 959K->63K(960K), 0.0018535 secs] 518390K->517820K(524224K), 0.0019036 secs] [Times: user=0.00 sys=0.00, real=0.00 secs] 
4.433: [GC (Allocation Failure) 4.433: [DefNew: 959K->63K(960K), 0.0013474 secs] 518720K->518185K(524224K), 0.0013902 secs] [Times: user=0.00 sys=0.00, real=0.00 secs] 
4.436: [GC (Allocation Failure) 4.436: [DefNew: 959K->63K(960K), 0.0012938 secs] 519086K->518507K(524224K), 0.0013289 secs] [Times: user=0.00 sys=0.00, real=0.00 secs] 
4.439: [GC (Allocation Failure) 4.439: [DefNew: 959K->63K(960K), 0.0013973 secs] 519413K->518874K(524224K), 0.0014418 secs] [Times: user=0.00 sys=0.00, real=0.00 secs] 
4.443: [GC (Allocation Failure) 4.443: [DefNew: 959K->63K(960K), 0.0013451 secs] 519774K->519211K(524224K), 0.0013785 secs] [Times: user=0.00 sys=0.00, real=0.00 secs] 
4.447: [GC (Allocation Failure) 4.447: [DefNew: 959K->63K(960K), 0.0013448 secs] 520109K->519550K(524224K), 0.0013967 secs] [Times: user=0.00 sys=0.00, real=0.00 secs] 
4.450: [GC (Allocation Failure) 4.450: [DefNew: 959K->63K(960K), 0.0012097 secs] 520448K->519854K(524224K), 0.0012402 secs] [Times: user=0.00 sys=0.00, real=0.00 secs] 
4.453: [GC (Allocation Failure) 4.453: [DefNew: 959K->64K(960K), 0.0011464 secs] 520754K->520152K(524224K), 0.0011792 secs] [Times: user=0.00 sys=0.00, real=0.00 secs] 
4.456: [GC (Allocation Failure) 4.456: [DefNew: 960K->63K(960K), 0.0013514 secs] 521055K->520527K(524224K), 0.0013993 secs] [Times: user=0.00 sys=0.00, real=0.00 secs] 
4.460: [GC (Allocation Failure) 4.460: [DefNew: 959K->63K(960K), 0.0012661 secs] 521429K->520831K(524224K), 0.0013049 secs] [Times: user=0.00 sys=0.00, real=0.00 secs] 
4.462: [GC (Allocation Failure) 4.462: [DefNew: 959K->64K(960K), 0.0011952 secs] 521731K->521131K(524224K), 0.0012296 secs] [Times: user=0.00 sys=0.00, real=0.00 secs] 
4.466: [GC (Allocation Failure) 4.466: [DefNew: 960K->64K(960K), 0.0011957 secs] 522031K->521444K(524224K), 0.0012271 secs] [Times: user=0.00 sys=0.00, real=0.00 secs] 
4.470: [GC (Allocation Failure) 4.470: [DefNew: 960K->64K(960K), 0.0023333 secs] 522358K->521913K(524224K), 0.0023969 secs] [Times: user=0.00 sys=0.00, real=0.00 secs] 
4.474: [GC (Allocation Failure) 4.474: [DefNew: 960K->63K(960K), 0.0016641 secs] 522811K->522278K(524224K), 0.0017138 secs] [Times: user=0.00 sys=0.00, real=0.00 secs] 
4.479: [GC (Allocation Failure) 4.479: [DefNew: 959K->64K(960K), 0.0014150 secs] 523177K->522665K(524224K), 0.0014683 secs] [Times: user=0.00 sys=0.00, real=0.00 secs] 
4.482: [GC (Allocation Failure) 4.482: [DefNew: 960K->63K(960K), 0.0015478 secs] 523573K->523082K(524224K), 0.0015969 secs] [Times: user=0.00 sys=0.00, real=0.00 secs] 
4.486: [GC (Allocation Failure) 4.486: [DefNew: 959K->959K(960K), 0.0000145 secs]4.486: [Tenured: 523023K->523263K(523264K), 0.4019022 secs] 523983K->523489K(524224K), [Metaspace: 2671K->2671K(1056768K)], 0.4019928 secs] [Times: user=0.38 sys=0.02, real=0.39 secs] 
4.888: [Full GC (Allocation Failure) 4.888: [Tenured: 523263K->523263K(523264K), 0.3902620 secs] 523545K->523524K(524224K), [Metaspace: 2671K->2671K(1056768K)], 0.3903196 secs] [Times: user=0.39 sys=0.00, real=0.39 secs] 
5.278: [Full GC (Allocation Failure) 5.278: [Tenured: 523263K->514420K(523264K), 0.5314852 secs] 523524K->514420K(524224K), [Metaspace: 2671K->2671K(1056768K)], 0.5315311 secs] [Times: user=0.50 sys=0.03, real=0.53 secs] 
5.813: [GC (Allocation Failure) 5.813: [DefNew: 896K->63K(960K), 0.0012525 secs] 515329K->514910K(524224K), 0.0013246 secs] [Times: user=0.00 sys=0.00, real=0.00 secs] 
5.816: [GC (Allocation Failure) 5.816: [DefNew: 959K->64K(960K), 0.0015461 secs] 515808K->515335K(524224K), 0.0015875 secs] [Times: user=0.00 sys=0.00, real=0.00 secs] 
5.820: [GC (Allocation Failure) 5.820: [DefNew: 960K->63K(960K), 0.0014435 secs] 516234K->515751K(524224K), 0.0014862 secs] [Times: user=0.00 sys=0.00, real=0.00 secs] 
5.823: [GC (Allocation Failure) 5.823: [DefNew: 959K->64K(960K), 0.0012966 secs] 516651K->516084K(524224K), 0.0013300 secs] [Times: user=0.00 sys=0.00, real=0.00 secs] 
5.827: [GC (Allocation Failure) 5.827: [DefNew: 960K->63K(960K), 0.0011661 secs] 516981K->516425K(524224K), 0.0011971 secs] [Times: user=0.00 sys=0.00, real=0.00 secs] 
5.829: [GC (Allocation Failure) 5.829: [DefNew: 959K->64K(960K), 0.0011518 secs] 517322K->516746K(524224K), 0.0011826 secs] [Times: user=0.00 sys=0.00, real=0.00 secs] 
5.833: [GC (Allocation Failure) 5.833: [DefNew: 960K->63K(960K), 0.0012125 secs] 517645K->517093K(524224K), 0.0012527 secs] [Times: user=0.00 sys=0.00, real=0.00 secs] 
5.837: [GC (Allocation Failure) 5.837: [DefNew: 959K->64K(960K), 0.0013745 secs] 517998K->517509K(524224K), 0.0014201 secs] [Times: user=0.00 sys=0.00, real=0.00 secs] 
5.839: [GC (Allocation Failure) 5.839: [DefNew: 960K->63K(960K), 0.0012576 secs] 518409K->517821K(524224K), 0.0012904 secs] [Times: user=0.00 sys=0.00, real=0.00 secs] 
5.843: [GC (Allocation Failure) 5.843: [DefNew: 959K->64K(960K), 0.0011467 secs] 518720K->518142K(524224K), 0.0011772 secs] [Times: user=0.00 sys=0.00, real=0.00 secs] 
5.846: [GC (Allocation Failure) 5.846: [DefNew: 960K->63K(960K), 0.0012656 secs] 519043K->518485K(524224K), 0.0013078 secs] [Times: user=0.00 sys=0.00, real=0.00 secs] 
5.849: [GC (Allocation Failure) 5.849: [DefNew: 959K->63K(960K), 0.0012362 secs] 519387K->518845K(524224K), 0.0012684 secs] [Times: user=0.00 sys=0.00, real=0.00 secs] 
5.853: [GC (Allocation Failure) 5.853: [DefNew: 959K->64K(960K), 0.0011356 secs] 519743K->519163K(524224K), 0.0011621 secs] [Times: user=0.00 sys=0.00, real=0.00 secs] 
5.855: [GC (Allocation Failure) 5.855: [DefNew: 960K->64K(960K), 0.0010765 secs] 520061K->519467K(524224K), 0.0011008 secs] [Times: user=0.00 sys=0.00, real=0.00 secs] 
5.859: [GC (Allocation Failure) 5.859: [DefNew: 960K->64K(960K), 0.0010232 secs] 520367K->519759K(524224K), 0.0010475 secs] [Times: user=0.00 sys=0.00, real=0.00 secs] 
5.861: [GC (Allocation Failure) 5.861: [DefNew: 960K->63K(960K), 0.0012892 secs] 520658K->520078K(524224K), 0.0013371 secs] [Times: user=0.00 sys=0.00, real=0.00 secs] 
5.865: [GC (Allocation Failure) 5.865: [DefNew: 959K->63K(960K), 0.0013679 secs] 520982K->520482K(524224K), 0.0014232 secs] [Times: user=0.00 sys=0.00, real=0.00 secs] 
5.868: [GC (Allocation Failure) 5.868: [DefNew: 959K->63K(960K), 0.0012029 secs] 521383K->520773K(524224K), 0.0012430 secs] [Times: user=0.00 sys=0.00, real=0.00 secs] 
5.871: [GC (Allocation Failure) 5.871: [DefNew: 959K->63K(960K), 0.0010458 secs] 521675K->521070K(524224K), 0.0010771 secs] [Times: user=0.00 sys=0.00, real=0.00 secs] 
5.875: [GC (Allocation Failure) 5.875: [DefNew: 959K->63K(960K), 0.0010540 secs] 521975K->521358K(524224K), 0.0010828 secs] [Times: user=0.00 sys=0.00, real=0.00 secs] 
5.877: [GC (Allocation Failure) 5.877: [DefNew: 959K->63K(960K), 0.0013112 secs] 522264K->521707K(524224K), 0.0013574 secs] [Times: user=0.00 sys=0.00, real=0.00 secs] 
5.881: [GC (Allocation Failure) 5.881: [DefNew: 959K->63K(960K), 0.0011900 secs] 522611K->522036K(524224K), 0.0012419 secs] [Times: user=0.00 sys=0.00, real=0.00 secs] 
5.884: [GC (Allocation Failure) 5.884: [DefNew: 959K->63K(960K), 0.0011453 secs] 522938K->522355K(524224K), 0.0011766 secs] [Times: user=0.00 sys=0.00, real=0.00 secs] 
5.888: [GC (Allocation Failure) 5.888: [DefNew: 959K->63K(960K), 0.0011393 secs] 523255K->522682K(524224K), 0.0011709 secs] [Times: user=0.00 sys=0.00, real=0.00 secs] 
5.896: [GC (Allocation Failure) 5.896: [DefNew: 959K->63K(960K), 0.0014976 secs] 523604K->523146K(524224K), 0.0015735 secs] [Times: user=0.00 sys=0.00, real=0.00 secs] 
5.899: [GC (Allocation Failure) 5.899: [DefNew: 959K->959K(960K), 0.0000103 secs]5.899: [Tenured: 523108K->9834K(523264K), 0.0741174 secs] 524068K->9834K(524224K), [Metaspace: 2672K->2672K(1056768K)], 0.0742004 secs] [Times: user=0.06 sys=0.00, real=0.06 secs] 
5.976: [GC (Allocation Failure) 5.976: [DefNew: 896K->63K(960K), 0.0005052 secs] 10731K->10150K(524224K), 0.0005437 secs] [Times: user=0.00 sys=0.00, real=0.00 secs] 
5.978: [GC (Allocation Failure) 5.978: [DefNew: 959K->64K(960K), 0.0006096 secs] 11046K->10428K(524224K), 0.0006324 secs] [Times: user=0.00 sys=0.00, real=0.00 secs] 
5.981: [GC (Allocation Failure) 5.981: [DefNew: 960K->64K(960K), 0.0010007 secs] 11325K->10713K(524224K), 0.0011424 secs] [Times: user=0.00 sys=0.00, real=0.00 secs] 
5.983: [GC (Allocation Failure) 5.983: [DefNew: 960K->63K(960K), 0.0007059 secs] 11611K->11015K(524224K), 0.0007356 secs] [Times: user=0.00 sys=0.00, real=0.00 secs] 
5.986: [GC (Allocation Failure) 5.986: [DefNew: 959K->64K(960K), 0.0006329 secs] 11911K->11319K(524224K), 0.0006677 secs] [Times: user=0.00 sys=0.00, real=0.00 secs] 
5.989: [GC (Allocation Failure) 5.989: [DefNew: 960K->63K(960K), 0.0005979 secs] 12215K->11594K(524224K), 0.0006207 secs] [Times: user=0.00 sys=0.00, real=0.00 secs] 
5.991: [GC (Allocation Failure) 5.991: [DefNew: 959K->64K(960K), 0.0006164 secs] 12490K->11874K(524224K), 0.0006403 secs] [Times: user=0.00 sys=0.00, real=0.00 secs] 
5.994: [GC (Allocation Failure) 5.994: [DefNew: 960K->64K(960K), 0.0005944 secs] 12771K->12142K(524224K), 0.0006247 secs] [Times: user=0.00 sys=0.00, real=0.00 secs] 
5.996: [GC (Allocation Failure) 5.996: [DefNew: 960K->63K(960K), 0.0006640 secs] 13039K->12415K(524224K), 0.0006899 secs] [Times: user=0.00 sys=0.00, real=0.00 secs] 
6.000: [GC (Allocation Failure) 6.000: [DefNew: 959K->63K(960K), 0.0008681 secs] 13312K->12850K(524224K), 0.0009426 secs] [Times: user=0.00 sys=0.00, real=0.00 secs] 
6.002: [GC (Allocation Failure) 6.002: [DefNew: 959K->63K(960K), 0.0010287 secs] 13746K->13198K(524224K), 0.0010902 secs] [Times: user=0.00 sys=0.00, real=0.00 secs] 
6.006: [GC (Allocation Failure) 6.006: [DefNew: 959K->63K(960K), 0.0008984 secs] 14096K->13627K(524224K), 0.0009431 secs] [Times: user=0.00 sys=0.00, real=0.00 secs] 
6.008: [GC (Allocation Failure) 6.008: [DefNew: 959K->63K(960K), 0.0008687 secs] 14524K->14037K(524224K), 0.0009004 secs] [Times: user=0.00 sys=0.00, real=0.00 secs] 
6.010: [GC (Allocation Failure) 6.010: [DefNew: 959K->63K(960K), 0.0007048 secs] 14933K->14305K(524224K), 0.0007293 secs] [Times: user=0.00 sys=0.00, real=0.00 secs] 
6.013: [GC (Allocation Failure) 6.013: [DefNew: 959K->63K(960K), 0.0006110 secs] 15201K->14581K(524224K), 0.0006352 secs] [Times: user=0.00 sys=0.00, real=0.00 secs] 
6.016: [GC (Allocation Failure) 6.016: [DefNew: 959K->64K(960K), 0.0008941 secs] 15479K->14941K(524224K), 0.0009508 secs] [Times: user=0.00 sys=0.00, real=0.00 secs] 
6.019: [GC (Allocation Failure) 6.019: [DefNew: 960K->63K(960K), 0.0007627 secs] 15838K->15257K(524224K), 0.0008006 secs] [Times: user=0.00 sys=0.00, real=0.00 secs] 
6.021: [GC (Allocation Failure) 6.021: [DefNew: 959K->64K(960K), 0.0006324 secs] 16154K->15589K(524224K), 0.0006580 secs] [Times: user=0.00 sys=0.00, real=0.00 secs] 
6.024: [GC (Allocation Failure) 6.024: [DefNew: 960K->64K(960K), 0.0006304 secs] 16485K->15877K(524224K), 0.0006612 secs] [Times: user=0.00 sys=0.00, real=0.00 secs] 
6.026: [GC (Allocation Failure) 6.026: [DefNew: 960K->63K(960K), 0.0006041 secs] 16774K->16149K(524224K), 0.0006312 secs] [Times: user=0.00 sys=0.00, real=0.00 secs] 
6.029: [GC (Allocation Failure) 6.029: [DefNew: 959K->63K(960K), 0.0006971 secs] 17046K->16449K(524224K), 0.0007390 secs] [Times: user=0.00 sys=0.00, real=0.00 secs] 
6.033: [GC (Allocation Failure) 6.033: [DefNew: 959K->63K(960K), 0.0008502 secs] 17346K->16833K(524224K), 0.0008949 secs] [Times: user=0.00 sys=0.00, real=0.00 secs] 
6.035: [GC (Allocation Failure) 6.035: [DefNew: 959K->63K(960K), 0.0007413 secs] 17730K->17127K(524224K), 0.0007755 secs] [Times: user=0.00 sys=0.00, real=0.00 secs] 
6.038: [GC (Allocation Failure) 6.038: [DefNew: 959K->64K(960K), 0.0005548 secs] 18023K->17393K(524224K), 0.0005785 secs] [Times: user=0.00 sys=0.00, real=0.00 secs] 
6.040: [GC (Allocation Failure) 6.040: [DefNew: 960K->63K(960K), 0.0005833 secs] 18290K->17661K(524224K), 0.0006064 secs] [Times: user=0.00 sys=0.00, real=0.00 secs] 
6.043: [GC (Allocation Failure) 6.043: [DefNew: 959K->63K(960K), 0.0005964 secs] 18558K->17933K(524224K), 0.0006187 secs] [Times: user=0.00 sys=0.00, real=0.00 secs] 
6.045: [GC (Allocation Failure) 6.045: [DefNew: 959K->63K(960K), 0.0006010 secs] 18830K->18202K(524224K), 0.0006212 secs] [Times: user=0.00 sys=0.00, real=0.00 secs] 
6.048: [GC (Allocation Failure) 6.048: [DefNew: 959K->63K(960K), 0.0013540 secs] 19098K->18508K(524224K), 0.0014033 secs] [Times: user=0.00 sys=0.00, real=0.00 secs] 
6.052: [GC (Allocation Failure) 6.052: [DefNew: 959K->63K(960K), 0.0011370 secs] 19404K->18831K(524224K), 0.0012162 secs] [Times: user=0.00 sys=0.00, real=0.00 secs] 
6.054: [GC (Allocation Failure) 6.054: [DefNew: 959K->63K(960K), 0.0009599 secs] 19727K->19278K(524224K), 0.0010104 secs] [Times: user=0.00 sys=0.00, real=0.00 secs] 
6.058: [GC (Allocation Failure) 6.058: [DefNew: 959K->63K(960K), 0.0007952 secs] 20174K->19550K(524224K), 0.0008220 secs] [Times: user=0.00 sys=0.00, real=0.00 secs] 
6.060: [GC (Allocation Failure) 6.060: [DefNew: 959K->64K(960K), 0.0004784 secs] 20447K->19786K(524224K), 0.0004995 secs] [Times: user=0.00 sys=0.00, real=0.00 secs] 
6.063: [GC (Allocation Failure) 6.063: [DefNew: 960K->63K(960K), 0.0006979 secs] 20682K->20055K(524224K), 0.0007424 secs] [Times: user=0.00 sys=0.00, real=0.00 secs] 
6.065: [GC (Allocation Failure) 6.065: [DefNew: 959K->64K(960K), 0.0008211 secs] 20971K->20536K(524224K), 0.0008590 secs] [Times: user=0.00 sys=0.00, real=0.00 secs] 
6.068: [GC (Allocation Failure) 6.068: [DefNew: 960K->63K(960K), 0.0007433 secs] 21479K->20810K(524224K), 0.0007686 secs] [Times: user=0.00 sys=0.00, real=0.00 secs] 
6.071: [GC (Allocation Failure) 6.071: [DefNew: 959K->63K(960K), 0.0004998 secs] 21759K->21064K(524224K), 0.0005203 secs] [Times: user=0.00 sys=0.00, real=0.00 secs] 
6.073: [GC (Allocation Failure) 6.073: [DefNew: 959K->63K(960K), 0.0005625 secs] 22007K->21336K(524224K), 0.0005836 secs] [Times: user=0.00 sys=0.00, real=0.00 secs] 
6.076: [GC (Allocation Failure) 6.076: [DefNew: 959K->63K(960K), 0.0006651 secs] 22260K->21637K(524224K), 0.0006922 secs] [Times: user=0.00 sys=0.00, real=0.00 secs] 
6.079: [GC (Allocation Failure) 6.079: [DefNew: 959K->63K(960K), 0.0005514 secs] 22584K->21892K(524224K), 0.0005719 secs] [Times: user=0.00 sys=0.00, real=0.00 secs] 
6.081: [GC (Allocation Failure) 6.081: [DefNew: 959K->64K(960K), 0.0013115 secs] 22831K->22159K(524224K), 0.0013597 secs] [Times: user=0.00 sys=0.00, real=0.00 secs] 
6.085: [GC (Allocation Failure) 6.085: [DefNew: 960K->63K(960K), 0.0006939 secs] 23080K->22460K(524224K), 0.0007293 secs] [Times: user=0.00 sys=0.00, real=0.00 secs] 
6.088: [GC (Allocation Failure) 6.088: [DefNew: 959K->64K(960K), 0.0005411 secs] 23407K->22720K(524224K), 0.0005628 secs] [Times: user=0.00 sys=0.00, real=0.00 secs] 
6.090: [GC (Allocation Failure) 6.090: [DefNew: 960K->63K(960K), 0.0005768 secs] 23661K->22992K(524224K), 0.0005979 secs] [Times: user=0.00 sys=0.00, real=0.00 secs] 
6.093: [GC (Allocation Failure) 6.093: [DefNew: 959K->63K(960K), 0.0005631 secs] 23936K->23259K(524224K), 0.0005839 secs] [Times: user=0.00 sys=0.00, real=0.00 secs] 
6.096: [GC (Allocation Failure) 6.096: [DefNew: 959K->63K(960K), 0.0005006 secs] 24204K->23520K(524224K), 0.0005212 secs] [Times: user=0.00 sys=0.00, real=0.00 secs] 
6.098: [GC (Allocation Failure) 6.098: [DefNew: 959K->63K(960K), 0.0006352 secs] 24464K->23780K(524224K), 0.0006669 secs] [Times: user=0.00 sys=0.00, real=0.00 secs] 
6.101: [GC (Allocation Failure) 6.101: [DefNew: 959K->63K(960K), 0.0007689 secs] 24687K->24149K(524224K), 0.0008105 secs] [Times: user=0.00 sys=0.00, real=0.00 secs] 
6.103: [GC (Allocation Failure) 6.103: [DefNew: 959K->63K(960K), 0.0005936 secs] 25075K->24415K(524224K), 0.0006230 secs] [Times: user=0.00 sys=0.00, real=0.00 secs] 
6.106: [GC (Allocation Failure) 6.106: [DefNew: 959K->63K(960K), 0.0005885 secs] 25350K->24689K(524224K), 0.0006150 secs] [Times: user=0.00 sys=0.00, real=0.00 secs] 
6.109: [GC (Allocation Failure) 6.109: [DefNew: 959K->63K(960K), 0.0006047 secs] 25631K->24948K(524224K), 0.0006306 secs] [Times: user=0.00 sys=0.00, real=0.00 secs] 
6.111: [GC (Allocation Failure) 6.111: [DefNew: 959K->63K(960K), 0.0005292 secs] 25885K->25214K(524224K), 0.0005517 secs] [Times: user=0.00 sys=0.00, real=0.00 secs] 
6.113: [GC (Allocation Failure) 6.114: [DefNew: 959K->64K(960K), 0.0005762 secs] 26152K->25492K(524224K), 0.0006007 secs] [Times: user=0.00 sys=0.00, real=0.00 secs] 
6.116: [GC (Allocation Failure) 6.116: [DefNew: 960K->63K(960K), 0.0005922 secs] 26436K->25755K(524224K), 0.0006153 secs] [Times: user=0.00 sys=0.00, real=0.00 secs] 
6.118: [GC (Allocation Failure) 6.118: [DefNew: 959K->63K(960K), 0.0007042 secs] 26690K->26033K(524224K), 0.0007393 secs] [Times: user=0.00 sys=0.00, real=0.00 secs] 
6.121: [GC (Allocation Failure) 6.121: [DefNew: 959K->64K(960K), 0.0005745 secs] 26970K->26311K(524224K), 0.0006024 secs] [Times: user=0.00 sys=0.00, real=0.00 secs] 
6.124: [GC (Allocation Failure) 6.124: [DefNew: 960K->63K(960K), 0.0005981 secs] 27252K->26579K(524224K), 0.0006207 secs] [Times: user=0.00 sys=0.00, real=0.00 secs] 
6.126: [GC (Allocation Failure) 6.126: [DefNew: 959K->64K(960K), 0.0007045 secs] 27511K->26856K(524224K), 0.0007384 secs] [Times: user=0.00 sys=0.00, real=0.00 secs] 
6.129: [GC (Allocation Failure) 6.129: [DefNew: 960K->63K(960K), 0.0005716 secs] 27798K->27126K(524224K), 0.0006004 secs] [Times: user=0.00 sys=0.00, real=0.00 secs] 
6.132: [GC (Allocation Failure) 6.132: [DefNew: 959K->64K(960K), 0.0006261 secs] 28064K->27412K(524224K), 0.0006546 secs] [Times: user=0.00 sys=0.00, real=0.00 secs] 
6.134: [GC (Allocation Failure) 6.134: [DefNew: 960K->63K(960K), 0.0006247 secs] 28354K->27682K(524224K), 0.0006532 secs] [Times: user=0.00 sys=0.00, real=0.00 secs] 
6.137: [GC (Allocation Failure) 6.137: [DefNew: 959K->63K(960K), 0.0005702 secs] 28622K->27947K(524224K), 0.0005930 secs] [Times: user=0.00 sys=0.00, real=0.00 secs] 
6.139: [GC (Allocation Failure) 6.139: [DefNew: 959K->63K(960K), 0.0005528 secs] 28891K->28209K(524224K), 0.0005733 secs] [Times: user=0.00 sys=0.00, real=0.00 secs] 
6.142: [GC (Allocation Failure) 6.142: [DefNew: 959K->63K(960K), 0.0007393 secs] 29125K->28528K(524224K), 0.0007795 secs] [Times: user=0.00 sys=0.00, real=0.00 secs] 
6.145: [GC (Allocation Failure) 6.145: [DefNew: 959K->63K(960K), 0.0007128 secs] 29464K->28811K(524224K), 0.0007473 secs] [Times: user=0.00 sys=0.00, real=0.00 secs] 
6.147: [GC (Allocation Failure) 6.147: [DefNew: 959K->63K(960K), 0.0006090 secs] 29753K->29083K(524224K), 0.0006460 secs] [Times: user=0.00 sys=0.00, real=0.00 secs] 
6.150: [GC (Allocation Failure) 6.150: [DefNew: 959K->63K(960K), 0.0005773 secs] 30027K->29348K(524224K), 0.0006007 secs] [Times: user=0.00 sys=0.00, real=0.00 secs] 
6.153: [GC (Allocation Failure) 6.153: [DefNew: 959K->63K(960K), 0.0007684 secs] 30276K->29642K(524224K), 0.0008231 secs] [Times: user=0.00 sys=0.00, real=0.00 secs] 
6.156: [GC (Allocation Failure) 6.156: [DefNew: 959K->63K(960K), 0.0006024 secs] 30566K->29984K(524224K), 0.0006415 secs] [Times: user=0.00 sys=0.00, real=0.00 secs] 
6.159: [GC (Allocation Failure) 6.159: [DefNew: 959K->63K(960K), 0.0005711 secs] 30930K->30244K(524224K), 0.0005956 secs] [Times: user=0.00 sys=0.00, real=0.00 secs] 
6.162: [GC (Allocation Failure) 6.162: [DefNew: 959K->63K(960K), 0.0006515 secs] 31177K->30530K(524224K), 0.0006854 secs] [Times: user=0.00 sys=0.00, real=0.00 secs] 
6.164: [GC (Allocation Failure) 6.164: [DefNew: 959K->64K(960K), 0.0005685 secs] 31474K->30800K(524224K), 0.0005927 secs] [Times: user=0.00 sys=0.00, real=0.00 secs] 
6.167: [GC (Allocation Failure) 6.167: [DefNew: 960K->63K(960K), 0.0007686 secs] 31711K->31209K(524224K), 0.0008080 secs] [Times: user=0.00 sys=0.00, real=0.00 secs] 
6.169: [GC (Allocation Failure) 6.169: [DefNew: 959K->63K(960K), 0.0005996 secs] 32161K->31462K(524224K), 0.0006224 secs] [Times: user=0.00 sys=0.00, real=0.00 secs] 
6.172: [GC (Allocation Failure) 6.172: [DefNew: 959K->63K(960K), 0.0005711 secs] 32406K->31729K(524224K), 0.0005942 secs] [Times: user=0.00 sys=0.00, real=0.00 secs] 
6.175: [GC (Allocation Failure) 6.175: [DefNew: 959K->64K(960K), 0.0006931 secs] 32658K->32030K(524224K), 0.0007276 secs] [Times: user=0.00 sys=0.00, real=0.00 secs] 
6.177: [GC (Allocation Failure) 6.177: [DefNew: 960K->63K(960K), 0.0006349 secs] 32973K->32302K(524224K), 0.0006603 secs] [Times: user=0.00 sys=0.00, real=0.00 secs] 
6.180: [GC (Allocation Failure) 6.180: [DefNew: 959K->64K(960K), 0.0005799 secs] 33245K->32567K(524224K), 0.0006016 secs] [Times: user=0.00 sys=0.00, real=0.00 secs] 
6.183: [GC (Allocation Failure) 6.183: [DefNew: 960K->63K(960K), 0.0007321 secs] 33490K->32874K(524224K), 0.0007761 secs] [Times: user=0.00 sys=0.00, real=0.00 secs] 
6.185: [GC (Allocation Failure) 6.185: [DefNew: 959K->64K(960K), 0.0005577 secs] 33820K->33136K(524224K), 0.0005845 secs] [Times: user=0.00 sys=0.00, real=0.00 secs] 
6.188: [GC (Allocation Failure) 6.188: [DefNew: 960K->63K(960K), 0.0007818 secs] 34076K->33418K(524224K), 0.0008222 secs] [Times: user=0.00 sys=0.00, real=0.00 secs] 
6.192: [GC (Allocation Failure) 6.192: [DefNew: 959K->64K(960K), 0.0005699 secs] 34359K->33686K(524224K), 0.0006010 secs] [Times: user=0.00 sys=0.00, real=0.00 secs] 
6.193: [GC (Allocation Failure) 6.193: [DefNew: 960K->63K(960K), 0.0005962 secs] 34629K->33952K(524224K), 0.0006195 secs] [Times: user=0.00 sys=0.00, real=0.00 secs] 
6.196: [GC (Allocation Failure) 6.196: [DefNew: 959K->63K(960K), 0.0005625 secs] 34894K->34220K(524224K), 0.0005847 secs] [Times: user=0.00 sys=0.00, real=0.00 secs] 
6.199: [GC (Allocation Failure) 6.199: [DefNew: 959K->63K(960K), 0.0005845 secs] 35162K->34484K(524224K), 0.0006081 secs] [Times: user=0.00 sys=0.00, real=0.00 secs] 
6.201: [GC (Allocation Failure) 6.201: [DefNew: 959K->63K(960K), 0.0008174 secs] 35407K->34846K(524224K), 0.0008713 secs] [Times: user=0.00 sys=0.00, real=0.00 secs] 
6.205: [GC (Allocation Failure) 6.205: [DefNew: 959K->63K(960K), 0.0006783 secs] 35788K->35116K(524224K), 0.0007051 secs] [Times: user=0.00 sys=0.00, real=0.00 secs] 
6.208: [GC (Allocation Failure) 6.208: [DefNew: 959K->64K(960K), 0.0005520 secs] 36061K->35379K(524224K), 0.0005736 secs] [Times: user=0.00 sys=0.00, real=0.00 secs] 
6.210: [GC (Allocation Failure) 6.210: [DefNew: 960K->63K(960K), 0.0007227 secs] 36308K->35675K(524224K), 0.0007629 secs] [Times: user=0.00 sys=0.00, real=0.00 secs] 
6.213: [GC (Allocation Failure) 6.213: [DefNew: 959K->64K(960K), 0.0005611 secs] 36617K->35937K(524224K), 0.0005919 secs] [Times: user=0.00 sys=0.00, real=0.00 secs] 
6.215: [GC (Allocation Failure) 6.215: [DefNew: 960K->63K(960K), 0.0005964 secs] 36875K->36209K(524224K), 0.0006215 secs] [Times: user=0.00 sys=0.00, real=0.00 secs] 
6.218: [GC (Allocation Failure) 6.218: [DefNew: 959K->64K(960K), 0.0005970 secs] 37149K->36470K(524224K), 0.0006207 secs] [Times: user=0.00 sys=0.00, real=0.00 secs] 
6.221: [GC (Allocation Failure) 6.221: [DefNew: 960K->63K(960K), 0.0006939 secs] 37403K->36760K(524224K), 0.0007304 secs] [Times: user=0.00 sys=0.00, real=0.00 secs] 
6.223: [GC (Allocation Failure) 6.223: [DefNew: 959K->63K(960K), 0.0006161 secs] 37697K->37035K(524224K), 0.0006469 secs] [Times: user=0.00 sys=0.00, real=0.00 secs] 
6.226: [GC (Allocation Failure) 6.226: [DefNew: 959K->64K(960K), 0.0005862 secs] 37979K->37303K(524224K), 0.0006078 secs] [Times: user=0.00 sys=0.00, real=0.00 secs] 
6.229: [GC (Allocation Failure) 6.229: [DefNew: 960K->64K(960K), 0.0005950 secs] 38245K->37574K(524224K), 0.0006212 secs] [Times: user=0.00 sys=0.00, real=0.00 secs] 
6.231: [GC (Allocation Failure) 6.231: [DefNew: 960K->63K(960K), 0.0005839 secs] 38516K->37842K(524224K), 0.0006081 secs] [Times: user=0.00 sys=0.00, real=0.00 secs] 
6.234: [GC (Allocation Failure) 6.234: [DefNew: 959K->63K(960K), 0.0005426 secs] 38783K->38112K(524224K), 0.0005648 secs] [Times: user=0.00 sys=0.00, real=0.00 secs] 
6.237: [GC (Allocation Failure) 6.237: [DefNew: 959K->63K(960K), 0.0005736 secs] 39052K->38377K(524224K), 0.0005970 secs] [Times: user=0.00 sys=0.00, real=0.00 secs] 
6.238: [GC (Allocation Failure) 6.238: [DefNew: 959K->63K(960K), 0.0006671 secs] 39315K->38652K(524224K), 0.0007019 secs] [Times: user=0.00 sys=0.00, real=0.00 secs] 
6.241: [GC (Allocation Failure) 6.241: [DefNew: 959K->63K(960K), 0.0005511 secs] 39596K->38920K(524224K), 0.0005731 secs] [Times: user=0.00 sys=0.00, real=0.00 secs] 
6.244: [GC (Allocation Failure) 6.244: [DefNew: 959K->64K(960K), 0.0005457 secs] 39861K->39181K(524224K), 0.0005662 secs] [Times: user=0.00 sys=0.00, real=0.00 secs] 
6.246: [GC (Allocation Failure) 6.246: [DefNew: 960K->64K(960K), 0.0005517 secs] 40128K->39438K(524224K), 0.0005745 secs] [Times: user=0.00 sys=0.00, real=0.00 secs] 
6.249: [GC (Allocation Failure) 6.249: [DefNew: 960K->63K(960K), 0.0009083 secs] 40350K->39759K(524224K), 0.0009708 secs] [Times: user=0.00 sys=0.00, real=0.00 secs] 
6.253: [GC (Allocation Failure) 6.253: [DefNew: 959K->64K(960K), 0.0006765 secs] 40701K->40028K(524224K), 0.0007079 secs] [Times: user=0.00 sys=0.00, real=0.00 secs] 
6.255: [GC (Allocation Failure) 6.255: [DefNew: 960K->63K(960K), 0.0006957 secs] 40963K->40309K(524224K), 0.0007512 secs] [Times: user=0.00 sys=0.00, real=0.00 secs] 
6.258: [GC (Allocation Failure) 6.258: [DefNew: 959K->63K(960K), 0.0005696 secs] 41255K->40567K(524224K), 0.0005942 secs] [Times: user=0.00 sys=0.00, real=0.00 secs] 
6.260: [GC (Allocation Failure) 6.260: [DefNew: 959K->63K(960K), 0.0005828 secs] 41508K->40839K(524224K), 0.0006038 secs] [Times: user=0.00 sys=0.00, real=0.00 secs] 
6.263: [GC (Allocation Failure) 6.263: [DefNew: 959K->64K(960K), 0.0005685 secs] 41783K->41103K(524224K), 0.0005922 secs] [Times: user=0.00 sys=0.00, real=0.00 secs] 
6.266: [GC (Allocation Failure) 6.266: [DefNew: 960K->63K(960K), 0.0006312 secs] 42036K->41388K(524224K), 0.0006620 secs] [Times: user=0.00 sys=0.00, real=0.00 secs] 
6.268: [GC (Allocation Failure) 6.268: [DefNew: 959K->63K(960K), 0.0005525 secs] 42336K->41648K(524224K), 0.0005722 secs] [Times: user=0.00 sys=0.00, real=0.00 secs] 
6.271: [GC (Allocation Failure) 6.271: [DefNew: 959K->64K(960K), 0.0006891 secs] 42590K->41919K(524224K), 0.0007310 secs] [Times: user=0.00 sys=0.00, real=0.00 secs] 
6.274: [GC (Allocation Failure) 6.274: [DefNew: 960K->63K(960K), 0.0005659 secs] 42862K->42181K(524224K), 0.0005939 secs] [Times: user=0.00 sys=0.00, real=0.00 secs] 
6.276: [GC (Allocation Failure) 6.276: [DefNew: 959K->63K(960K), 0.0005773 secs] 43124K->42443K(524224K), 0.0005999 secs] [Times: user=0.00 sys=0.00, real=0.00 secs] 
6.279: [GC (Allocation Failure) 6.279: [DefNew: 959K->63K(960K), 0.0006344 secs] 43377K->42732K(524224K), 0.0006629 secs] [Times: user=0.00 sys=0.00, real=0.00 secs] 
6.282: [GC (Allocation Failure) 6.282: [DefNew: 959K->64K(960K), 0.0008468 secs] 43661K->43085K(524224K), 0.0008907 secs] [Times: user=0.00 sys=0.00, real=0.00 secs] 
6.284: [GC (Allocation Failure) 6.284: [DefNew: 960K->64K(960K), 0.0007752 secs] 44015K->43377K(524224K), 0.0008120 secs] [Times: user=0.00 sys=0.00, real=0.00 secs] 
6.288: [GC (Allocation Failure) 6.288: [DefNew: 960K->64K(960K), 0.0005708 secs] 44323K->43647K(524224K), 0.0005973 secs] [Times: user=0.00 sys=0.00, real=0.00 secs] 
6.291: [GC (Allocation Failure) 6.291: [DefNew: 960K->64K(960K), 0.0005882 secs] 44595K->43911K(524224K), 0.0006104 secs] [Times: user=0.00 sys=0.00, real=0.00 secs] 
6.292: [GC (Allocation Failure) 6.292: [DefNew: 960K->63K(960K), 0.0005782 secs] 44852K->44180K(524224K), 0.0005993 secs] [Times: user=0.00 sys=0.00, real=0.00 secs] 
6.295: [GC (Allocation Failure) 6.295: [DefNew: 959K->63K(960K), 0.0006044 secs] 45123K->44449K(524224K), 0.0006269 secs] [Times: user=0.00 sys=0.00, real=0.00 secs] 
6.299: [GC (Allocation Failure) 6.299: [DefNew: 959K->63K(960K), 0.0007652 secs] 45375K->44764K(524224K), 0.0008174 secs] [Times: user=0.00 sys=0.00, real=0.00 secs] 
6.301: [GC (Allocation Failure) 6.301: [DefNew: 959K->64K(960K), 0.0007339 secs] 45683K->45094K(524224K), 0.0007624 secs] [Times: user=0.00 sys=0.00, real=0.00 secs] 
6.304: [GC (Allocation Failure) 6.304: [DefNew: 960K->63K(960K), 0.0006976 secs] 46020K->45398K(524224K), 0.0007384 secs] [Times: user=0.00 sys=0.00, real=0.00 secs] 
6.306: [GC (Allocation Failure) 6.306: [DefNew: 959K->63K(960K), 0.0005514 secs] 46346K->45658K(524224K), 0.0005736 secs] [Times: user=0.00 sys=0.00, real=0.00 secs] 
6.309: [GC (Allocation Failure) 6.309: [DefNew: 959K->63K(960K), 0.0005981 secs] 46599K->45932K(524224K), 0.0006218 secs] [Times: user=0.00 sys=0.00, real=0.00 secs] 
6.312: [GC (Allocation Failure) 6.312: [DefNew: 959K->63K(960K), 0.0006024 secs] 46873K->46198K(524224K), 0.0006258 secs] [Times: user=0.00 sys=0.00, real=0.00 secs] 
6.314: [GC (Allocation Failure) 6.314: [DefNew: 959K->64K(960K), 0.0008265 secs] 47122K->46504K(524224K), 0.0008687 secs] [Times: user=0.00 sys=0.00, real=0.00 secs] 
6.317: [GC (Allocation Failure) 6.317: [DefNew: 960K->63K(960K), 0.0006934 secs] 47437K->46795K(524224K), 0.0007276 secs] [Times: user=0.00 sys=0.00, real=0.00 secs] 
6.320: [GC (Allocation Failure) 6.320: [DefNew: 959K->63K(960K), 0.0005773 secs] 47739K->47055K(524224K), 0.0006027 secs] [Times: user=0.00 sys=0.00, real=0.00 secs] 
6.322: [GC (Allocation Failure) 6.322: [DefNew: 959K->63K(960K), 0.0006315 secs] 47994K->47324K(524224K), 0.0006600 secs] [Times: user=0.00 sys=0.00, real=0.00 secs] 
6.325: [GC (Allocation Failure) 6.325: [DefNew: 959K->63K(960K), 0.0006138 secs] 48262K->47599K(524224K), 0.0006409 secs] [Times: user=0.00 sys=0.00, real=0.00 secs] 
6.328: [GC (Allocation Failure) 6.328: [DefNew: 959K->63K(960K), 0.0006090 secs] 48542K->47864K(524224K), 0.0006326 secs] [Times: user=0.00 sys=0.00, real=0.00 secs] 
6.331: [GC (Allocation Failure) 6.331: [DefNew: 959K->63K(960K), 0.0008071 secs] 48789K->48176K(524224K), 0.0008533 secs] [Times: user=0.00 sys=0.00, real=0.00 secs] 
6.334: [GC (Allocation Failure) 6.334: [DefNew: 959K->63K(960K), 0.0006751 secs] 49111K->48459K(524224K), 0.0007048 secs] [Times: user=0.00 sys=0.00, real=0.00 secs] 
6.337: [GC (Allocation Failure) 6.337: [DefNew: 959K->63K(960K), 0.0006098 secs] 49393K->48743K(524224K), 0.0006361 secs] [Times: user=0.00 sys=0.00, real=0.00 secs] 
6.339: [GC (Allocation Failure) 6.339: [DefNew: 959K->63K(960K), 0.0006113 secs] 49687K->49012K(524224K), 0.0006344 secs] [Times: user=0.00 sys=0.00, real=0.00 secs] 
6.342: [GC (Allocation Failure) 6.342: [DefNew: 959K->64K(960K), 0.0006096 secs] 49953K->49292K(524224K), 0.0006329 secs] [Times: user=0.00 sys=0.00, real=0.00 secs] 
6.344: [GC (Allocation Failure) 6.344: [DefNew: 960K->63K(960K), 0.0006147 secs] 50233K->49562K(524224K), 0.0006415 secs] [Times: user=0.00 sys=0.00, real=0.00 secs] 
6.347: [GC (Allocation Failure) 6.347: [DefNew: 959K->63K(960K), 0.0006309 secs] 50503K->49833K(524224K), 0.0006535 secs] [Times: user=0.00 sys=0.00, real=0.00 secs] 
6.350: [GC (Allocation Failure) 6.350: [DefNew: 959K->63K(960K), 0.0006247 secs] 50773K->50101K(524224K), 0.0006489 secs] [Times: user=0.00 sys=0.00, real=0.00 secs] 
6.352: [GC (Allocation Failure) 6.352: [DefNew: 959K->63K(960K), 0.0008274 secs] 51031K->50386K(524224K), 0.0008733 secs] [Times: user=0.00 sys=0.00, real=0.00 secs] 
6.355: [GC (Allocation Failure) 6.355: [DefNew: 959K->64K(960K), 0.0008257 secs] 51309K->50707K(524224K), 0.0008738 secs] [Times: user=0.00 sys=0.00, real=0.00 secs] 
6.358: [GC (Allocation Failure) 6.358: [DefNew: 960K->64K(960K), 0.0008462 secs] 51616K->51083K(524224K), 0.0008921 secs] [Times: user=0.00 sys=0.00, real=0.00 secs] 
6.361: [GC (Allocation Failure) 6.361: [DefNew: 960K->63K(960K), 0.0006877 secs] 52028K->51349K(524224K), 0.0007102 secs] [Times: user=0.00 sys=0.00, real=0.00 secs] 
6.364: [GC (Allocation Failure) 6.364: [DefNew: 959K->64K(960K), 0.0005671 secs] 52289K->51616K(524224K), 0.0005899 secs] [Times: user=0.00 sys=0.00, real=0.00 secs] 
6.367: [GC (Allocation Failure) 6.367: [DefNew: 960K->63K(960K), 0.0007986 secs] 52544K->51975K(524224K), 0.0008468 secs] [Times: user=0.00 sys=0.00, real=0.00 secs] 
6.369: [GC (Allocation Failure) 6.369: [DefNew: 959K->63K(960K), 0.0006603 secs] 52920K->52239K(524224K), 0.0006848 secs] [Times: user=0.00 sys=0.00, real=0.00 secs] 
6.372: [GC (Allocation Failure) 6.372: [DefNew: 959K->64K(960K), 0.0005762 secs] 53182K->52506K(524224K), 0.0005979 secs] [Times: user=0.00 sys=0.00, real=0.00 secs] 
6.375: [GC (Allocation Failure) 6.375: [DefNew: 960K->63K(960K), 0.0007521 secs] 53445K->52779K(524224K), 0.0007900 secs] [Times: user=0.00 sys=0.00, real=0.00 secs] 
6.377: [GC (Allocation Failure) 6.377: [DefNew: 959K->63K(960K), 0.0006261 secs] 53718K->53056K(524224K), 0.0006552 secs] [Times: user=0.00 sys=0.00, real=0.00 secs] 
6.380: [GC (Allocation Failure) 6.380: [DefNew: 959K->63K(960K), 0.0006506 secs] 53979K->53353K(524224K), 0.0006785 secs] [Times: user=0.00 sys=0.00, real=0.00 secs] 
6.382: [GC (Allocation Failure) 6.382: [DefNew: 959K->63K(960K), 0.0008048 secs] 54275K->53682K(524224K), 0.0008473 secs] [Times: user=0.00 sys=0.00, real=0.00 secs] 
6.386: [GC (Allocation Failure) 6.386: [DefNew: 959K->63K(960K), 0.0006957 secs] 54615K->53966K(524224K), 0.0007267 secs] [Times: user=0.00 sys=0.00, real=0.00 secs] 
6.389: [GC (Allocation Failure) 6.389: [DefNew: 959K->63K(960K), 0.0006808 secs] 54909K->54231K(524224K), 0.0007099 secs] [Times: user=0.00 sys=0.00, real=0.00 secs] 
6.391: [GC (Allocation Failure) 6.391: [DefNew: 959K->63K(960K), 0.0006230 secs] 55176K->54498K(524224K), 0.0006466 secs] [Times: user=0.00 sys=0.00, real=0.00 secs] 
6.394: [GC (Allocation Failure) 6.394: [DefNew: 959K->63K(960K), 0.0006070 secs] 55439K->54759K(524224K), 0.0006304 secs] [Times: user=0.00 sys=0.00, real=0.00 secs] 
6.397: [GC (Allocation Failure) 6.397: [DefNew: 959K->63K(960K), 0.0009163 secs] 55693K->55043K(524224K), 0.0009602 secs] [Times: user=0.00 sys=0.00, real=0.00 secs] 
6.399: [GC (Allocation Failure) 6.399: [DefNew: 959K->64K(960K), 0.0007173 secs] 55972K->55337K(524224K), 0.0007569 secs] [Times: user=0.00 sys=0.00, real=0.00 secs] 
6.402: [GC (Allocation Failure) 6.402: [DefNew: 960K->63K(960K), 0.0006606 secs] 56254K->55661K(524224K), 0.0006931 secs] [Times: user=0.00 sys=0.00, real=0.00 secs] 
6.405: [GC (Allocation Failure) 6.405: [DefNew: 959K->63K(960K), 0.0007059 secs] 56598K->55941K(524224K), 0.0007427 secs] [Times: user=0.00 sys=0.00, real=0.00 secs] 
6.407: [GC (Allocation Failure) 6.407: [DefNew: 959K->64K(960K), 0.0006691 secs] 56877K->56221K(524224K), 0.0007056 secs] [Times: user=0.00 sys=0.00, real=0.00 secs] 
6.410: [GC (Allocation Failure) 6.410: [DefNew: 960K->63K(960K), 0.0006232 secs] 57159K->56498K(524224K), 0.0006552 secs] [Times: user=0.00 sys=0.00, real=0.00 secs] 
6.412: [GC (Allocation Failure) 6.412: [DefNew: 959K->63K(960K), 0.0006218 secs] 57440K->56770K(524224K), 0.0006475 secs] [Times: user=0.00 sys=0.00, real=0.00 secs] 
6.415: [GC (Allocation Failure) 6.415: [DefNew: 959K->63K(960K), 0.0006172 secs] 57713K->57035K(524224K), 0.0006426 secs] [Times: user=0.00 sys=0.00, real=0.00 secs] 
6.418: [GC (Allocation Failure) 6.418: [DefNew: 959K->63K(960K), 0.0006190 secs] 57973K->57308K(524224K), 0.0006421 secs] [Times: user=0.00 sys=0.00, real=0.00 secs] 
6.420: [GC (Allocation Failure) 6.420: [DefNew: 959K->63K(960K), 0.0006021 secs] 58249K->57577K(524224K), 0.0006238 secs] [Times: user=0.00 sys=0.00, real=0.00 secs] 
6.423: [GC (Allocation Failure) 6.423: [DefNew: 959K->64K(960K), 0.0006959 secs] 58514K->57856K(524224K), 0.0007270 secs] [Times: user=0.00 sys=0.00, real=0.00 secs] 
6.426: [GC (Allocation Failure) 6.426: [DefNew: 960K->63K(960K), 0.0006683 secs] 58795K->58130K(524224K), 0.0006988 secs] [Times: user=0.00 sys=0.00, real=0.00 secs] 
6.428: [GC (Allocation Failure) 6.429: [DefNew: 959K->63K(960K), 0.0006834 secs] 59063K->58416K(524224K), 0.0007199 secs] [Times: user=0.00 sys=0.00, real=0.00 secs] 
6.432: [GC (Allocation Failure) 6.432: [DefNew: 959K->64K(960K), 0.0006087 secs] 59356K->58690K(524224K), 0.0006369 secs] [Times: user=0.00 sys=0.00, real=0.00 secs] 
6.435: [GC (Allocation Failure) 6.435: [DefNew: 960K->63K(960K), 0.0006135 secs] 59631K->58956K(524224K), 0.0006398 secs] [Times: user=0.00 sys=0.00, real=0.00 secs] 
6.436: [GC (Allocation Failure) 6.437: [DefNew: 959K->64K(960K), 0.0005922 secs] 59897K->59221K(524224K), 0.0006204 secs] [Times: user=0.00 sys=0.00, real=0.00 secs] 
6.440: [GC (Allocation Failure) 6.440: [DefNew: 960K->63K(960K), 0.0007330 secs] 60141K->59535K(524224K), 0.0007686 secs] [Times: user=0.00 sys=0.00, real=0.00 secs] 
6.443: [GC (Allocation Failure) 6.443: [DefNew: 959K->63K(960K), 0.0005654 secs] 60482K->59796K(524224K), 0.0005896 secs] [Times: user=0.00 sys=0.00, real=0.00 secs] 
6.445: [GC (Allocation Failure) 6.445: [DefNew: 959K->64K(960K), 0.0006061 secs] 60740K->60068K(524224K), 0.0006315 secs] [Times: user=0.00 sys=0.00, real=0.00 secs] 
6.448: [GC (Allocation Failure) 6.448: [DefNew: 960K->63K(960K), 0.0005964 secs] 61010K->60335K(524224K), 0.0006238 secs] [Times: user=0.00 sys=0.00, real=0.00 secs] 
6.450: [GC (Allocation Failure) 6.450: [DefNew: 959K->63K(960K), 0.0006720 secs] 61261K->60632K(524224K), 0.0007036 secs] [Times: user=0.00 sys=0.00, real=0.00 secs] 
6.453: [GC (Allocation Failure) 6.453: [DefNew: 959K->63K(960K), 0.0006631 secs] 61575K->60903K(524224K), 0.0006862 secs] [Times: user=0.00 sys=0.00, real=0.00 secs] 
6.456: [GC (Allocation Failure) 6.456: [DefNew: 959K->64K(960K), 0.0006914 secs] 61839K->61186K(524224K), 0.0007207 secs] [Times: user=0.00 sys=0.00, real=0.00 secs] 
6.458: [GC (Allocation Failure) 6.458: [DefNew: 960K->64K(960K), 0.0014823 secs] 62113K->61474K(524224K), 0.0015435 secs] [Times: user=0.00 sys=0.00, real=0.00 secs] 
6.462: [GC (Allocation Failure) 6.462: [DefNew: 960K->63K(960K), 0.0008422 secs] 62388K->61822K(524224K), 0.0008887 secs] [Times: user=0.00 sys=0.00, real=0.00 secs] 
6.465: [GC (Allocation Failure) 6.465: [DefNew: 959K->64K(960K), 0.0012391 secs] 62756K->62108K(524224K), 0.0012813 secs] [Times: user=0.00 sys=0.00, real=0.00 secs] 
6.468: [GC (Allocation Failure) 6.468: [DefNew: 960K->63K(960K), 0.0006791 secs] 63048K->62383K(524224K), 0.0007042 secs] [Times: user=0.00 sys=0.00, real=0.00 secs] 
6.472: [GC (Allocation Failure) 6.472: [DefNew: 959K->63K(960K), 0.0006851 secs] 63308K->62681K(524224K), 0.0007230 secs] [Times: user=0.00 sys=0.00, real=0.00 secs] 
6.475: [GC (Allocation Failure) 6.475: [DefNew: 959K->64K(960K), 0.0006840 secs] 63604K->62986K(524224K), 0.0007236 secs] [Times: user=0.00 sys=0.00, real=0.00 secs] 
6.477: [GC (Allocation Failure) 6.477: [DefNew: 960K->64K(960K), 0.0006905 secs] 63925K->63271K(524224K), 0.0007153 secs] [Times: user=0.00 sys=0.00, real=0.00 secs] 
6.480: [GC (Allocation Failure) 6.480: [DefNew: 960K->64K(960K), 0.0006098 secs] 64210K->63552K(524224K), 0.0006381 secs] [Times: user=0.00 sys=0.00, real=0.00 secs] 
6.482: [GC (Allocation Failure) 6.482: [DefNew: 960K->64K(960K), 0.0008248 secs] 64477K->63919K(524224K), 0.0008641 secs] [Times: user=0.00 sys=0.00, real=0.00 secs] 
6.486: [GC (Allocation Failure) 6.486: [DefNew: 960K->64K(960K), 0.0008793 secs] 64853K->64200K(524224K), 0.0009169 secs] [Times: user=0.00 sys=0.00, real=0.00 secs] 
6.489: [GC (Allocation Failure) 6.489: [DefNew: 960K->63K(960K), 0.0007250 secs] 65122K->64510K(524224K), 0.0007632 secs] [Times: user=0.00 sys=0.00, real=0.00 secs] 
6.491: [GC (Allocation Failure) 6.491: [DefNew: 959K->63K(960K), 0.0005326 secs] 65456K->64767K(524224K), 0.0005545 secs] [Times: user=0.00 sys=0.00, real=0.00 secs] 
6.494: [GC (Allocation Failure) 6.494: [DefNew: 959K->64K(960K), 0.0007410 secs] 65701K->65049K(524224K), 0.0007863 secs] [Times: user=0.00 sys=0.00, real=0.00 secs] 
6.497: [GC (Allocation Failure) 6.497: [DefNew: 960K->64K(960K), 0.0005597 secs] 65993K->65313K(524224K), 0.0005865 secs] [Times: user=0.00 sys=0.00, real=0.00 secs] 
6.499: [GC (Allocation Failure) 6.499: [DefNew: 960K->63K(960K), 0.0006426 secs] 66253K->65584K(524224K), 0.0006731 secs] [Times: user=0.00 sys=0.00, real=0.00 secs] 
6.502: [GC (Allocation Failure) 6.502: [DefNew: 959K->63K(960K), 0.0012428 secs] 66489K->65977K(524224K), 0.0013129 secs] [Times: user=0.00 sys=0.00, real=0.00 secs] 
6.505: [GC (Allocation Failure) 6.505: [DefNew: 959K->64K(960K), 0.0009605 secs] 66882K->66333K(524224K), 0.0010101 secs] [Times: user=0.00 sys=0.00, real=0.00 secs] 
6.509: [GC (Allocation Failure) 6.509: [DefNew: 960K->63K(960K), 0.0008989 secs] 67263K->66594K(524224K), 0.0009434 secs] [Times: user=0.00 sys=0.00, real=0.00 secs] 
6.512: [GC (Allocation Failure) 6.512: [DefNew: 959K->64K(960K), 0.0006899 secs] 67517K->66865K(524224K), 0.0007173 secs] [Times: user=0.00 sys=0.00, real=0.00 secs] 
6.514: [GC (Allocation Failure) 6.514: [DefNew: 960K->64K(960K), 0.0006281 secs] 67802K->67137K(524224K), 0.0006506 secs] [Times: user=0.00 sys=0.00, real=0.00 secs] 
6.517: [GC (Allocation Failure) 6.517: [DefNew: 960K->63K(960K), 0.0007504 secs] 68062K->67508K(524224K), 0.0007815 secs] [Times: user=0.00 sys=0.00, real=0.00 secs] 
6.520: [GC (Allocation Failure) 6.520: [DefNew: 959K->63K(960K), 0.0007826 secs] 68457K->67767K(524224K), 0.0008174 secs] [Times: user=0.00 sys=0.00, real=0.00 secs] 
6.522: [GC (Allocation Failure) 6.522: [DefNew: 959K->63K(960K), 0.0005808 secs] 68707K->68043K(524224K), 0.0006096 secs] [Times: user=0.00 sys=0.00, real=0.00 secs] 
6.525: [GC (Allocation Failure) 6.525: [DefNew: 959K->64K(960K), 0.0006438 secs] 68982K->68320K(524224K), 0.0006689 secs] [Times: user=0.00 sys=0.00, real=0.00 secs] 
6.528: [GC (Allocation Failure) 6.528: [DefNew: 960K->63K(960K), 0.0006204 secs] 69258K->68595K(524224K), 0.0006435 secs] [Times: user=0.00 sys=0.00, real=0.00 secs] 
6.530: [GC (Allocation Failure) 6.530: [DefNew: 959K->64K(960K), 0.0006737 secs] 69520K->68897K(524224K), 0.0007019 secs] [Times: user=0.00 sys=0.00, real=0.00 secs] 
6.534: [GC (Allocation Failure) 6.534: [DefNew: 960K->63K(960K), 0.0007917 secs] 69812K->69226K(524224K), 0.0008402 secs] [Times: user=0.00 sys=0.00, real=0.00 secs] 
6.536: [GC (Allocation Failure) 6.536: [DefNew: 959K->63K(960K), 0.0006326 secs] 70174K->69492K(524224K), 0.0006572 secs] [Times: user=0.00 sys=0.00, real=0.00 secs] 
6.539: [GC (Allocation Failure) 6.539: [DefNew: 959K->64K(960K), 0.0006683 secs] 70423K->69779K(524224K), 0.0006942 secs] [Times: user=0.00 sys=0.00, real=0.00 secs] 
6.542: [GC (Allocation Failure) 6.542: [DefNew: 960K->63K(960K), 0.0006455 secs] 70719K->70043K(524224K), 0.0006751 secs] [Times: user=0.00 sys=0.00, real=0.00 secs] 
6.544: [GC (Allocation Failure) 6.544: [DefNew: 959K->63K(960K), 0.0006443 secs] 70985K->70305K(524224K), 0.0006706 secs] [Times: user=0.00 sys=0.00, real=0.00 secs] 
6.547: [GC (Allocation Failure) 6.547: [DefNew: 959K->63K(960K), 0.0005933 secs] 71245K->70579K(524224K), 0.0006178 secs] [Times: user=0.00 sys=0.00, real=0.00 secs] 
6.550: [GC (Allocation Failure) 6.550: [DefNew: 959K->64K(960K), 0.0007498 secs] 71495K->70899K(524224K), 0.0007895 secs] [Times: user=0.00 sys=0.00, real=0.00 secs] 
6.552: [GC (Allocation Failure) 6.552: [DefNew: 960K->64K(960K), 0.0006475 secs] 71839K->71180K(524224K), 0.0006820 secs] [Times: user=0.00 sys=0.00, real=0.00 secs] 
6.555: [GC (Allocation Failure) 6.555: [DefNew: 960K->63K(960K), 0.0006172 secs] 72119K->71454K(524224K), 0.0006418 secs] [Times: user=0.00 sys=0.00, real=0.00 secs] 
6.558: [GC (Allocation Failure) 6.558: [DefNew: 959K->63K(960K), 0.0006252 secs] 72396K->71719K(524224K), 0.0006480 secs] [Times: user=0.00 sys=0.00, real=0.00 secs] 
6.560: [GC (Allocation Failure) 6.560: [DefNew: 959K->63K(960K), 0.0006175 secs] 72663K->71986K(524224K), 0.0006403 secs] [Times: user=0.00 sys=0.00, real=0.00 secs] 
6.563: [GC (Allocation Failure) 6.563: [DefNew: 959K->63K(960K), 0.0008790 secs] 72887K->72390K(524224K), 0.0009289 secs] [Times: user=0.00 sys=0.00, real=0.00 secs] 
6.565: [GC (Allocation Failure) 6.565: [DefNew: 959K->63K(960K), 0.0009075 secs] 73304K->72688K(524224K), 0.0009480 secs] [Times: user=0.00 sys=0.00, real=0.00 secs] 
6.569: [GC (Allocation Failure) 6.569: [DefNew: 959K->63K(960K), 0.0006865 secs] 73614K->72960K(524224K), 0.0007193 secs] [Times: user=0.00 sys=0.00, real=0.00 secs] 
6.572: [GC (Allocation Failure) 6.572: [DefNew: 959K->64K(960K), 0.0006061 secs] 73901K->73231K(524224K), 0.0006309 secs] [Times: user=0.00 sys=0.00, real=0.00 secs] 
6.574: [GC (Allocation Failure) 6.574: [DefNew: 960K->63K(960K), 0.0006081 secs] 74171K->73501K(524224K), 0.0006326 secs] [Times: user=0.00 sys=0.00, real=0.00 secs] 
6.577: [GC (Allocation Failure) 6.577: [DefNew: 959K->63K(960K), 0.0006478 secs] 74438K->73777K(524224K), 0.0006720 secs] [Times: user=0.00 sys=0.00, real=0.00 secs] 
6.580: [GC (Allocation Failure) 6.580: [DefNew: 959K->64K(960K), 0.0006415 secs] 74716K->74051K(524224K), 0.0006663 secs] [Times: user=0.00 sys=0.00, real=0.00 secs] 
6.583: [GC (Allocation Failure) 6.583: [DefNew: 960K->63K(960K), 0.0008750 secs] 74974K->74405K(524224K), 0.0009220 secs] [Times: user=0.00 sys=0.00, real=0.00 secs] 
6.586: [GC (Allocation Failure) 6.586: [DefNew: 959K->63K(960K), 0.0008057 secs] 75334K->74696K(524224K), 0.0008428 secs] [Times: user=0.00 sys=0.00, real=0.00 secs] 
6.589: [GC (Allocation Failure) 6.589: [DefNew: 959K->63K(960K), 0.0006483 secs] 75632K->74981K(524224K), 0.0006720 secs] [Times: user=0.00 sys=0.00, real=0.00 secs] 
6.591: [GC (Allocation Failure) 6.591: [DefNew: 959K->63K(960K), 0.0006443 secs] 75926K->75243K(524224K), 0.0006714 secs] [Times: user=0.00 sys=0.00, real=0.00 secs] 
6.594: [GC (Allocation Failure) 6.594: [DefNew: 959K->63K(960K), 0.0006278 secs] 76182K->75511K(524224K), 0.0006495 secs] [Times: user=0.00 sys=0.00, real=0.00 secs] 
6.597: [GC (Allocation Failure) 6.597: [DefNew: 959K->64K(960K), 0.0006261 secs] 76451K->75783K(524224K), 0.0006483 secs] [Times: user=0.00 sys=0.00, real=0.00 secs] 
6.599: [GC (Allocation Failure) 6.599: [DefNew: 960K->64K(960K), 0.0007367 secs] 76715K->76075K(524224K), 0.0007746 secs] [Times: user=0.00 sys=0.00, real=0.00 secs] 
6.602: [GC (Allocation Failure) 6.602: [DefNew: 960K->63K(960K), 0.0006249 secs] 77009K->76367K(524224K), 0.0006526 secs] [Times: user=0.00 sys=0.00, real=0.00 secs] 
6.604: [GC (Allocation Failure) 6.604: [DefNew: 959K->63K(960K), 0.0007396 secs] 77306K->76642K(524224K), 0.0007718 secs] [Times: user=0.00 sys=0.00, real=0.00 secs] 
6.607: [GC (Allocation Failure) 6.607: [DefNew: 959K->64K(960K), 0.0006928 secs] 77565K->76950K(524224K), 0.0007296 secs] [Times: user=0.00 sys=0.00, real=0.00 secs] 
6.611: [GC (Allocation Failure) 6.611: [DefNew: 960K->63K(960K), 0.0006449 secs] 77891K->77217K(524224K), 0.0006783 secs] [Times: user=0.00 sys=0.00, real=0.00 secs] 
6.613: [GC (Allocation Failure) 6.613: [DefNew: 959K->63K(960K), 0.0008279 secs] 78146K->77507K(524224K), 0.0008639 secs] [Times: user=0.00 sys=0.00, real=0.00 secs] 
6.616: [GC (Allocation Failure) 6.616: [DefNew: 959K->63K(960K), 0.0011014 secs] 78437K->77800K(524224K), 0.0011404 secs] [Times: user=0.00 sys=0.00, real=0.00 secs] 
6.619: [GC (Allocation Failure) 6.619: [DefNew: 959K->64K(960K), 0.0008145 secs] 78717K->78123K(524224K), 0.0008567 secs] [Times: user=0.00 sys=0.00, real=0.00 secs] 
6.622: [GC (Allocation Failure) 6.622: [DefNew: 960K->63K(960K), 0.0007783 secs] 79046K->78430K(524224K), 0.0008114 secs] [Times: user=0.00 sys=0.00, real=0.00 secs] 
6.625: [GC (Allocation Failure) 6.625: [DefNew: 959K->63K(960K), 0.0005962 secs] 79368K->78703K(524224K), 0.0006235 secs] [Times: user=0.00 sys=0.00, real=0.00 secs] 
6.627: [GC (Allocation Failure) 6.627: [DefNew: 959K->63K(960K), 0.0007906 secs] 79632K->78998K(524224K), 0.0008277 secs] [Times: user=0.00 sys=0.00, real=0.00 secs] 
6.630: [GC (Allocation Failure) 6.630: [DefNew: 959K->63K(960K), 0.0006617 secs] 79937K->79267K(524224K), 0.0006942 secs] [Times: user=0.00 sys=0.00, real=0.00 secs] 
6.633: [GC (Allocation Failure) 6.633: [DefNew: 959K->63K(960K), 0.0007766 secs] 80191K->79574K(524224K), 0.0008171 secs] [Times: user=0.00 sys=0.00, real=0.00 secs] 
6.635: [GC (Allocation Failure) 6.635: [DefNew: 959K->63K(960K), 0.0006435 secs] 80510K->79850K(524224K), 0.0006774 secs] [Times: user=0.00 sys=0.00, real=0.00 secs] 
6.638: [GC (Allocation Failure) 6.638: [DefNew: 959K->63K(960K), 0.0006053 secs] 80791K->80121K(524224K), 0.0006306 secs] [Times: user=0.00 sys=0.00, real=0.00 secs] 
6.641: [GC (Allocation Failure) 6.641: [DefNew: 959K->64K(960K), 0.0007775 secs] 81034K->80452K(524224K), 0.0008157 secs] [Times: user=0.00 sys=0.00, real=0.00 secs] 
6.643: [GC (Allocation Failure) 6.643: [DefNew: 960K->64K(960K), 0.0007028 secs] 81389K->80725K(524224K), 0.0007353 secs] [Times: user=0.00 sys=0.00, real=0.00 secs] 
6.647: [GC (Allocation Failure) 6.647: [DefNew: 960K->63K(960K), 0.0006555 secs] 81667K->80995K(524224K), 0.0006848 secs] [Times: user=0.00 sys=0.00, real=0.00 secs] 
6.650: [GC (Allocation Failure) 6.650: [DefNew: 959K->63K(960K), 0.0006811 secs] 81934K->81274K(524224K), 0.0007110 secs] [Times: user=0.00 sys=0.00, real=0.00 secs] 
6.652: [GC (Allocation Failure) 6.652: [DefNew: 959K->63K(960K), 0.0006603 secs] 82210K->81551K(524224K), 0.0006894 secs] [Times: user=0.00 sys=0.00, real=0.00 secs] 
6.655: [GC (Allocation Failure) 6.655: [DefNew: 959K->64K(960K), 0.0006418 secs] 82496K->81824K(524224K), 0.0006669 secs] [Times: user=0.00 sys=0.00, real=0.00 secs] 
6.658: [GC (Allocation Failure) 6.658: [DefNew: 960K->63K(960K), 0.0006172 secs] 82760K->82097K(524224K), 0.0006443 secs] [Times: user=0.00 sys=0.00, real=0.00 secs] 
6.660: [GC (Allocation Failure) 6.660: [DefNew: 959K->64K(960K), 0.0007538 secs] 83029K->82384K(524224K), 0.0007932 secs] [Times: user=0.00 sys=0.00, real=0.00 secs] 
6.663: [GC (Allocation Failure) 6.663: [DefNew: 960K->64K(960K), 0.0007159 secs] 83320K->82668K(524224K), 0.0007741 secs] [Times: user=0.00 sys=0.00, real=0.00 secs] 
6.665: [GC (Allocation Failure) 6.665: [DefNew: 960K->63K(960K), 0.0005933 secs] 83610K->82939K(524224K), 0.0006224 secs] [Times: user=0.00 sys=0.00, real=0.00 secs] 
6.668: [GC (Allocation Failure) 6.668: [DefNew: 959K->63K(960K), 0.0005682 secs] 83880K->83206K(524224K), 0.0005916 secs] [Times: user=0.00 sys=0.00, real=0.00 secs] 
6.671: [GC (Allocation Failure) 6.671: [DefNew: 959K->64K(960K), 0.0006232 secs] 84147K->83471K(524224K), 0.0006535 secs] [Times: user=0.00 sys=0.00, real=0.00 secs] 
6.673: [GC (Allocation Failure) 6.673: [DefNew: 960K->63K(960K), 0.0005865 secs] 84417K->83732K(524224K), 0.0006070 secs] [Times: user=0.00 sys=0.00, real=0.00 secs] 
6.676: [GC (Allocation Failure) 6.676: [DefNew: 959K->63K(960K), 0.0006828 secs] 84670K->84021K(524224K), 0.0007167 secs] [Times: user=0.00 sys=0.00, real=0.00 secs] 
6.679: [GC (Allocation Failure) 6.679: [DefNew: 959K->64K(960K), 0.0007433 secs] 84963K->84287K(524224K), 0.0007763 secs] [Times: user=0.00 sys=0.00, real=0.00 secs] 
6.681: [GC (Allocation Failure) 6.681: [DefNew: 960K->63K(960K), 0.0011743 secs] 85213K->84583K(524224K), 0.0012157 secs] [Times: user=0.00 sys=0.00, real=0.00 secs] 
6.685: [GC (Allocation Failure) 6.685: [DefNew: 959K->64K(960K), 0.0007473 secs] 85514K->84869K(524224K), 0.0007735 secs] [Times: user=0.00 sys=0.00, real=0.00 secs] 
6.688: [GC (Allocation Failure) 6.688: [DefNew: 960K->63K(960K), 0.0005984 secs] 85814K->85130K(524224K), 0.0006275 secs] [Times: user=0.00 sys=0.00, real=0.00 secs] 
6.690: [GC (Allocation Failure) 6.690: [DefNew: 959K->64K(960K), 0.0007296 secs] 86056K->85433K(524224K), 0.0007658 secs] [Times: user=0.00 sys=0.00, real=0.00 secs] 
6.694: [GC (Allocation Failure) 6.694: [DefNew: 960K->63K(960K), 0.0006389 secs] 86371K->85703K(524224K), 0.0006677 secs] [Times: user=0.00 sys=0.00, real=0.00 secs] 
6.697: [GC (Allocation Failure) 6.697: [DefNew: 959K->64K(960K), 0.0006207 secs] 86646K->85966K(524224K), 0.0006458 secs] [Times: user=0.00 sys=0.00, real=0.00 secs] 
6.699: [GC (Allocation Failure) 6.699: [DefNew: 960K->64K(960K), 0.0006552 secs] 86903K->86246K(524224K), 0.0006805 secs] [Times: user=0.00 sys=0.00, real=0.00 secs] 
6.702: [GC (Allocation Failure) 6.702: [DefNew: 960K->63K(960K), 0.0006828 secs] 87177K->86533K(524224K), 0.0007148 secs] [Times: user=0.00 sys=0.00, real=0.00 secs] 
6.704: [GC (Allocation Failure) 6.704: [DefNew: 959K->63K(960K), 0.0006529 secs] 87477K->86797K(524224K), 0.0006803 secs] [Times: user=0.00 sys=0.00, real=0.00 secs] 
6.707: [GC (Allocation Failure) 6.707: [DefNew: 959K->63K(960K), 0.0006928 secs] 87724K->87089K(524224K), 0.0007267 secs] [Times: user=0.00 sys=0.00, real=0.00 secs] 
6.710: [GC (Allocation Failure) 6.710: [DefNew: 959K->63K(960K), 0.0007387 secs] 88009K->87402K(524224K), 0.0007761 secs] [Times: user=0.00 sys=0.00, real=0.00 secs] 
6.712: [GC (Allocation Failure) 6.712: [DefNew: 959K->63K(960K), 0.0007176 secs] 88331K->87693K(524224K), 0.0011133 secs] [Times: user=0.00 sys=0.00, real=0.00 secs] 
6.715: [GC (Allocation Failure) 6.716: [DefNew: 959K->63K(960K), 0.0012981 secs] 88612K->88009K(524224K), 0.0013542 secs] [Times: user=0.00 sys=0.00, real=0.00 secs] 
6.719: [GC (Allocation Failure) 6.719: [DefNew: 959K->63K(960K), 0.0008718 secs] 88922K->88335K(524224K), 0.0009129 secs] [Times: user=0.00 sys=0.00, real=0.00 secs] 
6.722: [GC (Allocation Failure) 6.722: [DefNew: 959K->64K(960K), 0.0007079 secs] 89271K->88617K(524224K), 0.0007427 secs] [Times: user=0.00 sys=0.00, real=0.00 secs] 
6.725: [GC (Allocation Failure) 6.725: [DefNew: 960K->63K(960K), 0.0006706 secs] 89553K->88902K(524224K), 0.0006982 secs] [Times: user=0.00 sys=0.00, real=0.00 secs] 
6.727: [GC (Allocation Failure) 6.727: [DefNew: 959K->63K(960K), 0.0006409 secs] 89845K->89166K(524224K), 0.0006631 secs] [Times: user=0.00 sys=0.00, real=0.00 secs] 
6.730: [GC (Allocation Failure) 6.730: [DefNew: 959K->64K(960K), 0.0006497 secs] 90105K->89440K(524224K), 0.0006731 secs] [Times: user=0.00 sys=0.00, real=0.00 secs] 
6.733: [GC (Allocation Failure) 6.733: [DefNew: 960K->64K(960K), 0.0007438 secs] 90356K->89756K(524224K), 0.0007812 secs] [Times: user=0.00 sys=0.00, real=0.00 secs] 
6.735: [GC (Allocation Failure) 6.735: [DefNew: 960K->63K(960K), 0.0006161 secs] 90702K->90018K(524224K), 0.0006432 secs] [Times: user=0.00 sys=0.00, real=0.00 secs] 
6.738: [GC (Allocation Failure) 6.738: [DefNew: 959K->63K(960K), 0.0006429 secs] 90959K->90288K(524224K), 0.0006663 secs] [Times: user=0.00 sys=0.00, real=0.00 secs] 
6.741: [GC (Allocation Failure) 6.741: [DefNew: 959K->63K(960K), 0.0007450 secs] 91213K->90580K(524224K), 0.0007815 secs] [Times: user=0.00 sys=0.00, real=0.00 secs] 
6.743: [GC (Allocation Failure) 6.743: [DefNew: 959K->63K(960K), 0.0006868 secs] 91516K->90864K(524224K), 0.0007113 secs] [Times: user=0.00 sys=0.00, real=0.00 secs] 
6.746: [GC (Allocation Failure) 6.746: [DefNew: 959K->63K(960K), 0.0006743 secs] 91800K->91142K(524224K), 0.0006985 secs] [Times: user=0.00 sys=0.00, real=0.00 secs] 
6.749: [GC (Allocation Failure) 6.749: [DefNew: 959K->63K(960K), 0.0006740 secs] 92083K->91409K(524224K), 0.0007062 secs] [Times: user=0.00 sys=0.00, real=0.00 secs] 
6.751: [GC (Allocation Failure) 6.751: [DefNew: 959K->63K(960K), 0.0007487 secs] 92337K->91708K(524224K), 0.0007806 secs] [Times: user=0.00 sys=0.00, real=0.00 secs] 
6.755: [GC (Allocation Failure) 6.755: [DefNew: 959K->63K(960K), 0.0007769 secs] 92635K->92004K(524224K), 0.0008120 secs] [Times: user=0.00 sys=0.00, real=0.00 secs] 
6.758: [GC (Allocation Failure) 6.758: [DefNew: 959K->63K(960K), 0.0006894 secs] 92946K->92275K(524224K), 0.0007130 secs] [Times: user=0.00 sys=0.00, real=0.00 secs] 
6.760: [GC (Allocation Failure) 6.760: [DefNew: 959K->63K(960K), 0.0006178 secs] 93219K->92533K(524224K), 0.0006440 secs] [Times: user=0.00 sys=0.00, real=0.00 secs] 
6.763: [GC (Allocation Failure) 6.763: [DefNew: 959K->63K(960K), 0.0006440 secs] 93474K->92812K(524224K), 0.0006660 secs] [Times: user=0.00 sys=0.00, real=0.00 secs] 
6.765: [GC (Allocation Failure) 6.765: [DefNew: 959K->64K(960K), 0.0005984 secs] 93752K->93074K(524224K), 0.0006212 secs] [Times: user=0.00 sys=0.00, real=0.00 secs] 
6.768: [GC (Allocation Failure) 6.768: [DefNew: 960K->63K(960K), 0.0006324 secs] 94013K->93347K(524224K), 0.0006555 secs] [Times: user=0.00 sys=0.00, real=0.00 secs] 
6.771: [GC (Allocation Failure) 6.771: [DefNew: 959K->63K(960K), 0.0006395 secs] 94288K->93615K(524224K), 0.0006620 secs] [Times: user=0.00 sys=0.00, real=0.00 secs] 
6.773: [GC (Allocation Failure) 6.773: [DefNew: 959K->64K(960K), 0.0008316 secs] 94548K->93905K(524224K), 0.0008736 secs] [Times: user=0.00 sys=0.00, real=0.00 secs] 
6.776: [GC (Allocation Failure) 6.776: [DefNew: 960K->63K(960K), 0.0007424 secs] 94831K->94199K(524224K), 0.0007789 secs] [Times: user=0.00 sys=0.00, real=0.00 secs] 
6.779: [GC (Allocation Failure) 6.779: [DefNew: 959K->64K(960K), 0.0006110 secs] 95143K->94462K(524224K), 0.0006329 secs] [Times: user=0.00 sys=0.00, real=0.00 secs] 
6.781: [GC (Allocation Failure) 6.781: [DefNew: 960K->63K(960K), 0.0007837 secs] 95405K->94724K(524224K), 0.0008217 secs] [Times: user=0.00 sys=0.00, real=0.00 secs] 
6.784: [GC (Allocation Failure) 6.785: [DefNew: 959K->64K(960K), 0.0006934 secs] 95653K->95024K(524224K), 0.0007282 secs] [Times: user=0.00 sys=0.00, real=0.00 secs] 
6.788: [GC (Allocation Failure) 6.788: [DefNew: 960K->63K(960K), 0.0006364 secs] 95967K->95287K(524224K), 0.0006640 secs] [Times: user=0.00 sys=0.00, real=0.00 secs] 
6.790: [GC (Allocation Failure) 6.790: [DefNew: 959K->63K(960K), 0.0006671 secs] 96224K->95565K(524224K), 0.0006931 secs] [Times: user=0.00 sys=0.00, real=0.00 secs] 
6.793: [GC (Allocation Failure) 6.793: [DefNew: 959K->64K(960K), 0.0006654 secs] 96496K->95855K(524224K), 0.0006902 secs] [Times: user=0.00 sys=0.00, real=0.00 secs] 
6.796: [GC (Allocation Failure) 6.796: [DefNew: 960K->64K(960K), 0.0006882 secs] 96790K->96130K(524224K), 0.0007136 secs] [Times: user=0.00 sys=0.00, real=0.00 secs] 
6.798: [GC (Allocation Failure) 6.798: [DefNew: 960K->64K(960K), 0.0006472 secs] 97069K->96397K(524224K), 0.0006706 secs] [Times: user=0.00 sys=0.00, real=0.00 secs] 
6.801: [GC (Allocation Failure) 6.801: [DefNew: 960K->63K(960K), 0.0008242 secs] 97309K->96728K(524224K), 0.0008679 secs] [Times: user=0.00 sys=0.00, real=0.00 secs] 
6.803: [GC (Allocation Failure) 6.803: [DefNew: 959K->64K(960K), 0.0007689 secs] 97661K->97019K(524224K), 0.0008000 secs] [Times: user=0.00 sys=0.00, real=0.00 secs] 
6.806: [GC (Allocation Failure) 6.806: [DefNew: 960K->64K(960K), 0.0008938 secs] 97954K->97334K(524224K), 0.0009460 secs] [Times: user=0.00 sys=0.00, real=0.00 secs] 
6.810: [GC (Allocation Failure) 6.810: [DefNew: 960K->63K(960K), 0.0008676 secs] 98245K->97685K(524224K), 0.0009143 secs] [Times: user=0.00 sys=0.00, real=0.00 secs] 
6.812: [GC (Allocation Failure) 6.812: [DefNew: 959K->63K(960K), 0.0007581 secs] 98627K->97950K(524224K), 0.0007829 secs] [Times: user=0.00 sys=0.00, real=0.00 secs] 
6.815: [GC (Allocation Failure) 6.815: [DefNew: 959K->64K(960K), 0.0008043 secs] 98869K->98297K(524224K), 0.0008502 secs] [Times: user=0.00 sys=0.00, real=0.00 secs] 
6.818: [GC (Allocation Failure) 6.818: [DefNew: 960K->64K(960K), 0.0007413 secs] 99235K->98570K(524224K), 0.0007678 secs] [Times: user=0.00 sys=0.00, real=0.00 secs] 
6.820: [GC (Allocation Failure) 6.821: [DefNew: 960K->63K(960K), 0.0005685 secs] 99518K->98829K(524224K), 0.0005896 secs] [Times: user=0.00 sys=0.00, real=0.00 secs] 
6.823: [GC (Allocation Failure) 6.823: [DefNew: 959K->64K(960K), 0.0005836 secs] 99772K->99096K(524224K), 0.0006038 secs] [Times: user=0.00 sys=0.00, real=0.00 secs] 
6.826: [GC (Allocation Failure) 6.826: [DefNew: 960K->63K(960K), 0.0006115 secs] 100040K->99360K(524224K), 0.0006324 secs] [Times: user=0.00 sys=0.00, real=0.00 secs] 
6.828: [GC (Allocation Failure) 6.828: [DefNew: 959K->63K(960K), 0.0007196 secs] 100301K->99631K(524224K), 0.0007550 secs] [Times: user=0.00 sys=0.00, real=0.00 secs] 
6.831: [GC (Allocation Failure) 6.831: [DefNew: 959K->64K(960K), 0.0014084 secs] 100560K->99926K(524224K), 0.0014532 secs] [Times: user=0.00 sys=0.00, real=0.00 secs] 
6.834: [GC (Allocation Failure) 6.834: [DefNew: 960K->63K(960K), 0.0007678 secs] 100851K->100224K(524224K), 0.0008083 secs] [Times: user=0.00 sys=0.00, real=0.00 secs] 
6.837: [GC (Allocation Failure) 6.837: [DefNew: 959K->63K(960K), 0.0006389 secs] 101163K->100499K(524224K), 0.0006629 secs] [Times: user=0.00 sys=0.00, real=0.00 secs] 
6.840: [GC (Allocation Failure) 6.840: [DefNew: 959K->64K(960K), 0.0006324 secs] 101443K->100768K(524224K), 0.0006577 secs] [Times: user=0.00 sys=0.00, real=0.00 secs] 
6.842: [GC (Allocation Failure) 6.842: [DefNew: 960K->63K(960K), 0.0006412 secs] 101704K->101048K(524224K), 0.0006660 secs] [Times: user=0.00 sys=0.00, real=0.00 secs] 
6.845: [GC (Allocation Failure) 6.845: [DefNew: 959K->63K(960K), 0.0006398 secs] 101989K->101312K(524224K), 0.0006657 secs] [Times: user=0.00 sys=0.00, real=0.00 secs] 
6.849: [GC (Allocation Failure) 6.849: [DefNew: 959K->63K(960K), 0.0012473 secs] 102248K->101596K(524224K), 0.0012944 secs] [Times: user=0.00 sys=0.00, real=0.00 secs] 
6.851: [GC (Allocation Failure) 6.851: [DefNew: 959K->63K(960K), 0.0007772 secs] 102521K->101898K(524224K), 0.0008131 secs] [Times: user=0.00 sys=0.00, real=0.00 secs] 
6.854: [GC (Allocation Failure) 6.854: [DefNew: 959K->63K(960K), 0.0006218 secs] 102841K->102166K(524224K), 0.0006449 secs] [Times: user=0.00 sys=0.00, real=0.00 secs] 
6.857: [GC (Allocation Failure) 6.857: [DefNew: 959K->63K(960K), 0.0006851 secs] 103101K->102446K(524224K), 0.0007110 secs] [Times: user=0.00 sys=0.00, real=0.00 secs] 
6.859: [GC (Allocation Failure) 6.859: [DefNew: 959K->63K(960K), 0.0008299 secs] 103380K->102730K(524224K), 0.0008659 secs] [Times: user=0.00 sys=0.00, real=0.00 secs] 
6.863: [GC (Allocation Failure) 6.863: [DefNew: 959K->64K(960K), 0.0007293 secs] 103669K->103006K(524224K), 0.0007604 secs] [Times: user=0.00 sys=0.00, real=0.00 secs] 
6.866: [GC (Allocation Failure) 6.866: [DefNew: 960K->64K(960K), 0.0007855 secs] 103945K->103280K(524224K), 0.0008257 secs] [Times: user=0.00 sys=0.00, real=0.00 secs] 
6.868: [GC (Allocation Failure) 6.868: [DefNew: 960K->63K(960K), 0.0006580 secs] 104210K->103569K(524224K), 0.0006882 secs] [Times: user=0.00 sys=0.00, real=0.00 secs] 
6.871: [GC (Allocation Failure) 6.871: [DefNew: 959K->63K(960K), 0.0006971 secs] 104509K->103849K(524224K), 0.0007225 secs] [Times: user=0.00 sys=0.00, real=0.00 secs] 
6.873: [GC (Allocation Failure) 6.873: [DefNew: 959K->64K(960K), 0.0006617 secs] 104790K->104117K(524224K), 0.0006845 secs] [Times: user=0.00 sys=0.00, real=0.00 secs] 
6.876: [GC (Allocation Failure) 6.876: [DefNew: 960K->63K(960K), 0.0007900 secs] 105041K->104422K(524224K), 0.0008265 secs] [Times: user=0.00 sys=0.00, real=0.00 secs] 
6.879: [GC (Allocation Failure) 6.879: [DefNew: 959K->63K(960K), 0.0006460 secs] 105360K->104694K(524224K), 0.0006737 secs] [Times: user=0.00 sys=0.00, real=0.00 secs] 
6.881: [GC (Allocation Failure) 6.881: [DefNew: 959K->63K(960K), 0.0007128 secs] 105636K->104959K(524224K), 0.0007461 secs] [Times: user=0.00 sys=0.00, real=0.00 secs] 
6.884: [GC (Allocation Failure) 6.884: [DefNew: 959K->63K(960K), 0.0007187 secs] 105876K->105274K(524224K), 0.0007512 secs] [Times: user=0.00 sys=0.00, real=0.00 secs] 
6.888: [GC (Allocation Failure) 6.888: [DefNew: 959K->63K(960K), 0.0006178 secs] 106221K->105535K(524224K), 0.0006449 secs] [Times: user=0.00 sys=0.00, real=0.00 secs] 
6.890: [GC (Allocation Failure) 6.890: [DefNew: 959K->63K(960K), 0.0006455 secs] 106476K->105808K(524224K), 0.0006734 secs] [Times: user=0.00 sys=0.00, real=0.00 secs] 
6.893: [GC (Allocation Failure) 6.893: [DefNew: 959K->64K(960K), 0.0006731 secs] 106741K->106096K(524224K), 0.0006962 secs] [Times: user=0.00 sys=0.00, real=0.00 secs] 
6.896: [GC (Allocation Failure) 6.896: [DefNew: 960K->63K(960K), 0.0007994 secs] 107018K->106408K(524224K), 0.0008362 secs] [Times: user=0.00 sys=0.00, real=0.00 secs] 
6.898: [GC (Allocation Failure) 6.898: [DefNew: 959K->63K(960K), 0.0006954 secs] 107350K->106681K(524224K), 0.0007327 secs] [Times: user=0.00 sys=0.00, real=0.00 secs] 
6.901: [GC (Allocation Failure) 6.901: [DefNew: 959K->63K(960K), 0.0007005 secs] 107616K->106970K(524224K), 0.0007264 secs] [Times: user=0.00 sys=0.00, real=0.00 secs] 
6.903: [GC (Allocation Failure) 6.903: [DefNew: 959K->63K(960K), 0.0006899 secs] 107908K->107238K(524224K), 0.0007182 secs] [Times: user=0.00 sys=0.00, real=0.00 secs] 
6.906: [GC (Allocation Failure) 6.906: [DefNew: 959K->63K(960K), 0.0008713 secs] 108176K->107516K(524224K), 0.0009180 secs] [Times: user=0.00 sys=0.00, real=0.00 secs] 
6.910: [GC (Allocation Failure) 6.910: [DefNew: 959K->64K(960K), 0.0010785 secs] 108426K->107891K(524224K), 0.0011410 secs] [Times: user=0.00 sys=0.00, real=0.00 secs] 
6.912: [GC (Allocation Failure) 6.912: [DefNew: 960K->64K(960K), 0.0008696 secs] 108813K->108202K(524224K), 0.0009092 secs] [Times: user=0.00 sys=0.00, real=0.00 secs] 
6.916: [GC (Allocation Failure) 6.916: [DefNew: 960K->64K(960K), 0.0012827 secs] 109118K->108535K(524224K), 0.0013360 secs] [Times: user=0.00 sys=0.00, real=0.00 secs] 
6.919: [GC (Allocation Failure) 6.919: [DefNew: 960K->63K(960K), 0.0007541 secs] 109473K->108805K(524224K), 0.0007798 secs] [Times: user=0.00 sys=0.00, real=0.00 secs] 
6.922: [GC (Allocation Failure) 6.922: [DefNew: 959K->64K(960K), 0.0008029 secs] 109736K->109092K(524224K), 0.0008502 secs] [Times: user=0.00 sys=0.00, real=0.00 secs] 
6.926: [GC (Allocation Failure) 6.926: [DefNew: 960K->64K(960K), 0.0008037 secs] 110009K->109410K(524224K), 0.0008436 secs] [Times: user=0.00 sys=0.00, real=0.00 secs] 
6.928: [GC (Allocation Failure) 6.928: [DefNew: 960K->63K(960K), 0.0006258 secs] 110351K->109688K(524224K), 0.0006486 secs] [Times: user=0.00 sys=0.00, real=0.00 secs] 
6.931: [GC (Allocation Failure) 6.931: [DefNew: 959K->63K(960K), 0.0008168 secs] 110625K->109964K(524224K), 0.0008627 secs] [Times: user=0.00 sys=0.00, real=0.00 secs] 
6.934: [GC (Allocation Failure) 6.934: [DefNew: 959K->63K(960K), 0.0008416 secs] 110884K->110287K(524224K), 0.0008818 secs] [Times: user=0.00 sys=0.00, real=0.00 secs] 
6.937: [GC (Allocation Failure) 6.937: [DefNew: 959K->64K(960K), 0.0008128 secs] 111220K->110568K(524224K), 0.0008488 secs] [Times: user=0.00 sys=0.00, real=0.00 secs] 
6.940: [GC (Allocation Failure) 6.940: [DefNew: 960K->64K(960K), 0.0008770 secs] 111477K->110922K(524224K), 0.0009229 secs] [Times: user=0.00 sys=0.00, real=0.00 secs] 
6.943: [GC (Allocation Failure) 6.944: [DefNew: 960K->63K(960K), 0.0008145 secs] 111856K->111206K(524224K), 0.0008430 secs] [Times: user=0.00 sys=0.00, real=0.00 secs] 
6.946: [GC (Allocation Failure) 6.946: [DefNew: 959K->63K(960K), 0.0007416 secs] 112141K->111484K(524224K), 0.0008100 secs] [Times: user=0.00 sys=0.00, real=0.00 secs] 
6.949: [GC (Allocation Failure) 6.949: [DefNew: 959K->64K(960K), 0.0007062 secs] 112416K->111767K(524224K), 0.0007393 secs] [Times: user=0.00 sys=0.00, real=0.00 secs] 
6.952: [GC (Allocation Failure) 6.952: [DefNew: 960K->63K(960K), 0.0007427 secs] 112706K->112036K(524224K), 0.0007758 secs] [Times: user=0.00 sys=0.00, real=0.00 secs] 
6.954: [GC (Allocation Failure) 6.954: [DefNew: 959K->63K(960K), 0.0008248 secs] 112964K->112340K(524224K), 0.0008767 secs] [Times: user=0.00 sys=0.00, real=0.00 secs] 
6.958: [GC (Allocation Failure) 6.958: [DefNew: 959K->63K(960K), 0.0007364 secs] 113275K->112632K(524224K), 0.0007632 secs] [Times: user=0.00 sys=0.00, real=0.00 secs] 
6.960: [GC (Allocation Failure) 6.960: [DefNew: 959K->64K(960K), 0.0006440 secs] 113578K->112898K(524224K), 0.0006726 secs] [Times: user=0.00 sys=0.00, real=0.00 secs] 
6.963: [GC (Allocation Failure) 6.963: [DefNew: 960K->63K(960K), 0.0006942 secs] 113831K->113179K(524224K), 0.0007187 secs] [Times: user=0.00 sys=0.00, real=0.00 secs] 
6.966: [GC (Allocation Failure) 6.966: [DefNew: 959K->63K(960K), 0.0006746 secs] 114115K->113455K(524224K), 0.0006974 secs] [Times: user=0.00 sys=0.00, real=0.00 secs] 
6.968: [GC (Allocation Failure) 6.968: [DefNew: 959K->63K(960K), 0.0006851 secs] 114400K->113721K(524224K), 0.0007122 secs] [Times: user=0.00 sys=0.00, real=0.00 secs] 
6.971: [GC (Allocation Failure) 6.971: [DefNew: 959K->63K(960K), 0.0006626 secs] 114656K->114008K(524224K), 0.0006874 secs] [Times: user=0.00 sys=0.00, real=0.00 secs] 
6.974: [GC (Allocation Failure) 6.974: [DefNew: 959K->64K(960K), 0.0007053 secs] 114949K->114287K(524224K), 0.0007301 secs] [Times: user=0.00 sys=0.00, real=0.00 secs] 
6.976: [GC (Allocation Failure) 6.976: [DefNew: 960K->63K(960K), 0.0008473 secs] 115208K->114596K(524224K), 0.0008918 secs] [Times: user=0.00 sys=0.00, real=0.00 secs] 
6.979: [GC (Allocation Failure) 6.979: [DefNew: 959K->63K(960K), 0.0007641 secs] 115531K->114873K(524224K), 0.0007974 secs] [Times: user=0.00 sys=0.00, real=0.00 secs] 
6.983: [GC (Allocation Failure) 6.983: [DefNew: 959K->63K(960K), 0.0006101 secs] 115813K->115141K(524224K), 0.0006355 secs] [Times: user=0.00 sys=0.00, real=0.00 secs] 
6.985: [GC (Allocation Failure) 6.985: [DefNew: 959K->63K(960K), 0.0008393 secs] 116064K->115466K(524224K), 0.0008761 secs] [Times: user=0.00 sys=0.00, real=0.00 secs] 
6.988: [GC (Allocation Failure) 6.988: [DefNew: 959K->63K(960K), 0.0007994 secs] 116390K->115767K(524224K), 0.0008331 secs] [Times: user=0.00 sys=0.00, real=0.00 secs] 
6.990: [GC (Allocation Failure) 6.990: [DefNew: 959K->64K(960K), 0.0006808 secs] 116711K->116036K(524224K), 0.0007042 secs] [Times: user=0.00 sys=0.00, real=0.00 secs] 
6.993: [GC (Allocation Failure) 6.993: [DefNew: 960K->63K(960K), 0.0007396 secs] 116976K->116321K(524224K), 0.0007741 secs] [Times: user=0.00 sys=0.00, real=0.00 secs] 
6.996: [GC (Allocation Failure) 6.996: [DefNew: 959K->63K(960K), 0.0006289 secs] 117264K->116595K(524224K), 0.0006546 secs] [Times: user=0.00 sys=0.00, real=0.00 secs] 
6.998: [GC (Allocation Failure) 6.998: [DefNew: 959K->63K(960K), 0.0006851 secs] 117535K->116861K(524224K), 0.0007079 secs] [Times: user=0.00 sys=0.00, real=0.00 secs] 
7.001: [GC (Allocation Failure) 7.001: [DefNew: 959K->64K(960K), 0.0008462 secs] 117775K->117189K(524224K), 0.0008909 secs] [Times: user=0.00 sys=0.00, real=0.00 secs] 
7.005: [GC (Allocation Failure) 7.005: [DefNew: 960K->63K(960K), 0.0007601 secs] 118130K->117461K(524224K), 0.0007883 secs] [Times: user=0.00 sys=0.00, real=0.00 secs] 
7.007: [GC (Allocation Failure) 7.007: [DefNew: 959K->63K(960K), 0.0006024 secs] 118408K->117723K(524224K), 0.0006249 secs] [Times: user=0.00 sys=0.00, real=0.00 secs] 
7.010: [GC (Allocation Failure) 7.010: [DefNew: 959K->63K(960K), 0.0009100 secs] 118632K->118056K(524224K), 0.0009645 secs] [Times: user=0.00 sys=0.00, real=0.00 secs] 
7.013: [GC (Allocation Failure) 7.013: [DefNew: 959K->63K(960K), 0.0008428 secs] 118969K->118368K(524224K), 0.0008872 secs] [Times: user=0.00 sys=0.00, real=0.00 secs] 
7.016: [GC (Allocation Failure) 7.016: [DefNew: 959K->63K(960K), 0.0013485 secs] 119292K->118715K(524224K), 0.0013919 secs] [Times: user=0.00 sys=0.00, real=0.00 secs] 
7.020: [GC (Allocation Failure) 7.020: [DefNew: 959K->64K(960K), 0.0008288 secs] 119633K->119026K(524224K), 0.0008687 secs] [Times: user=0.00 sys=0.00, real=0.00 secs] 
7.022: [GC (Allocation Failure) 7.022: [DefNew: 960K->63K(960K), 0.0006908 secs] 119967K->119297K(524224K), 0.0007193 secs] [Times: user=0.00 sys=0.00, real=0.00 secs] 
7.025: [GC (Allocation Failure) 7.025: [DefNew: 959K->63K(960K), 0.0005813 secs] 120236K->119566K(524224K), 0.0006044 secs] [Times: user=0.00 sys=0.00, real=0.00 secs] 
7.028: [GC (Allocation Failure) 7.028: [DefNew: 959K->63K(960K), 0.0007110 secs] 120500K->119846K(524224K), 0.0007435 secs] [Times: user=0.00 sys=0.00, real=0.00 secs] 
7.030: [GC (Allocation Failure) 7.030: [DefNew: 959K->63K(960K), 0.0006466 secs] 120787K->120114K(524224K), 0.0006683 secs] [Times: user=0.00 sys=0.00, real=0.00 secs] 
7.033: [GC (Allocation Failure) 7.033: [DefNew: 959K->63K(960K), 0.0008311 secs] 121042K->120412K(524224K), 0.0008801 secs] [Times: user=0.00 sys=0.00, real=0.00 secs] 
7.036: [GC (Allocation Failure) 7.036: [DefNew: 959K->63K(960K), 0.0008647 secs] 121329K->120745K(524224K), 0.0009029 secs] [Times: user=0.00 sys=0.00, real=0.00 secs] 
7.038: [GC (Allocation Failure) 7.038: [DefNew: 959K->63K(960K), 0.0007267 secs] 121682K->121019K(524224K), 0.0007621 secs] [Times: user=0.00 sys=0.00, real=0.00 secs] 
7.042: [GC (Allocation Failure) 7.042: [DefNew: 959K->64K(960K), 0.0006124 secs] 121965K->121282K(524224K), 0.0006412 secs] [Times: user=0.00 sys=0.00, real=0.00 secs] 
7.045: [GC (Allocation Failure) 7.045: [DefNew: 960K->63K(960K), 0.0007424 secs] 122208K->121582K(524224K), 0.0007758 secs] [Times: user=0.00 sys=0.00, real=0.00 secs] 
7.047: [GC (Allocation Failure) 7.047: [DefNew: 959K->63K(960K), 0.0006763 secs] 122523K->121844K(524224K), 0.0007014 secs] [Times: user=0.00 sys=0.00, real=0.00 secs] 
7.050: [GC (Allocation Failure) 7.050: [DefNew: 959K->63K(960K), 0.0009819 secs] 122758K->122170K(524224K), 0.0010287 secs] [Times: user=0.00 sys=0.00, real=0.00 secs] 
7.052: [GC (Allocation Failure) 7.052: [DefNew: 959K->64K(960K), 0.0008408 secs] 123096K->122485K(524224K), 0.0008784 secs] [Times: user=0.00 sys=0.00, real=0.00 secs] 
7.056: [GC (Allocation Failure) 7.056: [DefNew: 960K->64K(960K), 0.0007561 secs] 123417K->122767K(524224K), 0.0007823 secs] [Times: user=0.00 sys=0.00, real=0.00 secs] 
7.059: [GC (Allocation Failure) 7.059: [DefNew: 960K->63K(960K), 0.0007170 secs] 123705K->123038K(524224K), 0.0007495 secs] [Times: user=0.00 sys=0.00, real=0.00 secs] 
7.061: [GC (Allocation Failure) 7.061: [DefNew: 959K->64K(960K), 0.0007256 secs] 123972K->123326K(524224K), 0.0007521 secs] [Times: user=0.00 sys=0.00, real=0.00 secs] 
7.064: [GC (Allocation Failure) 7.064: [DefNew: 960K->64K(960K), 0.0008325 secs] 124243K->123637K(524224K), 0.0008690 secs] [Times: user=0.00 sys=0.00, real=0.00 secs] 
7.067: [GC (Allocation Failure) 7.067: [DefNew: 960K->64K(960K), 0.0008259 secs] 124573K->123926K(524224K), 0.0008604 secs] [Times: user=0.00 sys=0.00, real=0.00 secs] 
7.069: [GC (Allocation Failure) 7.069: [DefNew: 960K->63K(960K), 0.0007219 secs] 124858K->124210K(524224K), 0.0007547 secs] [Times: user=0.00 sys=0.00, real=0.00 secs] 
7.072: [GC (Allocation Failure) 7.072: [DefNew: 959K->63K(960K), 0.0006825 secs] 125153K->124482K(524224K), 0.0007096 secs] [Times: user=0.00 sys=0.00, real=0.00 secs] 
7.074: [GC (Allocation Failure) 7.074: [DefNew: 959K->63K(960K), 0.0007863 secs] 125415K->124774K(524224K), 0.0008188 secs] [Times: user=0.00 sys=0.00, real=0.00 secs] 
7.078: [GC (Allocation Failure) 7.078: [DefNew: 959K->63K(960K), 0.0007407 secs] 125709K->125051K(524224K), 0.0007729 secs] [Times: user=0.00 sys=0.00, real=0.00 secs] 
7.081: [GC (Allocation Failure) 7.081: [DefNew: 959K->63K(960K), 0.0006580 secs] 125992K->125318K(524224K), 0.0006808 secs] [Times: user=0.00 sys=0.00, real=0.00 secs] 
7.083: [GC (Allocation Failure) 7.083: [DefNew: 959K->64K(960K), 0.0007470 secs] 126244K->125614K(524224K), 0.0007795 secs] [Times: user=0.00 sys=0.00, real=0.00 secs] 
7.086: [GC (Allocation Failure) 7.086: [DefNew: 960K->63K(960K), 0.0008125 secs] 126532K->125936K(524224K), 0.0008522 secs] [Times: user=0.00 sys=0.00, real=0.00 secs] 
7.089: [GC (Allocation Failure) 7.089: [DefNew: 959K->63K(960K), 0.0007327 secs] 126879K->126202K(524224K), 0.0007627 secs] [Times: user=0.00 sys=0.00, real=0.00 secs] 
7.091: [GC (Allocation Failure) 7.091: [DefNew: 959K->64K(960K), 0.0005833 secs] 127153K->126456K(524224K), 0.0006033 secs] [Times: user=0.00 sys=0.00, real=0.00 secs] 
7.094: [GC (Allocation Failure) 7.094: [DefNew: 960K->64K(960K), 0.0007219 secs] 127385K->126747K(524224K), 0.0007532 secs] [Times: user=0.00 sys=0.00, real=0.00 secs] 
7.097: [GC (Allocation Failure) 7.097: [DefNew: 960K->63K(960K), 0.0006686 secs] 127687K->127021K(524224K), 0.0006937 secs] [Times: user=0.00 sys=0.00, real=0.00 secs] 
7.099: [GC (Allocation Failure) 7.099: [DefNew: 959K->64K(960K), 0.0008787 secs] 127949K->127312K(524224K), 0.0009306 secs] [Times: user=0.00 sys=0.00, real=0.00 secs] 
7.103: [GC (Allocation Failure) 7.103: [DefNew: 960K->63K(960K), 0.0008733 secs] 128225K->127663K(524224K), 0.0009086 secs] [Times: user=0.00 sys=0.00, real=0.00 secs] 
7.105: [GC (Allocation Failure) 7.105: [DefNew: 959K->64K(960K), 0.0007769 secs] 128600K->127942K(524224K), 0.0008100 secs] [Times: user=0.00 sys=0.00, real=0.00 secs] 
7.107: [GC (Allocation Failure) 7.107: [DefNew: 960K->63K(960K), 0.0006552 secs] 128884K->128212K(524224K), 0.0006783 secs] [Times: user=0.00 sys=0.00, real=0.00 secs] 
7.110: [GC (Allocation Failure) 7.110: [DefNew: 959K->63K(960K), 0.0008391 secs] 129132K->128524K(524224K), 0.0008898 secs] [Times: user=0.00 sys=0.00, real=0.00 secs] 
7.113: [GC (Allocation Failure) 7.113: [DefNew: 959K->63K(960K), 0.0007723 secs] 129453K->128819K(524224K), 0.0008080 secs] [Times: user=0.00 sys=0.00, real=0.00 secs] 
7.116: [GC (Allocation Failure) 7.116: [DefNew: 959K->63K(960K), 0.0006740 secs] 129762K->129082K(524224K), 0.0007042 secs] [Times: user=0.00 sys=0.00, real=0.00 secs] 
7.119: [GC (Allocation Failure) 7.119: [DefNew: 959K->63K(960K), 0.0006706 secs] 130016K->129358K(524224K), 0.0006945 secs] [Times: user=0.00 sys=0.00, real=0.00 secs] 
7.121: [GC (Allocation Failure) 7.121: [DefNew: 959K->63K(960K), 0.0006326 secs] 130299K->129629K(524224K), 0.0006543 secs] [Times: user=0.00 sys=0.00, real=0.00 secs] 
7.124: [GC (Allocation Failure) 7.124: [DefNew: 959K->64K(960K), 0.0007464 secs] 130565K->129916K(524224K), 0.0007763 secs] [Times: user=0.00 sys=0.00, real=0.00 secs] 
7.127: [GC (Allocation Failure) 7.127: [DefNew: 960K->63K(960K), 0.0008091 secs] 130844K->130222K(524224K), 0.0008522 secs] [Times: user=0.00 sys=0.00, real=0.00 secs] 
7.129: [GC (Allocation Failure) 7.129: [DefNew: 959K->63K(960K), 0.0007601 secs] 131152K->130511K(524224K), 0.0007926 secs] [Times: user=0.00 sys=0.00, real=0.00 secs] 
7.133: [GC (Allocation Failure) 7.133: [DefNew: 959K->63K(960K), 0.0007113 secs] 131445K->130793K(524224K), 0.0007475 secs] [Times: user=0.00 sys=0.00, real=0.00 secs] 
7.135: [GC (Allocation Failure) 7.135: [DefNew: 959K->63K(960K), 0.0006572 secs] 131729K->131080K(524224K), 0.0006880 secs] [Times: user=0.00 sys=0.00, real=0.00 secs] 
7.138: [GC (Allocation Failure) 7.138: [DefNew: 959K->63K(960K), 0.0007088 secs] 132013K->131367K(524224K), 0.0007401 secs] [Times: user=0.00 sys=0.00, real=0.00 secs] 
7.141: [GC (Allocation Failure) 7.141: [DefNew: 959K->63K(960K), 0.0007179 secs] 132305K->131645K(524224K), 0.0007498 secs] [Times: user=0.00 sys=0.00, real=0.00 secs] 
7.143: [GC (Allocation Failure) 7.143: [DefNew: 959K->63K(960K), 0.0006218 secs] 132592K->131906K(524224K), 0.0006443 secs] [Times: user=0.00 sys=0.00, real=0.00 secs] 
7.146: [GC (Allocation Failure) 7.146: [DefNew: 959K->63K(960K), 0.0006734 secs] 132840K->132194K(524224K), 0.0006957 secs] [Times: user=0.00 sys=0.00, real=0.00 secs] 
7.149: [GC (Allocation Failure) 7.149: [DefNew: 959K->64K(960K), 0.0008473 secs] 133111K->132521K(524224K), 0.0008961 secs] [Times: user=0.00 sys=0.00, real=0.00 secs] 
7.151: [GC (Allocation Failure) 7.151: [DefNew: 960K->63K(960K), 0.0009009 secs] 133441K->132831K(524224K), 0.0009397 secs] [Times: user=0.00 sys=0.00, real=0.00 secs] 
7.155: [GC (Allocation Failure) 7.155: [DefNew: 959K->64K(960K), 0.0007903 secs] 133764K->133115K(524224K), 0.0008208 secs] [Times: user=0.00 sys=0.00, real=0.00 secs] 
7.158: [GC (Allocation Failure) 7.158: [DefNew: 960K->64K(960K), 0.0007852 secs] 134056K->133388K(524224K), 0.0008254 secs] [Times: user=0.00 sys=0.00, real=0.00 secs] 
7.160: [GC (Allocation Failure) 7.160: [DefNew: 960K->64K(960K), 0.0007487 secs] 134313K->133690K(524224K), 0.0007829 secs] [Times: user=0.00 sys=0.00, real=0.00 secs] 
7.163: [GC (Allocation Failure) 7.163: [DefNew: 960K->64K(960K), 0.0007219 secs] 134627K->133971K(524224K), 0.0007481 secs] [Times: user=0.00 sys=0.00, real=0.00 secs] 
7.166: [GC (Allocation Failure) 7.166: [DefNew: 960K->64K(960K), 0.0008277 secs] 134909K->134248K(524224K), 0.0008619 secs] [Times: user=0.00 sys=0.00, real=0.00 secs] 
7.168: [GC (Allocation Failure) 7.168: [DefNew: 960K->63K(960K), 0.0006908 secs] 135187K->134521K(524224K), 0.0007162 secs] [Times: user=0.00 sys=0.00, real=0.00 secs] 
7.171: [GC (Allocation Failure) 7.171: [DefNew: 959K->64K(960K), 0.0006845 secs] 135461K->134794K(524224K), 0.0007082 secs] [Times: user=0.00 sys=0.00, real=0.00 secs] 
7.174: [GC (Allocation Failure) 7.174: [DefNew: 960K->63K(960K), 0.0008944 secs] 135724K->135082K(524224K), 0.0009374 secs] [Times: user=0.00 sys=0.00, real=0.00 secs] 
7.177: [GC (Allocation Failure) 7.177: [DefNew: 959K->64K(960K), 0.0008257 secs] 136004K->135388K(524224K), 0.0008599 secs] [Times: user=0.00 sys=0.00, real=0.00 secs] 
7.180: [GC (Allocation Failure) 7.180: [DefNew: 960K->64K(960K), 0.0007321 secs] 136319K->135676K(524224K), 0.0007561 secs] [Times: user=0.00 sys=0.00, real=0.00 secs] 
7.182: [GC (Allocation Failure) 7.182: [DefNew: 960K->63K(960K), 0.0007022 secs] 136610K->135955K(524224K), 0.0007293 secs] [Times: user=0.00 sys=0.00, real=0.00 secs] 
7.185: [GC (Allocation Failure) 7.185: [DefNew: 959K->63K(960K), 0.0006332 secs] 136894K->136226K(524224K), 0.0006597 secs] [Times: user=0.00 sys=0.00, real=0.00 secs] 
7.188: [GC (Allocation Failure) 7.188: [DefNew: 959K->64K(960K), 0.0007718 secs] 137144K->136550K(524224K), 0.0008051 secs] [Times: user=0.00 sys=0.00, real=0.00 secs] 
7.191: [GC (Allocation Failure) 7.191: [DefNew: 960K->63K(960K), 0.0007464 secs] 137486K->136828K(524224K), 0.0007778 secs] [Times: user=0.00 sys=0.00, real=0.00 secs] 
7.194: [GC (Allocation Failure) 7.194: [DefNew: 959K->64K(960K), 0.0006081 secs] 137767K->137106K(524224K), 0.0006312 secs] [Times: user=0.00 sys=0.00, real=0.00 secs] 
7.197: [GC (Allocation Failure) 7.197: [DefNew: 960K->63K(960K), 0.0006443 secs] 138047K->137373K(524224K), 0.0006660 secs] [Times: user=0.00 sys=0.00, real=0.00 secs] 
7.199: [GC (Allocation Failure) 7.199: [DefNew: 959K->63K(960K), 0.0007110 secs] 138310K->137651K(524224K), 0.0007435 secs] [Times: user=0.00 sys=0.00, real=0.00 secs] 
7.202: [GC (Allocation Failure) 7.202: [DefNew: 959K->63K(960K), 0.0006472 secs] 138585K->137936K(524224K), 0.0006720 secs] [Times: user=0.00 sys=0.00, real=0.00 secs] 
7.204: [GC (Allocation Failure) 7.204: [DefNew: 959K->64K(960K), 0.0007299 secs] 138857K->138244K(524224K), 0.0007572 secs] [Times: user=0.00 sys=0.00, real=0.00 secs] 
7.206: [GC (Allocation Failure) 7.206: [DefNew: 960K->63K(960K), 0.0008128 secs] 139191K->138501K(524224K), 0.0008476 secs] [Times: user=0.00 sys=0.00, real=0.00 secs] 
7.209: [GC (Allocation Failure) 7.209: [DefNew: 959K->64K(960K), 0.0008622 secs] 139422K->138809K(524224K), 0.0009140 secs] [Times: user=0.00 sys=0.00, real=0.00 secs] 
7.211: [GC (Allocation Failure) 7.211: [DefNew: 960K->63K(960K), 0.0008051 secs] 139727K->139118K(524224K), 0.0008425 secs] [Times: user=0.00 sys=0.00, real=0.00 secs] 
7.215: [GC (Allocation Failure) 7.215: [DefNew: 959K->63K(960K), 0.0006053 secs] 140057K->139391K(524224K), 0.0006344 secs] [Times: user=0.00 sys=0.00, real=0.00 secs] 
7.218: [GC (Allocation Failure) 7.218: [DefNew: 959K->64K(960K), 0.0007703 secs] 140322K->139679K(524224K), 0.0008091 secs] [Times: user=0.00 sys=0.00, real=0.00 secs] 
7.220: [GC (Allocation Failure) 7.220: [DefNew: 960K->63K(960K), 0.0006369 secs] 140618K->139954K(524224K), 0.0006671 secs] [Times: user=0.00 sys=0.00, real=0.00 secs] 
7.223: [GC (Allocation Failure) 7.223: [DefNew: 959K->63K(960K), 0.0008949 secs] 140875K->140263K(524224K), 0.0009377 secs] [Times: user=0.00 sys=0.00, real=0.00 secs] 
7.225: [GC (Allocation Failure) 7.225: [DefNew: 959K->63K(960K), 0.0007977 secs] 141189K->140558K(524224K), 0.0008322 secs] [Times: user=0.00 sys=0.00, real=0.00 secs] 
7.227: [GC (Allocation Failure) 7.227: [DefNew: 959K->63K(960K), 0.0006743 secs] 141495K->140836K(524224K), 0.0006988 secs] [Times: user=0.00 sys=0.00, real=0.00 secs] 
7.230: [GC (Allocation Failure) 7.230: [DefNew: 959K->63K(960K), 0.0007470 secs] 141766K->141129K(524224K), 0.0007826 secs] [Times: user=0.00 sys=0.00, real=0.00 secs] 
7.233: [GC (Allocation Failure) 7.233: [DefNew: 959K->64K(960K), 0.0012334 secs] 142047K->141470K(524224K), 0.0012827 secs] [Times: user=0.00 sys=0.00, real=0.00 secs] 
7.236: [GC (Allocation Failure) 7.236: [DefNew: 960K->63K(960K), 0.0009870 secs] 142386K->141782K(524224K), 0.0010332 secs] [Times: user=0.00 sys=0.00, real=0.00 secs] 
7.240: [GC (Allocation Failure) 7.240: [DefNew: 959K->63K(960K), 0.0008844 secs] 142708K->142075K(524224K), 0.0009180 secs] [Times: user=0.00 sys=0.00, real=0.00 secs] 
7.242: [GC (Allocation Failure) 7.242: [DefNew: 959K->63K(960K), 0.0007883 secs] 143009K->142365K(524224K), 0.0008254 secs] [Times: user=0.00 sys=0.00, real=0.00 secs] 
7.245: [GC (Allocation Failure) 7.245: [DefNew: 959K->63K(960K), 0.0006398 secs] 143310K->142641K(524224K), 0.0006629 secs] [Times: user=0.00 sys=0.00, real=0.00 secs] 
7.248: [GC (Allocation Failure) 7.248: [DefNew: 959K->63K(960K), 0.0007917 secs] 143584K->142903K(524224K), 0.0008331 secs] [Times: user=0.00 sys=0.00, real=0.00 secs] 
7.251: [GC (Allocation Failure) 7.251: [DefNew: 959K->63K(960K), 0.0007493 secs] 143817K->143217K(524224K), 0.0007954 secs] [Times: user=0.00 sys=0.00, real=0.00 secs] 
7.255: [GC (Allocation Failure) 7.255: [DefNew: 959K->63K(960K), 0.0006899 secs] 144153K->143503K(524224K), 0.0007159 secs] [Times: user=0.00 sys=0.00, real=0.00 secs] 
7.257: [GC (Allocation Failure) 7.257: [DefNew: 959K->63K(960K), 0.0007202 secs] 144439K->143777K(524224K), 0.0007541 secs] [Times: user=0.00 sys=0.00, real=0.00 secs] 
7.260: [GC (Allocation Failure) 7.260: [DefNew: 959K->64K(960K), 0.0006566 secs] 144719K->144046K(524224K), 0.0006814 secs] [Times: user=0.00 sys=0.00, real=0.00 secs] 
7.263: [GC (Allocation Failure) 7.263: [DefNew: 960K->63K(960K), 0.0007028 secs] 144983K->144329K(524224K), 0.0007264 secs] [Times: user=0.00 sys=0.00, real=0.00 secs] 
7.265: [GC (Allocation Failure) 7.265: [DefNew: 959K->63K(960K), 0.0008048 secs] 145264K->144607K(524224K), 0.0008507 secs] [Times: user=0.00 sys=0.00, real=0.00 secs] 
7.268: [GC (Allocation Failure) 7.268: [DefNew: 959K->63K(960K), 0.0007569 secs] 145536K->144902K(524224K), 0.0007889 secs] [Times: user=0.00 sys=0.00, real=0.00 secs] 
7.271: [GC (Allocation Failure) 7.271: [DefNew: 959K->64K(960K), 0.0006198 secs] 145853K->145165K(524224K), 0.0006426 secs] [Times: user=0.00 sys=0.00, real=0.00 secs] 
7.273: [GC (Allocation Failure) 7.273: [DefNew: 960K->63K(960K), 0.0007387 secs] 146101K->145445K(524224K), 0.0007706 secs] [Times: user=0.00 sys=0.00, real=0.00 secs] 
7.276: [GC (Allocation Failure) 7.276: [DefNew: 959K->63K(960K), 0.0006529 secs] 146384K->145718K(524224K), 0.0006765 secs] [Times: user=0.00 sys=0.00, real=0.00 secs] 
7.279: [GC (Allocation Failure) 7.279: [DefNew: 959K->64K(960K), 0.0007139 secs] 146659K->145994K(524224K), 0.0007401 secs] [Times: user=0.00 sys=0.00, real=0.00 secs] 
7.281: [GC (Allocation Failure) 7.281: [DefNew: 960K->63K(960K), 0.0007327 secs] 146926K->146282K(524224K), 0.0007601 secs] [Times: user=0.00 sys=0.00, real=0.00 secs] 
7.285: [GC (Allocation Failure) 7.285: [DefNew: 959K->63K(960K), 0.0006979 secs] 147219K->146556K(524224K), 0.0007242 secs] [Times: user=0.00 sys=0.00, real=0.00 secs] 
7.287: [GC (Allocation Failure) 7.287: [DefNew: 959K->63K(960K), 0.0008174 secs] 147484K->146855K(524224K), 0.0008579 secs] [Times: user=0.00 sys=0.00, real=0.00 secs] 
7.290: [GC (Allocation Failure) 7.290: [DefNew: 959K->63K(960K), 0.0007524 secs] 147785K->147146K(524224K), 0.0007909 secs] [Times: user=0.00 sys=0.00, real=0.00 secs] 
7.293: [GC (Allocation Failure) 7.293: [DefNew: 959K->63K(960K), 0.0006563 secs] 148088K->147415K(524224K), 0.0006811 secs] [Times: user=0.00 sys=0.00, real=0.00 secs] 
7.295: [GC (Allocation Failure) 7.295: [DefNew: 959K->64K(960K), 0.0006364 secs] 148361K->147680K(524224K), 0.0006589 secs] [Times: user=0.00 sys=0.00, real=0.00 secs] 
7.298: [GC (Allocation Failure) 7.298: [DefNew: 960K->63K(960K), 0.0007336 secs] 148609K->147976K(524224K), 0.0007672 secs] [Times: user=0.00 sys=0.00, real=0.00 secs] 
7.301: [GC (Allocation Failure) 7.301: [DefNew: 959K->63K(960K), 0.0006574 secs] 148919K->148241K(524224K), 0.0006825 secs] [Times: user=0.00 sys=0.00, real=0.00 secs] 
7.303: [GC (Allocation Failure) 7.303: [DefNew: 959K->63K(960K), 0.0006597 secs] 149182K->148507K(524224K), 0.0006842 secs] [Times: user=0.00 sys=0.00, real=0.00 secs] 
7.306: [GC (Allocation Failure) 7.306: [DefNew: 959K->63K(960K), 0.0008761 secs] 149422K->148821K(524224K), 0.0009294 secs] [Times: user=0.00 sys=0.00, real=0.00 secs] 
7.310: [GC (Allocation Failure) 7.310: [DefNew: 959K->64K(960K), 0.0010592 secs] 149755K->149113K(524224K), 0.0011165 secs] [Times: user=0.00 sys=0.00, real=0.00 secs] 
7.312: [GC (Allocation Failure) 7.312: [DefNew: 960K->64K(960K), 0.0008006 secs] 150032K->149420K(524224K), 0.0008359 secs] [Times: user=0.00 sys=0.00, real=0.00 secs] 
7.315: [GC (Allocation Failure) 7.315: [DefNew: 960K->63K(960K), 0.0010609 secs] 150344K->149731K(524224K), 0.0011068 secs] [Times: user=0.00 sys=0.00, real=0.00 secs] 
7.318: [GC (Allocation Failure) 7.318: [DefNew: 959K->64K(960K), 0.0008402 secs] 150651K->150061K(524224K), 0.0008724 secs] [Times: user=0.00 sys=0.00, real=0.00 secs] 
7.321: [GC (Allocation Failure) 7.321: [DefNew: 960K->64K(960K), 0.0007826 secs] 150987K->150358K(524224K), 0.0008111 secs] [Times: user=0.00 sys=0.00, real=0.00 secs] 
7.324: [GC (Allocation Failure) 7.324: [DefNew: 960K->64K(960K), 0.0006751 secs] 151296K->150634K(524224K), 0.0007022 secs] [Times: user=0.00 sys=0.00, real=0.00 secs] 
7.326: [GC (Allocation Failure) 7.326: [DefNew: 960K->63K(960K), 0.0006640 secs] 151576K->150899K(524224K), 0.0006908 secs] [Times: user=0.00 sys=0.00, real=0.00 secs] 
7.329: [GC (Allocation Failure) 7.329: [DefNew: 959K->64K(960K), 0.0007550 secs] 151822K->151201K(524224K), 0.0007897 secs] [Times: user=0.00 sys=0.00, real=0.00 secs] 
7.333: [GC (Allocation Failure) 7.333: [DefNew: 960K->63K(960K), 0.0007892 secs] 152138K->151494K(524224K), 0.0008376 secs] [Times: user=0.00 sys=0.00, real=0.00 secs] 
7.335: [GC (Allocation Failure) 7.335: [DefNew: 959K->63K(960K), 0.0008066 secs] 152423K->151785K(524224K), 0.0008430 secs] [Times: user=0.00 sys=0.00, real=0.00 secs] 
7.339: [GC (Allocation Failure) 7.339: [DefNew: 959K->64K(960K), 0.0007036 secs] 152714K->152086K(524224K), 0.0007327 secs] [Times: user=0.00 sys=0.00, real=0.00 secs] 
7.342: [GC (Allocation Failure) 7.342: [DefNew: 960K->63K(960K), 0.0007356 secs] 153025K->152356K(524224K), 0.0007678 secs] [Times: user=0.00 sys=0.00, real=0.00 secs] 
7.344: [GC (Allocation Failure) 7.344: [DefNew: 959K->64K(960K), 0.0006788 secs] 153298K->152621K(524224K), 0.0007025 secs] [Times: user=0.00 sys=0.00, real=0.00 secs] 
7.347: [GC (Allocation Failure) 7.347: [DefNew: 960K->64K(960K), 0.0008490 secs] 153532K->152987K(524224K), 0.0008995 secs] [Times: user=0.00 sys=0.00, real=0.00 secs] 
7.350: [GC (Allocation Failure) 7.350: [DefNew: 960K->63K(960K), 0.0009691 secs] 153909K->153356K(524224K), 0.0010113 secs] [Times: user=0.00 sys=0.00, real=0.00 secs] 
7.353: [GC (Allocation Failure) 7.353: [DefNew: 959K->64K(960K), 0.0009098 secs] 154288K->153636K(524224K), 0.0009397 secs] [Times: user=0.00 sys=0.00, real=0.00 secs] 
7.357: [GC (Allocation Failure) 7.357: [DefNew: 960K->63K(960K), 0.0008354 secs] 154561K->153937K(524224K), 0.0008684 secs] [Times: user=0.00 sys=0.00, real=0.00 secs] 
7.359: [GC (Allocation Failure) 7.359: [DefNew: 959K->63K(960K), 0.0007732 secs] 154873K->154214K(524224K), 0.0008017 secs] [Times: user=0.00 sys=0.00, real=0.00 secs] 
7.362: [GC (Allocation Failure) 7.362: [DefNew: 959K->63K(960K), 0.0007165 secs] 155157K->154480K(524224K), 0.0007467 secs] [Times: user=0.00 sys=0.00, real=0.00 secs] 
7.365: [GC (Allocation Failure) 7.365: [DefNew: 959K->63K(960K), 0.0008884 secs] 155394K->154816K(524224K), 0.0009311 secs] [Times: user=0.00 sys=0.00, real=0.00 secs] 
7.367: [GC (Allocation Failure) 7.367: [DefNew: 959K->64K(960K), 0.0008830 secs] 155742K->155116K(524224K), 0.0009195 secs] [Times: user=0.00 sys=0.00, real=0.00 secs] 
7.371: [GC (Allocation Failure) 7.371: [DefNew: 960K->64K(960K), 0.0008365 secs] 156049K->155400K(524224K), 0.0008681 secs] [Times: user=0.00 sys=0.00, real=0.00 secs] 
7.373: [GC (Allocation Failure) 7.373: [DefNew: 960K->63K(960K), 0.0007413 secs] 156334K->155681K(524224K), 0.0007664 secs] [Times: user=0.00 sys=0.00, real=0.00 secs] 
7.375: [GC (Allocation Failure) 7.375: [DefNew: 959K->63K(960K), 0.0006651 secs] 156617K->155965K(524224K), 0.0006908 secs] [Times: user=0.00 sys=0.00, real=0.00 secs] 
7.378: [GC (Allocation Failure) 7.378: [DefNew: 959K->64K(960K), 0.0008855 secs] 156889K->156270K(524224K), 0.0009337 secs] [Times: user=0.00 sys=0.00, real=0.00 secs] 
7.380: [GC (Allocation Failure) 7.380: [DefNew: 960K->64K(960K), 0.0008143 secs] 157190K->156578K(524224K), 0.0008436 secs] [Times: user=0.00 sys=0.00, real=0.00 secs] 
7.384: [GC (Allocation Failure) 7.384: [DefNew: 960K->63K(960K), 0.0011487 secs] 157494K->157085K(524224K), 0.0011914 secs] [Times: user=0.00 sys=0.00, real=0.00 secs] 
7.388: [GC (Allocation Failure) 7.388: [DefNew: 959K->64K(960K), 0.0010666 secs] 158007K->157391K(524224K), 0.0011031 secs] [Times: user=0.00 sys=0.00, real=0.00 secs] 
7.390: [GC (Allocation Failure) 7.390: [DefNew: 960K->64K(960K), 0.0008257 secs] 158325K->157674K(524224K), 0.0008613 secs] [Times: user=0.00 sys=0.00, real=0.00 secs] 
7.394: [GC (Allocation Failure) 7.394: [DefNew: 960K->63K(960K), 0.0008083 secs] 158609K->157958K(524224K), 0.0008399 secs] [Times: user=0.00 sys=0.00, real=0.00 secs] 
7.396: [GC (Allocation Failure) 7.396: [DefNew: 959K->63K(960K), 0.0007495 secs] 158892K->158240K(524224K), 0.0007741 secs] [Times: user=0.00 sys=0.00, real=0.00 secs] 
7.398: [GC (Allocation Failure) 7.398: [DefNew: 959K->63K(960K), 0.0007262 secs] 159177K->158519K(524224K), 0.0007493 secs] [Times: user=0.00 sys=0.00, real=0.00 secs] 
7.401: [GC (Allocation Failure) 7.401: [DefNew: 959K->64K(960K), 0.0008793 secs] 159425K->158876K(524224K), 0.0009240 secs] [Times: user=0.00 sys=0.00, real=0.00 secs] 
7.404: [GC (Allocation Failure) 7.404: [DefNew: 960K->63K(960K), 0.0008790 secs] 159798K->159166K(524224K), 0.0009106 secs] [Times: user=0.00 sys=0.00, real=0.00 secs] 
7.407: [GC (Allocation Failure) 7.407: [DefNew: 959K->64K(960K), 0.0008217 secs] 160094K->159454K(524224K), 0.0008505 secs] [Times: user=0.00 sys=0.00, real=0.00 secs] 
7.410: [GC (Allocation Failure) 7.410: [DefNew: 960K->63K(960K), 0.0011404 secs] 160364K->159816K(524224K), 0.0011986 secs] [Times: user=0.00 sys=0.00, real=0.00 secs] 
7.413: [GC (Allocation Failure) 7.413: [DefNew: 959K->64K(960K), 0.0010038 secs] 160725K->160164K(524224K), 0.0010509 secs] [Times: user=0.00 sys=0.00, real=0.00 secs] 
7.417: [GC (Allocation Failure) 7.417: [DefNew: 960K->63K(960K), 0.0008747 secs] 161091K->160458K(524224K), 0.0009092 secs] [Times: user=0.00 sys=0.00, real=0.00 secs] 
7.419: [GC (Allocation Failure) 7.419: [DefNew: 959K->63K(960K), 0.0008527 secs] 161384K->160752K(524224K), 0.0008898 secs] [Times: user=0.00 sys=0.00, real=0.00 secs] 
7.422: [GC (Allocation Failure) 7.422: [DefNew: 959K->63K(960K), 0.0008029 secs] 161685K->161041K(524224K), 0.0008297 secs] [Times: user=0.00 sys=0.00, real=0.00 secs] 
7.425: [GC (Allocation Failure) 7.425: [DefNew: 959K->64K(960K), 0.0006942 secs] 161980K->161317K(524224K), 0.0007199 secs] [Times: user=0.00 sys=0.00, real=0.00 secs] 
7.427: [GC (Allocation Failure) 7.427: [DefNew: 960K->63K(960K), 0.0007886 secs] 162244K->161611K(524224K), 0.0008214 secs] [Times: user=0.00 sys=0.00, real=0.00 secs] 
7.431: [GC (Allocation Failure) 7.431: [DefNew: 959K->63K(960K), 0.0007823 secs] 162551K->161884K(524224K), 0.0008148 secs] [Times: user=0.00 sys=0.00, real=0.00 secs] 
7.434: [GC (Allocation Failure) 7.434: [DefNew: 959K->64K(960K), 0.0011761 secs] 162806K->162415K(524224K), 0.0012208 secs] [Times: user=0.00 sys=0.00, real=0.00 secs] 
7.437: [GC (Allocation Failure) 7.437: [DefNew: 960K->64K(960K), 0.0010535 secs] 163341K->162711K(524224K), 0.0010908 secs] [Times: user=0.00 sys=0.00, real=0.00 secs] 
7.441: [GC (Allocation Failure) 7.441: [DefNew: 960K->64K(960K), 0.0009289 secs] 163621K->163067K(524224K), 0.0009648 secs] [Times: user=0.00 sys=0.00, real=0.00 secs] 
7.443: [GC (Allocation Failure) 7.443: [DefNew: 960K->63K(960K), 0.0008941 secs] 163990K->163366K(524224K), 0.0009331 secs] [Times: user=0.00 sys=0.00, real=0.00 secs] 
7.446: [GC (Allocation Failure) 7.446: [DefNew: 959K->63K(960K), 0.0008066 secs] 164293K->163668K(524224K), 0.0008342 secs] [Times: user=0.00 sys=0.00, real=0.00 secs] 
7.449: [GC (Allocation Failure) 7.449: [DefNew: 959K->64K(960K), 0.0007353 secs] 164609K->163940K(524224K), 0.0007646 secs] [Times: user=0.00 sys=0.00, real=0.00 secs] 
7.451: [GC (Allocation Failure) 7.451: [DefNew: 960K->63K(960K), 0.0007473 secs] 164874K->164219K(524224K), 0.0007761 secs] [Times: user=0.00 sys=0.00, real=0.00 secs] 
7.455: [GC (Allocation Failure) 7.455: [DefNew: 959K->64K(960K), 0.0006674 secs] 165161K->164485K(524224K), 0.0006897 secs] [Times: user=0.00 sys=0.00, real=0.00 secs] 
7.458: [GC (Allocation Failure) 7.458: [DefNew: 960K->63K(960K), 0.0009605 secs] 165413K->164775K(524224K), 0.0010115 secs] [Times: user=0.00 sys=0.00, real=0.00 secs] 
7.461: [GC (Allocation Failure) 7.461: [DefNew: 959K->64K(960K), 0.0009192 secs] 165681K->165120K(524224K), 0.0009648 secs] [Times: user=0.00 sys=0.00, real=0.00 secs] 
7.464: [GC (Allocation Failure) 7.464: [DefNew: 960K->63K(960K), 0.0008197 secs] 166039K->165423K(524224K), 0.0008516 secs] [Times: user=0.00 sys=0.00, real=0.00 secs] 
7.466: [GC (Allocation Failure) 7.466: [DefNew: 959K->63K(960K), 0.0006649 secs] 166363K->165685K(524224K), 0.0006948 secs] [Times: user=0.00 sys=0.00, real=0.00 secs] 
7.470: [GC (Allocation Failure) 7.470: [DefNew: 959K->64K(960K), 0.0011900 secs] 166591K->166040K(524224K), 0.0012470 secs] [Times: user=0.00 sys=0.00, real=0.00 secs] 
7.473: [GC (Allocation Failure) 7.473: [DefNew: 960K->64K(960K), 0.0008832 secs] 166958K->166322K(524224K), 0.0009186 secs] [Times: user=0.00 sys=0.00, real=0.00 secs] 
7.476: [GC (Allocation Failure) 7.476: [DefNew: 960K->64K(960K), 0.0007837 secs] 167254K->166602K(524224K), 0.0008117 secs] [Times: user=0.00 sys=0.00, real=0.00 secs] 
7.479: [GC (Allocation Failure) 7.479: [DefNew: 960K->64K(960K), 0.0006637 secs] 167536K->166873K(524224K), 0.0006899 secs] [Times: user=0.00 sys=0.00, real=0.00 secs] 
7.481: [GC (Allocation Failure) 7.481: [DefNew: 960K->64K(960K), 0.0007182 secs] 167812K->167152K(524224K), 0.0007461 secs] [Times: user=0.00 sys=0.00, real=0.00 secs] 
7.484: [GC (Allocation Failure) 7.484: [DefNew: 960K->63K(960K), 0.0006708 secs] 168098K->167412K(524224K), 0.0006962 secs] [Times: user=0.00 sys=0.00, real=0.00 secs] 
7.487: [GC (Allocation Failure) 7.487: [DefNew: 959K->63K(960K), 0.0007971 secs] 168355K->167676K(524224K), 0.0008308 secs] [Times: user=0.00 sys=0.00, real=0.00 secs] 
7.489: [GC (Allocation Failure) 7.489: [DefNew: 959K->63K(960K), 0.0009089 secs] 168590K->168010K(524224K), 0.0009491 secs] [Times: user=0.00 sys=0.00, real=0.00 secs] 
7.493: [GC (Allocation Failure) 7.493: [DefNew: 959K->63K(960K), 0.0009001 secs] 168926K->168334K(524224K), 0.0009386 secs] [Times: user=0.00 sys=0.00, real=0.00 secs] 
7.496: [GC (Allocation Failure) 7.496: [DefNew: 959K->63K(960K), 0.0007430 secs] 169272K->168618K(524224K), 0.0007678 secs] [Times: user=0.00 sys=0.00, real=0.00 secs] 
7.498: [GC (Allocation Failure) 7.498: [DefNew: 959K->64K(960K), 0.0006660 secs] 169560K->168888K(524224K), 0.0006922 secs] [Times: user=0.00 sys=0.00, real=0.00 secs] 
7.501: [GC (Allocation Failure) 7.501: [DefNew: 960K->63K(960K), 0.0007290 secs] 169820K->169176K(524224K), 0.0007581 secs] [Times: user=0.00 sys=0.00, real=0.00 secs] 
7.504: [GC (Allocation Failure) 7.504: [DefNew: 959K->63K(960K), 0.0007792 secs] 170098K->169481K(524224K), 0.0008177 secs] [Times: user=0.00 sys=0.00, real=0.00 secs] 
7.506: [GC (Allocation Failure) 7.506: [DefNew: 959K->63K(960K), 0.0007475 secs] 170411K->169771K(524224K), 0.0007792 secs] [Times: user=0.00 sys=0.00, real=0.00 secs] 
7.509: [GC (Allocation Failure) 7.509: [DefNew: 959K->63K(960K), 0.0008074 secs] 170692K->170074K(524224K), 0.0008430 secs] [Times: user=0.00 sys=0.00, real=0.00 secs] 
7.512: [GC (Allocation Failure) 7.512: [DefNew: 959K->63K(960K), 0.0009448 secs] 170986K->170406K(524224K), 0.0009956 secs] [Times: user=0.00 sys=0.00, real=0.00 secs] 
7.515: [GC (Allocation Failure) 7.515: [DefNew: 959K->63K(960K), 0.0009272 secs] 171331K->170709K(524224K), 0.0009708 secs] [Times: user=0.00 sys=0.00, real=0.00 secs] 
7.518: [GC (Allocation Failure) 7.519: [DefNew: 959K->64K(960K), 0.0008901 secs] 171623K->171030K(524224K), 0.0009266 secs] [Times: user=0.00 sys=0.00, real=0.00 secs] 
7.521: [GC (Allocation Failure) 7.521: [DefNew: 960K->63K(960K), 0.0008009 secs] 171966K->171310K(524224K), 0.0008251 secs] [Times: user=0.00 sys=0.00, real=0.00 secs] 
7.524: [GC (Allocation Failure) 7.524: [DefNew: 959K->63K(960K), 0.0007572 secs] 172245K->171592K(524224K), 0.0007960 secs] [Times: user=0.00 sys=0.00, real=0.00 secs] 
7.527: [GC (Allocation Failure) 7.527: [DefNew: 959K->64K(960K), 0.0007025 secs] 172525K->171877K(524224K), 0.0007378 secs] [Times: user=0.00 sys=0.00, real=0.00 secs] 
7.529: [GC (Allocation Failure) 7.529: [DefNew: 960K->63K(960K), 0.0007250 secs] 172809K->172160K(524224K), 0.0007504 secs] [Times: user=0.00 sys=0.00, real=0.00 secs] 
7.532: [GC (Allocation Failure) 7.532: [DefNew: 959K->63K(960K), 0.0015387 secs] 173097K->172442K(524224K), 0.0015869 secs] [Times: user=0.00 sys=0.00, real=0.00 secs] 
7.535: [GC (Allocation Failure) 7.535: [DefNew: 959K->63K(960K), 0.0010258 secs] 173344K->172814K(524224K), 0.0010817 secs] [Times: user=0.00 sys=0.00, real=0.00 secs] 
7.539: [GC (Allocation Failure) 7.539: [DefNew: 959K->64K(960K), 0.0009431 secs] 173721K->173129K(524224K), 0.0009853 secs] [Times: user=0.00 sys=0.00, real=0.00 secs] 
7.542: [GC (Allocation Failure) 7.542: [DefNew: 960K->64K(960K), 0.0008989 secs] 174045K->173426K(524224K), 0.0009391 secs] [Times: user=0.00 sys=0.00, real=0.00 secs] 
7.544: [GC (Allocation Failure) 7.544: [DefNew: 960K->64K(960K), 0.0008105 secs] 174348K->173705K(524224K), 0.0008413 secs] [Times: user=0.00 sys=0.00, real=0.00 secs] 
7.548: [GC (Allocation Failure) 7.548: [DefNew: 960K->64K(960K), 0.0007461 secs] 174637K->173983K(524224K), 0.0007761 secs] [Times: user=0.00 sys=0.00, real=0.00 secs] 
7.550: [GC (Allocation Failure) 7.550: [DefNew: 960K->63K(960K), 0.0009120 secs] 174883K->174328K(524224K), 0.0009551 secs] [Times: user=0.00 sys=0.00, real=0.00 secs] 
7.553: [GC (Allocation Failure) 7.553: [DefNew: 959K->63K(960K), 0.0009748 secs] 175229K->174677K(524224K), 0.0010147 secs] [Times: user=0.00 sys=0.00, real=0.00 secs] 
7.556: [GC (Allocation Failure) 7.556: [DefNew: 959K->63K(960K), 0.0009092 secs] 175588K->174960K(524224K), 0.0009454 secs] [Times: user=0.00 sys=0.00, real=0.00 secs] 
7.559: [GC (Allocation Failure) 7.559: [DefNew: 959K->64K(960K), 0.0007672 secs] 175876K->175238K(524224K), 0.0007920 secs] [Times: user=0.00 sys=0.00, real=0.00 secs] 
7.562: [GC (Allocation Failure) 7.562: [DefNew: 960K->63K(960K), 0.0009166 secs] 176162K->175511K(524224K), 0.0009599 secs] [Times: user=0.00 sys=0.00, real=0.00 secs] 
7.564: [GC (Allocation Failure) 7.564: [DefNew: 959K->64K(960K), 0.0009015 secs] 176419K->175847K(524224K), 0.0009346 secs] [Times: user=0.00 sys=0.00, real=0.00 secs] 
7.568: [GC (Allocation Failure) 7.568: [DefNew: 960K->63K(960K), 0.0008904 secs] 176761K->176151K(524224K), 0.0009329 secs] [Times: user=0.00 sys=0.00, real=0.00 secs] 
7.571: [GC (Allocation Failure) 7.571: [DefNew: 959K->63K(960K), 0.0007860 secs] 177086K->176428K(524224K), 0.0008100 secs] [Times: user=0.00 sys=0.00, real=0.00 secs] 
7.573: [GC (Allocation Failure) 7.573: [DefNew: 959K->63K(960K), 0.0006720 secs] 177369K->176698K(524224K), 0.0006939 secs] [Times: user=0.00 sys=0.00, real=0.00 secs] 
7.576: [GC (Allocation Failure) 7.576: [DefNew: 959K->63K(960K), 0.0007914 secs] 177627K->176996K(524224K), 0.0008251 secs] [Times: user=0.00 sys=0.00, real=0.00 secs] 
7.579: [GC (Allocation Failure) 7.579: [DefNew: 959K->63K(960K), 0.0008068 secs] 177931K->177280K(524224K), 0.0008425 secs] [Times: user=0.00 sys=0.00, real=0.00 secs] 
7.581: [GC (Allocation Failure) 7.581: [DefNew: 959K->63K(960K), 0.0007535 secs] 178211K->177568K(524224K), 0.0007869 secs] [Times: user=0.00 sys=0.00, real=0.00 secs] 
7.585: [GC (Allocation Failure) 7.585: [DefNew: 959K->64K(960K), 0.0007644 secs] 178503K->177850K(524224K), 0.0008000 secs] [Times: user=0.00 sys=0.00, real=0.00 secs] 
7.588: [GC (Allocation Failure) 7.588: [DefNew: 960K->63K(960K), 0.0006860 secs] 178793K->178124K(524224K), 0.0007110 secs] [Times: user=0.00 sys=0.00, real=0.00 secs] 
7.590: [GC (Allocation Failure) 7.590: [DefNew: 959K->63K(960K), 0.0007612 secs] 179067K->178393K(524224K), 0.0007912 secs] [Times: user=0.00 sys=0.00, real=0.00 secs] 
7.593: [GC (Allocation Failure) 7.593: [DefNew: 959K->64K(960K), 0.0007356 secs] 179327K->178688K(524224K), 0.0007615 secs] [Times: user=0.00 sys=0.00, real=0.00 secs] 
7.595: [GC (Allocation Failure) 7.595: [DefNew: 960K->64K(960K), 0.0008174 secs] 179614K->179002K(524224K), 0.0008570 secs] [Times: user=0.00 sys=0.00, real=0.00 secs] 
7.599: [GC (Allocation Failure) 7.599: [DefNew: 960K->64K(960K), 0.0008379 secs] 179934K->179292K(524224K), 0.0008713 secs] [Times: user=0.00 sys=0.00, real=0.00 secs] 
7.602: [GC (Allocation Failure) 7.602: [DefNew: 960K->63K(960K), 0.0007689 secs] 180225K->179579K(524224K), 0.0007963 secs] [Times: user=0.00 sys=0.00, real=0.00 secs] 
7.604: [GC (Allocation Failure) 7.604: [DefNew: 959K->63K(960K), 0.0007093 secs] 180520K->179851K(524224K), 0.0007361 secs] [Times: user=0.00 sys=0.00, real=0.00 secs] 
7.607: [GC (Allocation Failure) 7.607: [DefNew: 959K->63K(960K), 0.0007649 secs] 180775K->180159K(524224K), 0.0007994 secs] [Times: user=0.00 sys=0.00, real=0.00 secs] 
7.610: [GC (Allocation Failure) 7.610: [DefNew: 959K->63K(960K), 0.0006546 secs] 181107K->180422K(524224K), 0.0006777 secs] [Times: user=0.00 sys=0.00, real=0.00 secs] 
7.612: [GC (Allocation Failure) 7.612: [DefNew: 959K->63K(960K), 0.0008428 secs] 181346K->180720K(524224K), 0.0009004 secs] [Times: user=0.00 sys=0.00, real=0.00 secs] 
7.616: [GC (Allocation Failure) 7.616: [DefNew: 959K->64K(960K), 0.0009571 secs] 181640K->181027K(524224K), 0.0010016 secs] [Times: user=0.00 sys=0.00, real=0.00 secs] 
7.618: [GC (Allocation Failure) 7.618: [DefNew: 960K->63K(960K), 0.0009904 secs] 181942K->181365K(524224K), 0.0010483 secs] [Times: user=0.00 sys=0.00, real=0.00 secs] 
7.622: [GC (Allocation Failure) 7.622: [DefNew: 959K->64K(960K), 0.0009138 secs] 182296K->181659K(524224K), 0.0009554 secs] [Times: user=0.00 sys=0.00, real=0.00 secs] 
7.625: [GC (Allocation Failure) 7.625: [DefNew: 960K->64K(960K), 0.0008023 secs] 182591K->181944K(524224K), 0.0008302 secs] [Times: user=0.00 sys=0.00, real=0.00 secs] 
7.627: [GC (Allocation Failure) 7.627: [DefNew: 960K->63K(960K), 0.0008550 secs] 182872K->182247K(524224K), 0.0008915 secs] [Times: user=0.00 sys=0.00, real=0.00 secs] 
7.630: [GC (Allocation Failure) 7.630: [DefNew: 959K->63K(960K), 0.0008793 secs] 183171K->182550K(524224K), 0.0009229 secs] [Times: user=0.00 sys=0.00, real=0.00 secs] 
7.634: [GC (Allocation Failure) 7.634: [DefNew: 959K->64K(960K), 0.0009993 secs] 183459K->182942K(524224K), 0.0010463 secs] [Times: user=0.00 sys=0.00, real=0.00 secs] 
7.636: [GC (Allocation Failure) 7.636: [DefNew: 960K->63K(960K), 0.0009249 secs] 183876K->183231K(524224K), 0.0009574 secs] [Times: user=0.00 sys=0.00, real=0.00 secs] 
7.640: [GC (Allocation Failure) 7.640: [DefNew: 959K->63K(960K), 0.0008325 secs] 184166K->183513K(524224K), 0.0008659 secs] [Times: user=0.00 sys=0.00, real=0.00 secs] 
7.642: [GC (Allocation Failure) 7.642: [DefNew: 959K->63K(960K), 0.0008111 secs] 184446K->183802K(524224K), 0.0008373 secs] [Times: user=0.00 sys=0.00, real=0.00 secs] 
7.644: [GC (Allocation Failure) 7.644: [DefNew: 959K->63K(960K), 0.0008274 secs] 184724K->184115K(524224K), 0.0008564 secs] [Times: user=0.00 sys=0.00, real=0.00 secs] 
7.647: [GC (Allocation Failure) 7.647: [DefNew: 959K->63K(960K), 0.0009765 secs] 185033K->184440K(524224K), 0.0010204 secs] [Times: user=0.00 sys=0.00, real=0.00 secs] 
7.650: [GC (Allocation Failure) 7.650: [DefNew: 959K->63K(960K), 0.0011735 secs] 185356K->184928K(524224K), 0.0012162 secs] [Times: user=0.00 sys=0.00, real=0.00 secs] 
7.654: [GC (Allocation Failure) 7.654: [DefNew: 959K->63K(960K), 0.0009725 secs] 185862K->185211K(524224K), 0.0010019 secs] [Times: user=0.00 sys=0.00, real=0.00 secs] 
7.657: [GC (Allocation Failure) 7.657: [DefNew: 959K->63K(960K), 0.0009739 secs] 186142K->185502K(524224K), 0.0010224 secs] [Times: user=0.00 sys=0.00, real=0.00 secs] 
7.660: [GC (Allocation Failure) 7.660: [DefNew: 959K->63K(960K), 0.0008613 secs] 186425K->185806K(524224K), 0.0008975 secs] [Times: user=0.00 sys=0.00, real=0.00 secs] 
7.663: [GC (Allocation Failure) 7.663: [DefNew: 959K->63K(960K), 0.0008068 secs] 186736K->186099K(524224K), 0.0008354 secs] [Times: user=0.00 sys=0.00, real=0.00 secs] 
7.665: [GC (Allocation Failure) 7.665: [DefNew: 959K->63K(960K), 0.0008220 secs] 187031K->186386K(524224K), 0.0008564 secs] [Times: user=0.00 sys=0.00, real=0.00 secs] 
7.668: [GC (Allocation Failure) 7.668: [DefNew: 959K->63K(960K), 0.0007664 secs] 187319K->186674K(524224K), 0.0007949 secs] [Times: user=0.00 sys=0.00, real=0.00 secs] 
7.671: [GC (Allocation Failure) 7.671: [DefNew: 959K->64K(960K), 0.0006589 secs] 187618K->186939K(524224K), 0.0006854 secs] [Times: user=0.00 sys=0.00, real=0.00 secs] 
7.673: [GC (Allocation Failure) 7.673: [DefNew: 960K->63K(960K), 0.0007974 secs] 187866K->187247K(524224K), 0.0008274 secs] [Times: user=0.00 sys=0.00, real=0.00 secs] 
7.677: [GC (Allocation Failure) 7.677: [DefNew: 959K->64K(960K), 0.0011028 secs] 188157K->187604K(524224K), 0.0011490 secs] [Times: user=0.00 sys=0.00, real=0.00 secs] 
7.680: [GC (Allocation Failure) 7.680: [DefNew: 960K->63K(960K), 0.0009594 secs] 188525K->187913K(524224K), 0.0010033 secs] [Times: user=0.00 sys=0.00, real=0.00 secs] 
7.683: [GC (Allocation Failure) 7.683: [DefNew: 959K->63K(960K), 0.0008143 secs] 188842K->188204K(524224K), 0.0008433 secs] [Times: user=0.00 sys=0.00, real=0.00 secs] 
7.686: [GC (Allocation Failure) 7.686: [DefNew: 959K->63K(960K), 0.0007627 secs] 189138K->188497K(524224K), 0.0007895 secs] [Times: user=0.00 sys=0.00, real=0.00 secs] 
7.688: [GC (Allocation Failure) 7.688: [DefNew: 959K->63K(960K), 0.0007378 secs] 189438K->188761K(524224K), 0.0007629 secs] [Times: user=0.00 sys=0.00, real=0.00 secs] 
7.691: [GC (Allocation Failure) 7.691: [DefNew: 959K->64K(960K), 0.0008239 secs] 189680K->189082K(524224K), 0.0008616 secs] [Times: user=0.00 sys=0.00, real=0.00 secs] 
7.695: [GC (Allocation Failure) 7.695: [DefNew: 960K->63K(960K), 0.0008100 secs] 190010K->189383K(524224K), 0.0008391 secs] [Times: user=0.00 sys=0.00, real=0.00 secs] 
7.697: [GC (Allocation Failure) 7.697: [DefNew: 959K->63K(960K), 0.0007344 secs] 190320K->189659K(524224K), 0.0007635 secs] [Times: user=0.00 sys=0.00, real=0.00 secs] 
7.700: [GC (Allocation Failure) 7.700: [DefNew: 959K->63K(960K), 0.0007233 secs] 190596K->189934K(524224K), 0.0007473 secs] [Times: user=0.00 sys=0.00, real=0.00 secs] 
7.703: [GC (Allocation Failure) 7.703: [DefNew: 959K->63K(960K), 0.0007011 secs] 190877K->190200K(524224K), 0.0007244 secs] [Times: user=0.00 sys=0.00, real=0.00 secs] 
7.705: [GC (Allocation Failure) 7.705: [DefNew: 959K->63K(960K), 0.0007005 secs] 191140K->190467K(524224K), 0.0007296 secs] [Times: user=0.00 sys=0.00, real=0.00 secs] 
7.708: [GC (Allocation Failure) 7.708: [DefNew: 959K->63K(960K), 0.0007783 secs] 191383K->190794K(524224K), 0.0008068 secs] [Times: user=0.00 sys=0.00, real=0.00 secs] 
7.711: [GC (Allocation Failure) 7.711: [DefNew: 959K->63K(960K), 0.0009024 secs] 191722K->191095K(524224K), 0.0009351 secs] [Times: user=0.00 sys=0.00, real=0.00 secs] 
7.715: [GC (Allocation Failure) 7.715: [DefNew: 959K->63K(960K), 0.0009870 secs] 192009K->191415K(524224K), 0.0010418 secs] [Times: user=0.00 sys=0.00, real=0.00 secs] 
7.718: [GC (Allocation Failure) 7.718: [DefNew: 959K->63K(960K), 0.0009802 secs] 192323K->191846K(524224K), 0.0010306 secs] [Times: user=0.00 sys=0.00, real=0.00 secs] 
7.721: [GC (Allocation Failure) 7.721: [DefNew: 959K->63K(960K), 0.0010555 secs] 192775K->192148K(524224K), 0.0010937 secs] [Times: user=0.00 sys=0.00, real=0.00 secs] 
7.724: [GC (Allocation Failure) 7.724: [DefNew: 959K->63K(960K), 0.0008448 secs] 193071K->192449K(524224K), 0.0008750 secs] [Times: user=0.00 sys=0.00, real=0.00 secs] 
7.727: [GC (Allocation Failure) 7.727: [DefNew: 959K->64K(960K), 0.0008924 secs] 193378K->192744K(524224K), 0.0009277 secs] [Times: user=0.00 sys=0.00, real=0.00 secs] 
7.730: [GC (Allocation Failure) 7.730: [DefNew: 960K->63K(960K), 0.0008393 secs] 193670K->193050K(524224K), 0.0008750 secs] [Times: user=0.00 sys=0.00, real=0.00 secs] 
7.733: [GC (Allocation Failure) 7.733: [DefNew: 959K->64K(960K), 0.0014004 secs] 193979K->193351K(524224K), 0.0014412 secs] [Times: user=0.00 sys=0.00, real=0.00 secs] 
7.736: [GC (Allocation Failure) 7.736: [DefNew: 960K->64K(960K), 0.0008582 secs] 194280K->193642K(524224K), 0.0008850 secs] [Times: user=0.00 sys=0.00, real=0.00 secs] 
7.738: [GC (Allocation Failure) 7.738: [DefNew: 960K->63K(960K), 0.0008091 secs] 194571K->193934K(524224K), 0.0008408 secs] [Times: user=0.00 sys=0.00, real=0.00 secs] 
7.741: [GC (Allocation Failure) 7.741: [DefNew: 959K->63K(960K), 0.0008986 secs] 194846K->194272K(524224K), 0.0009366 secs] [Times: user=0.00 sys=0.00, real=0.00 secs] 
7.744: [GC (Allocation Failure) 7.744: [DefNew: 959K->64K(960K), 0.0008855 secs] 195198K->194569K(524224K), 0.0009209 secs] [Times: user=0.00 sys=0.00, real=0.00 secs] 
7.747: [GC (Allocation Failure) 7.747: [DefNew: 960K->64K(960K), 0.0008174 secs] 195498K->194854K(524224K), 0.0008473 secs] [Times: user=0.00 sys=0.00, real=0.00 secs] 
7.750: [GC (Allocation Failure) 7.750: [DefNew: 960K->63K(960K), 0.0009417 secs] 195790K->195136K(524224K), 0.0009839 secs] [Times: user=0.00 sys=0.00, real=0.00 secs] 
7.752: [GC (Allocation Failure) 7.752: [DefNew: 959K->63K(960K), 0.0008918 secs] 196058K->195442K(524224K), 0.0009274 secs] [Times: user=0.00 sys=0.00, real=0.00 secs] 
7.756: [GC (Allocation Failure) 7.756: [DefNew: 959K->63K(960K), 0.0008784 secs] 196367K->195737K(524224K), 0.0009078 secs] [Times: user=0.00 sys=0.00, real=0.00 secs] 
7.758: [GC (Allocation Failure) 7.758: [DefNew: 959K->63K(960K), 0.0007969 secs] 196673K->196015K(524224K), 0.0008228 secs] [Times: user=0.00 sys=0.00, real=0.00 secs] 
7.761: [GC (Allocation Failure) 7.761: [DefNew: 959K->63K(960K), 0.0007373 secs] 196955K->196293K(524224K), 0.0007618 secs] [Times: user=0.00 sys=0.00, real=0.00 secs] 
7.764: [GC (Allocation Failure) 7.764: [DefNew: 959K->64K(960K), 0.0006586 secs] 197236K->196556K(524224K), 0.0006842 secs] [Times: user=0.00 sys=0.00, real=0.00 secs] 
7.766: [GC (Allocation Failure) 7.766: [DefNew: 960K->63K(960K), 0.0007532 secs] 197493K->196830K(524224K), 0.0007823 secs] [Times: user=0.00 sys=0.00, real=0.00 secs] 
7.769: [GC (Allocation Failure) 7.769: [DefNew: 959K->63K(960K), 0.0006814 secs] 197775K->197100K(524224K), 0.0007051 secs] [Times: user=0.00 sys=0.00, real=0.00 secs] 
7.773: [GC (Allocation Failure) 7.773: [DefNew: 959K->63K(960K), 0.0007903 secs] 198022K->197408K(524224K), 0.0008282 secs] [Times: user=0.00 sys=0.00, real=0.00 secs] 
7.775: [GC (Allocation Failure) 7.775: [DefNew: 959K->63K(960K), 0.0006905 secs] 198345K->197684K(524224K), 0.0007199 secs] [Times: user=0.00 sys=0.00, real=0.00 secs] 
7.778: [GC (Allocation Failure) 7.778: [DefNew: 959K->63K(960K), 0.0007071 secs] 198621K->197960K(524224K), 0.0007319 secs] [Times: user=0.00 sys=0.00, real=0.00 secs] 
7.781: [GC (Allocation Failure) 7.781: [DefNew: 959K->63K(960K), 0.0007142 secs] 198896K->198241K(524224K), 0.0007421 secs] [Times: user=0.00 sys=0.00, real=0.00 secs] 
7.783: [GC (Allocation Failure) 7.783: [DefNew: 959K->63K(960K), 0.0008604 secs] 199174K->198533K(524224K), 0.0008975 secs] [Times: user=0.00 sys=0.00, real=0.00 secs] 
7.786: [GC (Allocation Failure) 7.786: [DefNew: 959K->63K(960K), 0.0007991 secs] 199458K->198829K(524224K), 0.0008371 secs] [Times: user=0.00 sys=0.00, real=0.00 secs] 
7.789: [GC (Allocation Failure) 7.789: [DefNew: 959K->64K(960K), 0.0007085 secs] 199764K->199104K(524224K), 0.0007319 secs] [Times: user=0.00 sys=0.00, real=0.00 secs] 
7.791: [GC (Allocation Failure) 7.791: [DefNew: 960K->64K(960K), 0.0006791 secs] 200043K->199377K(524224K), 0.0007019 secs] [Times: user=0.00 sys=0.00, real=0.00 secs] 
7.795: [GC (Allocation Failure) 7.795: [DefNew: 960K->63K(960K), 0.0007783 secs] 200310K->199663K(524224K), 0.0008105 secs] [Times: user=0.00 sys=0.00, real=0.00 secs] 
7.797: [GC (Allocation Failure) 7.797: [DefNew: 959K->63K(960K), 0.0006697 secs] 200611K->199924K(524224K), 0.0006945 secs] [Times: user=0.00 sys=0.00, real=0.00 secs] 
7.800: [GC (Allocation Failure) 7.800: [DefNew: 959K->63K(960K), 0.0007068 secs] 200864K->200199K(524224K), 0.0007290 secs] [Times: user=0.00 sys=0.00, real=0.00 secs] 
7.803: [GC (Allocation Failure) 7.803: [DefNew: 959K->63K(960K), 0.0007259 secs] 201133K->200480K(524224K), 0.0007481 secs] [Times: user=0.00 sys=0.00, real=0.00 secs] 
7.805: [GC (Allocation Failure) 7.805: [DefNew: 959K->63K(960K), 0.0008545 secs] 201398K->200801K(524224K), 0.0008887 secs] [Times: user=0.00 sys=0.00, real=0.00 secs] 
7.808: [GC (Allocation Failure) 7.808: [DefNew: 959K->63K(960K), 0.0008297 secs] 201735K->201087K(524224K), 0.0008624 secs] [Times: user=0.00 sys=0.00, real=0.00 secs] 
7.811: [GC (Allocation Failure) 7.811: [DefNew: 959K->63K(960K), 0.0007473 secs] 202017K->201376K(524224K), 0.0007741 secs] [Times: user=0.00 sys=0.00, real=0.00 secs] 
7.814: [GC (Allocation Failure) 7.814: [DefNew: 959K->63K(960K), 0.0009232 secs] 202296K->201698K(524224K), 0.0009645 secs] [Times: user=0.00 sys=0.00, real=0.00 secs] 
7.817: [GC (Allocation Failure) 7.817: [DefNew: 959K->63K(960K), 0.0008641 secs] 202619K->202011K(524224K), 0.0009015 secs] [Times: user=0.00 sys=0.00, real=0.00 secs] 
7.820: [GC (Allocation Failure) 7.820: [DefNew: 959K->63K(960K), 0.0008009 secs] 202946K->202294K(524224K), 0.0008277 secs] [Times: user=0.00 sys=0.00, real=0.00 secs] 
7.822: [GC (Allocation Failure) 7.822: [DefNew: 959K->63K(960K), 0.0008285 secs] 203222K->202607K(524224K), 0.0008673 secs] [Times: user=0.00 sys=0.00, real=0.00 secs] 
7.826: [GC (Allocation Failure) 7.826: [DefNew: 959K->64K(960K), 0.0008148 secs] 203531K->202910K(524224K), 0.0008459 secs] [Times: user=0.00 sys=0.00, real=0.00 secs] 
7.828: [GC (Allocation Failure) 7.828: [DefNew: 960K->63K(960K), 0.0007247 secs] 203846K->203186K(524224K), 0.0007467 secs] [Times: user=0.00 sys=0.00, real=0.00 secs] 
7.831: [GC (Allocation Failure) 7.831: [DefNew: 959K->63K(960K), 0.0009671 secs] 204118K->203490K(524224K), 0.0010135 secs] [Times: user=0.00 sys=0.00, real=0.00 secs] 
7.834: [GC (Allocation Failure) 7.834: [DefNew: 959K->63K(960K), 0.0008787 secs] 204411K->203800K(524224K), 0.0009152 secs] [Times: user=0.00 sys=0.00, real=0.00 secs] 
7.837: [GC (Allocation Failure) 7.837: [DefNew: 959K->63K(960K), 0.0007957 secs] 204734K->204088K(524224K), 0.0008308 secs] [Times: user=0.00 sys=0.00, real=0.00 secs] 
7.840: [GC (Allocation Failure) 7.840: [DefNew: 959K->64K(960K), 0.0007096 secs] 205023K->204367K(524224K), 0.0007339 secs] [Times: user=0.00 sys=0.00, real=0.00 secs] 
7.843: [GC (Allocation Failure) 7.843: [DefNew: 960K->63K(960K), 0.0006817 secs] 205308K->204638K(524224K), 0.0007068 secs] [Times: user=0.00 sys=0.00, real=0.00 secs] 
7.845: [GC (Allocation Failure) 7.845: [DefNew: 959K->64K(960K), 0.0006911 secs] 205577K->204909K(524224K), 0.0007125 secs] [Times: user=0.00 sys=0.00, real=0.00 secs] 
7.848: [GC (Allocation Failure) 7.848: [DefNew: 960K->64K(960K), 0.0006934 secs] 205843K->205189K(524224K), 0.0007170 secs] [Times: user=0.00 sys=0.00, real=0.00 secs] 
7.850: [GC (Allocation Failure) 7.850: [DefNew: 960K->63K(960K), 0.0010101 secs] 206102K->205580K(524224K), 0.0010612 secs] [Times: user=0.00 sys=0.00, real=0.00 secs] 
7.854: [GC (Allocation Failure) 7.854: [DefNew: 959K->63K(960K), 0.0010249 secs] 206503K->205888K(524224K), 0.0010649 secs] [Times: user=0.00 sys=0.00, real=0.00 secs] 
7.857: [GC (Allocation Failure) 7.857: [DefNew: 959K->63K(960K), 0.0008408 secs] 206822K->206177K(524224K), 0.0008710 secs] [Times: user=0.00 sys=0.00, real=0.00 secs] 
7.860: [GC (Allocation Failure) 7.860: [DefNew: 959K->64K(960K), 0.0008502 secs] 207103K->206480K(524224K), 0.0008870 secs] [Times: user=0.00 sys=0.00, real=0.00 secs] 
7.863: [GC (Allocation Failure) 7.863: [DefNew: 960K->63K(960K), 0.0008736 secs] 207409K->206775K(524224K), 0.0009098 secs] [Times: user=0.00 sys=0.00, real=0.00 secs] 
7.866: [GC (Allocation Failure) 7.866: [DefNew: 959K->63K(960K), 0.0008564 secs] 207704K->207068K(524224K), 0.0008838 secs] [Times: user=0.00 sys=0.00, real=0.00 secs] 
7.868: [GC (Allocation Failure) 7.868: [DefNew: 959K->63K(960K), 0.0008202 secs] 208000K->207354K(524224K), 0.0008450 secs] [Times: user=0.00 sys=0.00, real=0.00 secs] 
7.872: [GC (Allocation Failure) 7.872: [DefNew: 959K->63K(960K), 0.0007116 secs] 208293K->207626K(524224K), 0.0007333 secs] [Times: user=0.00 sys=0.00, real=0.00 secs] 
7.875: [GC (Allocation Failure) 7.875: [DefNew: 959K->64K(960K), 0.0007165 secs] 208563K->207903K(524224K), 0.0007381 secs] [Times: user=0.00 sys=0.00, real=0.00 secs] 
7.877: [GC (Allocation Failure) 7.877: [DefNew: 960K->63K(960K), 0.0008550 secs] 208830K->208195K(524224K), 0.0008921 secs] [Times: user=0.00 sys=0.00, real=0.00 secs] 
7.880: [GC (Allocation Failure) 7.880: [DefNew: 959K->64K(960K), 0.0008684 secs] 209113K->208505K(524224K), 0.0008986 secs] [Times: user=0.00 sys=0.00, real=0.00 secs] 
7.882: [GC (Allocation Failure) 7.882: [DefNew: 960K->64K(960K), 0.0009052 secs] 209426K->208810K(524224K), 0.0009408 secs] [Times: user=0.00 sys=0.00, real=0.00 secs] 
7.886: [GC (Allocation Failure) 7.886: [DefNew: 960K->63K(960K), 0.0008599 secs] 209738K->209106K(524224K), 0.0008898 secs] [Times: user=0.00 sys=0.00, real=0.00 secs] 
7.889: [GC (Allocation Failure) 7.889: [DefNew: 959K->64K(960K), 0.0007926 secs] 210035K->209397K(524224K), 0.0008185 secs] [Times: user=0.00 sys=0.00, real=0.00 secs] 
7.891: [GC (Allocation Failure) 7.891: [DefNew: 960K->63K(960K), 0.0007569 secs] 210335K->209670K(524224K), 0.0007849 secs] [Times: user=0.00 sys=0.00, real=0.00 secs] 
7.894: [GC (Allocation Failure) 7.894: [DefNew: 959K->63K(960K), 0.0009100 secs] 210584K->210001K(524224K), 0.0009534 secs] [Times: user=0.00 sys=0.00, real=0.00 secs] 
7.897: [GC (Allocation Failure) 7.897: [DefNew: 959K->63K(960K), 0.0009745 secs] 210914K->210347K(524224K), 0.0010073 secs] [Times: user=0.00 sys=0.00, real=0.00 secs] 
7.900: [GC (Allocation Failure) 7.900: [DefNew: 959K->63K(960K), 0.0008485 secs] 211282K->210630K(524224K), 0.0008750 secs] [Times: user=0.00 sys=0.00, real=0.00 secs] 
7.903: [GC (Allocation Failure) 7.903: [DefNew: 959K->63K(960K), 0.0008761 secs] 211551K->210950K(524224K), 0.0009109 secs] [Times: user=0.00 sys=0.00, real=0.00 secs] 
7.906: [GC (Allocation Failure) 7.906: [DefNew: 959K->63K(960K), 0.0008744 secs] 211870K->211261K(524224K), 0.0009106 secs] [Times: user=0.00 sys=0.00, real=0.00 secs] 
7.909: [GC (Allocation Failure) 7.909: [DefNew: 959K->63K(960K), 0.0008670 secs] 212176K->211592K(524224K), 0.0008975 secs] [Times: user=0.00 sys=0.00, real=0.00 secs] 
7.912: [GC (Allocation Failure) 7.912: [DefNew: 959K->64K(960K), 0.0008345 secs] 212526K->211878K(524224K), 0.0008641 secs] [Times: user=0.00 sys=0.00, real=0.00 secs] 
7.914: [GC (Allocation Failure) 7.915: [DefNew: 960K->63K(960K), 0.0012137 secs] 212799K->212219K(524224K), 0.0012744 secs] [Times: user=0.00 sys=0.00, real=0.00 secs] 
7.918: [GC (Allocation Failure) 7.918: [DefNew: 959K->64K(960K), 0.0010358 secs] 213130K->212594K(524224K), 0.0010899 secs] [Times: user=0.00 sys=0.00, real=0.00 secs] 
7.921: [GC (Allocation Failure) 7.921: [DefNew: 960K->63K(960K), 0.0008807 secs] 213532K->212869K(524224K), 0.0009078 secs] [Times: user=0.00 sys=0.00, real=0.00 secs] 
7.923: [GC (Allocation Failure) 7.923: [DefNew: 959K->63K(960K), 0.0009910 secs] 213778K->213220K(524224K), 0.0010287 secs] [Times: user=0.00 sys=0.00, real=0.00 secs] 
7.926: [GC (Allocation Failure) 7.926: [DefNew: 959K->64K(960K), 0.0009346 secs] 214142K->213528K(524224K), 0.0009708 secs] [Times: user=0.00 sys=0.00, real=0.00 secs] 
7.929: [GC (Allocation Failure) 7.929: [DefNew: 960K->63K(960K), 0.0008630 secs] 214459K->213816K(524224K), 0.0008935 secs] [Times: user=0.00 sys=0.00, real=0.00 secs] 
7.932: [GC (Allocation Failure) 7.932: [DefNew: 959K->63K(960K), 0.0008633 secs] 214746K->214102K(524224K), 0.0008969 secs] [Times: user=0.00 sys=0.00, real=0.00 secs] 
7.936: [GC (Allocation Failure) 7.936: [DefNew: 959K->64K(960K), 0.0009286 secs] 215021K->214418K(524224K), 0.0009665 secs] [Times: user=0.00 sys=0.00, real=0.00 secs] 
7.938: [GC (Allocation Failure) 7.938: [DefNew: 960K->63K(960K), 0.0009477 secs] 215344K->214714K(524224K), 0.0009904 secs] [Times: user=0.00 sys=0.00, real=0.00 secs] 
7.941: [GC (Allocation Failure) 7.941: [DefNew: 959K->64K(960K), 0.0009671 secs] 215625K->215047K(524224K), 0.0010101 secs] [Times: user=0.00 sys=0.00, real=0.00 secs] 
7.944: [GC (Allocation Failure) 7.944: [DefNew: 960K->63K(960K), 0.0008425 secs] 215980K->215329K(524224K), 0.0008698 secs] [Times: user=0.00 sys=0.00, real=0.00 secs] 
7.947: [GC (Allocation Failure) 7.947: [DefNew: 959K->63K(960K), 0.0009012 secs] 216254K->215649K(524224K), 0.0009420 secs] [Times: user=0.00 sys=0.00, real=0.00 secs] 
7.950: [GC (Allocation Failure) 7.950: [DefNew: 959K->63K(960K), 0.0009006 secs] 216576K->215943K(524224K), 0.0009326 secs] [Times: user=0.00 sys=0.00, real=0.00 secs] 
7.953: [GC (Allocation Failure) 7.953: [DefNew: 959K->64K(960K), 0.0008151 secs] 216872K->216229K(524224K), 0.0008399 secs] [Times: user=0.00 sys=0.00, real=0.00 secs] 
7.956: [GC (Allocation Failure) 7.956: [DefNew: 960K->64K(960K), 0.0007655 secs] 217163K->216507K(524224K), 0.0007940 secs] [Times: user=0.00 sys=0.00, real=0.00 secs] 
7.959: [GC (Allocation Failure) 7.959: [DefNew: 960K->63K(960K), 0.0007780 secs] 217442K->216785K(524224K), 0.0008063 secs] [Times: user=0.00 sys=0.00, real=0.00 secs] 
7.961: [GC (Allocation Failure) 7.961: [DefNew: 959K->63K(960K), 0.0008493 secs] 217718K->217072K(524224K), 0.0008818 secs] [Times: user=0.00 sys=0.00, real=0.00 secs] 
7.964: [GC (Allocation Failure) 7.964: [DefNew: 959K->63K(960K), 0.0008368 secs] 217997K->217372K(524224K), 0.0008747 secs] [Times: user=0.00 sys=0.00, real=0.00 secs] 
7.966: [GC (Allocation Failure) 7.966: [DefNew: 959K->63K(960K), 0.0010438 secs] 218290K->217696K(524224K), 0.0011014 secs] [Times: user=0.00 sys=0.00, real=0.00 secs] 
7.970: [GC (Allocation Failure) 7.970: [DefNew: 959K->64K(960K), 0.0010803 secs] 218600K->218077K(524224K), 0.0011284 secs] [Times: user=0.00 sys=0.00, real=0.00 secs] 
7.974: [GC (Allocation Failure) 7.974: [DefNew: 960K->63K(960K), 0.0009551 secs] 218999K->218377K(524224K), 0.0009939 secs] [Times: user=0.00 sys=0.00, real=0.00 secs] 
7.976: [GC (Allocation Failure) 7.976: [DefNew: 959K->64K(960K), 0.0008228 secs] 219308K->218660K(524224K), 0.0008493 secs] [Times: user=0.00 sys=0.00, real=0.00 secs] 
7.979: [GC (Allocation Failure) 7.979: [DefNew: 960K->63K(960K), 0.0007547 secs] 219591K->218949K(524224K), 0.0007800 secs] [Times: user=0.00 sys=0.00, real=0.00 secs] 
7.981: [GC (Allocation Failure) 7.981: [DefNew: 959K->64K(960K), 0.0007219 secs] 219890K->219218K(524224K), 0.0007538 secs] [Times: user=0.00 sys=0.00, real=0.00 secs] 
7.986: [GC (Allocation Failure) 7.986: [DefNew: 960K->63K(960K), 0.0010038 secs] 220133K->219649K(524224K), 0.0010497 secs] [Times: user=0.00 sys=0.00, real=0.00 secs] 
7.989: [GC (Allocation Failure) 7.989: [DefNew: 959K->63K(960K), 0.0009659 secs] 220576K->219944K(524224K), 0.0009924 secs] [Times: user=0.00 sys=0.00, real=0.00 secs] 
7.991: [GC (Allocation Failure) 7.991: [DefNew: 959K->63K(960K), 0.0009882 secs] 220866K->220252K(524224K), 0.0010318 secs] [Times: user=0.00 sys=0.00, real=0.00 secs] 
7.995: [GC (Allocation Failure) 7.995: [DefNew: 959K->63K(960K), 0.0008989 secs] 221170K->220565K(524224K), 0.0009286 secs] [Times: user=0.00 sys=0.00, real=0.00 secs] 
7.998: [GC (Allocation Failure) 7.998: [DefNew: 959K->63K(960K), 0.0009095 secs] 221484K->220895K(524224K), 0.0009394 secs] [Times: user=0.00 sys=0.00, real=0.00 secs] 
8.001: [GC (Allocation Failure) 8.001: [DefNew: 959K->63K(960K), 0.0010153 secs] 221819K->221212K(524224K), 0.0010626 secs] [Times: user=0.00 sys=0.00, real=0.00 secs] 
8.004: [GC (Allocation Failure) 8.004: [DefNew: 959K->63K(960K), 0.0009414 secs] 222127K->221537K(524224K), 0.0009788 secs] [Times: user=0.00 sys=0.00, real=0.00 secs] 
8.006: [GC (Allocation Failure) 8.006: [DefNew: 959K->63K(960K), 0.0008379 secs] 222469K->221825K(524224K), 0.0008659 secs] [Times: user=0.00 sys=0.00, real=0.00 secs] 
8.010: [GC (Allocation Failure) 8.010: [DefNew: 959K->64K(960K), 0.0008676 secs] 222741K->222146K(524224K), 0.0009001 secs] [Times: user=0.00 sys=0.00, real=0.00 secs] 
8.013: [GC (Allocation Failure) 8.013: [DefNew: 960K->64K(960K), 0.0008131 secs] 223078K->222428K(524224K), 0.0008385 secs] [Times: user=0.00 sys=0.00, real=0.00 secs] 
8.015: [GC (Allocation Failure) 8.015: [DefNew: 960K->63K(960K), 0.0007886 secs] 223360K->222719K(524224K), 0.0008228 secs] [Times: user=0.00 sys=0.00, real=0.00 secs] 
8.020: [GC (Allocation Failure) 8.020: [DefNew: 959K->63K(960K), 0.0008892 secs] 223634K->223039K(524224K), 0.0009306 secs] [Times: user=0.00 sys=0.00, real=0.00 secs] 
8.022: [GC (Allocation Failure) 8.022: [DefNew: 959K->63K(960K), 0.0008764 secs] 223965K->223343K(524224K), 0.0009024 secs] [Times: user=0.00 sys=0.00, real=0.00 secs] 
8.025: [GC (Allocation Failure) 8.025: [DefNew: 959K->64K(960K), 0.0008436 secs] 224277K->223624K(524224K), 0.0008716 secs] [Times: user=0.00 sys=0.00, real=0.00 secs] 
8.028: [GC (Allocation Failure) 8.028: [DefNew: 960K->64K(960K), 0.0008693 secs] 224549K->223922K(524224K), 0.0009024 secs] [Times: user=0.00 sys=0.00, real=0.00 secs] 
8.031: [GC (Allocation Failure) 8.031: [DefNew: 960K->63K(960K), 0.0009197 secs] 224841K->224231K(524224K), 0.0009628 secs] [Times: user=0.00 sys=0.00, real=0.00 secs] 
8.034: [GC (Allocation Failure) 8.034: [DefNew: 959K->63K(960K), 0.0008753 secs] 225160K->224524K(524224K), 0.0009078 secs] [Times: user=0.00 sys=0.00, real=0.00 secs] 
8.037: [GC (Allocation Failure) 8.037: [DefNew: 959K->64K(960K), 0.0009944 secs] 225456K->224813K(524224K), 0.0010269 secs] [Times: user=0.00 sys=0.00, real=0.00 secs] 
8.040: [GC (Allocation Failure) 8.040: [DefNew: 960K->63K(960K), 0.0008630 secs] 225736K->225116K(524224K), 0.0008904 secs] [Times: user=0.00 sys=0.00, real=0.00 secs] 
8.043: [GC (Allocation Failure) 8.043: [DefNew: 959K->63K(960K), 0.0008408 secs] 226044K->225410K(524224K), 0.0008764 secs] [Times: user=0.00 sys=0.00, real=0.00 secs] 
8.046: [GC (Allocation Failure) 8.046: [DefNew: 959K->63K(960K), 0.0008368 secs] 226339K->225701K(524224K), 0.0008644 secs] [Times: user=0.00 sys=0.00, real=0.00 secs] 
8.048: [GC (Allocation Failure) 8.048: [DefNew: 959K->63K(960K), 0.0010247 secs] 226629K->226004K(524224K), 0.0010697 secs] [Times: user=0.00 sys=0.00, real=0.00 secs] 
8.052: [GC (Allocation Failure) 8.052: [DefNew: 959K->64K(960K), 0.0009537 secs] 226917K->226339K(524224K), 0.0009936 secs] [Times: user=0.00 sys=0.00, real=0.00 secs] 
8.054: [GC (Allocation Failure) 8.054: [DefNew: 960K->63K(960K), 0.0009175 secs] 227262K->226646K(524224K), 0.0009562 secs] [Times: user=0.00 sys=0.00, real=0.00 secs] 
8.058: [GC (Allocation Failure) 8.058: [DefNew: 959K->64K(960K), 0.0008701 secs] 227575K->226938K(524224K), 0.0008998 secs] [Times: user=0.00 sys=0.00, real=0.00 secs] 
8.061: [GC (Allocation Failure) 8.061: [DefNew: 960K->63K(960K), 0.0008299 secs] 227869K->227223K(524224K), 0.0008576 secs] [Times: user=0.00 sys=0.00, real=0.00 secs] 
8.063: [GC (Allocation Failure) 8.063: [DefNew: 959K->64K(960K), 0.0009810 secs] 228145K->227546K(524224K), 0.0010261 secs] [Times: user=0.00 sys=0.00, real=0.00 secs] 
8.067: [GC (Allocation Failure) 8.067: [DefNew: 960K->64K(960K), 0.0013454 secs] 228471K->227864K(524224K), 0.0014087 secs] [Times: user=0.00 sys=0.00, real=0.00 secs] 
8.071: [GC (Allocation Failure) 8.071: [DefNew: 960K->63K(960K), 0.0012100 secs] 228765K->228242K(524224K), 0.0012698 secs] [Times: user=0.00 sys=0.00, real=0.00 secs] 
8.074: [GC (Allocation Failure) 8.074: [DefNew: 959K->63K(960K), 0.0012744 secs] 229142K->228638K(524224K), 0.0013391 secs] [Times: user=0.00 sys=0.00, real=0.00 secs] 
8.078: [GC (Allocation Failure) 8.078: [DefNew: 959K->63K(960K), 0.0012550 secs] 229538K->228996K(524224K), 0.0013109 secs] [Times: user=0.00 sys=0.00, real=0.00 secs] 
8.081: [GC (Allocation Failure) 8.081: [DefNew: 959K->64K(960K), 0.0011721 secs] 229893K->229339K(524224K), 0.0012296 secs] [Times: user=0.00 sys=0.00, real=0.00 secs] 
8.085: [GC (Allocation Failure) 8.085: [DefNew: 960K->63K(960K), 0.0012775 secs] 230235K->229784K(524224K), 0.0013428 secs] [Times: user=0.00 sys=0.00, real=0.00 secs] 
8.088: [GC (Allocation Failure) 8.088: [DefNew: 959K->63K(960K), 0.0016650 secs] 230683K->230159K(524224K), 0.0017357 secs] [Times: user=0.00 sys=0.00, real=0.00 secs] 
8.092: [GC (Allocation Failure) 8.092: [DefNew: 959K->63K(960K), 0.0011641 secs] 231058K->230511K(524224K), 0.0012239 secs] [Times: user=0.00 sys=0.00, real=0.00 secs] 
8.095: [GC (Allocation Failure) 8.095: [DefNew: 959K->63K(960K), 0.0013109 secs] 231414K->230923K(524224K), 0.0013716 secs] [Times: user=0.00 sys=0.00, real=0.00 secs] 
8.099: [GC (Allocation Failure) 8.099: [DefNew: 959K->64K(960K), 0.0024174 secs] 231832K->231433K(524224K), 0.0024938 secs] [Times: user=0.00 sys=0.00, real=0.00 secs] 
8.104: [GC (Allocation Failure) 8.104: [DefNew: 960K->64K(960K), 0.0015005 secs] 232334K->231863K(524224K), 0.0015903 secs] [Times: user=0.00 sys=0.00, real=0.00 secs] 
8.108: [GC (Allocation Failure) 8.108: [DefNew: 960K->63K(960K), 0.0015552 secs] 232771K->232397K(524224K), 0.0016351 secs] [Times: user=0.00 sys=0.00, real=0.00 secs] 
8.112: [GC (Allocation Failure) 8.112: [DefNew: 959K->63K(960K), 0.0014278 secs] 233295K->232778K(524224K), 0.0015002 secs] [Times: user=0.00 sys=0.00, real=0.00 secs] 
8.115: [GC (Allocation Failure) 8.115: [DefNew: 959K->63K(960K), 0.0010594 secs] 233682K->233052K(524224K), 0.0010999 secs] [Times: user=0.00 sys=0.00, real=0.00 secs] 
8.119: [GC (Allocation Failure) 8.119: [DefNew: 959K->63K(960K), 0.0014583 secs] 233965K->233738K(524224K), 0.0015219 secs] [Times: user=0.00 sys=0.00, real=0.00 secs] 
8.123: [GC (Allocation Failure) 8.123: [DefNew: 959K->63K(960K), 0.0013334 secs] 234655K->233996K(524224K), 0.0013699 secs] [Times: user=0.00 sys=0.00, real=0.00 secs] 
8.126: [GC (Allocation Failure) 8.126: [DefNew: 959K->63K(960K), 0.0009808 secs] 234912K->234302K(524224K), 0.0010161 secs] [Times: user=0.00 sys=0.00, real=0.00 secs] 
8.129: [GC (Allocation Failure) 8.129: [DefNew: 959K->63K(960K), 0.0009200 secs] 235212K->234610K(524224K), 0.0009551 secs] [Times: user=0.00 sys=0.00, real=0.00 secs] 
8.132: [GC (Allocation Failure) 8.132: [DefNew: 959K->63K(960K), 0.0008542 secs] 235527K->234894K(524224K), 0.0008815 secs] [Times: user=0.00 sys=0.00, real=0.00 secs] 
8.136: [GC (Allocation Failure) 8.136: [DefNew: 959K->63K(960K), 0.0013477 secs] 235805K->235524K(524224K), 0.0013930 secs] [Times: user=0.00 sys=0.00, real=0.00 secs] 
8.139: [GC (Allocation Failure) 8.139: [DefNew: 959K->63K(960K), 0.0012516 secs] 236450K->235810K(524224K), 0.0012861 secs] [Times: user=0.00 sys=0.00, real=0.00 secs] 
8.142: [GC (Allocation Failure) 8.142: [DefNew: 959K->64K(960K), 0.0008066 secs] 236740K->236097K(524224K), 0.0008311 secs] [Times: user=0.00 sys=0.00, real=0.00 secs] 
8.145: [GC (Allocation Failure) 8.145: [DefNew: 960K->64K(960K), 0.0007247 secs] 237034K->236378K(524224K), 0.0007473 secs] [Times: user=0.00 sys=0.00, real=0.00 secs] 
8.147: [GC (Allocation Failure) 8.147: [DefNew: 960K->63K(960K), 0.0008499 secs] 237302K->236680K(524224K), 0.0008855 secs] [Times: user=0.00 sys=0.00, real=0.00 secs] 
8.151: [GC (Allocation Failure) 8.151: [DefNew: 959K->63K(960K), 0.0008502 secs] 237606K->236978K(524224K), 0.0008850 secs] [Times: user=0.00 sys=0.00, real=0.00 secs] 
8.154: [GC (Allocation Failure) 8.154: [DefNew: 959K->63K(960K), 0.0008279 secs] 237907K->237271K(524224K), 0.0008547 secs] [Times: user=0.00 sys=0.00, real=0.00 secs] 
8.156: [GC (Allocation Failure) 8.156: [DefNew: 959K->63K(960K), 0.0009577 secs] 238202K->237581K(524224K), 0.0009950 secs] [Times: user=0.00 sys=0.00, real=0.00 secs] 
8.159: [GC (Allocation Failure) 8.159: [DefNew: 959K->63K(960K), 0.0009217 secs] 238500K->237891K(524224K), 0.0009562 secs] [Times: user=0.00 sys=0.00, real=0.00 secs] 
8.163: [GC (Allocation Failure) 8.163: [DefNew: 959K->63K(960K), 0.0009277 secs] 238807K->238217K(524224K), 0.0009545 secs] [Times: user=0.00 sys=0.00, real=0.00 secs] 
8.165: [GC (Allocation Failure) 8.165: [DefNew: 959K->63K(960K), 0.0010660 secs] 239144K->238512K(524224K), 0.0011096 secs] [Times: user=0.00 sys=0.00, real=0.00 secs] 
8.169: [GC (Allocation Failure) 8.169: [DefNew: 959K->63K(960K), 0.0010287 secs] 239419K->238879K(524224K), 0.0010780 secs] [Times: user=0.00 sys=0.00, real=0.00 secs] 
8.171: [GC (Allocation Failure) 8.171: [DefNew: 959K->64K(960K), 0.0009491 secs] 239813K->239170K(524224K), 0.0009765 secs] [Times: user=0.00 sys=0.00, real=0.00 secs] 
8.175: [GC (Allocation Failure) 8.175: [DefNew: 960K->63K(960K), 0.0008334 secs] 240104K->239455K(524224K), 0.0008619 secs] [Times: user=0.00 sys=0.00, real=0.00 secs] 
8.178: [GC (Allocation Failure) 8.178: [DefNew: 959K->63K(960K), 0.0010363 secs] 240370K->239803K(524224K), 0.0010783 secs] [Times: user=0.00 sys=0.00, real=0.00 secs] 
8.180: [GC (Allocation Failure) 8.180: [DefNew: 959K->63K(960K), 0.0009694 secs] 240721K->240122K(524224K), 0.0010093 secs] [Times: user=0.00 sys=0.00, real=0.00 secs] 
8.184: [GC (Allocation Failure) 8.184: [DefNew: 959K->63K(960K), 0.0015661 secs] 241052K->240529K(524224K), 0.0016391 secs] [Times: user=0.00 sys=0.00, real=0.00 secs] 
